Archive member included to satisfy reference by file (symbol)

/usr/lib/gcc/arm-none-eabi/12.2.0/thumb/v6-m/nofp/libgcc.a(_dvmd_tls.o)
                              src/CMakeFiles/ubc-pico.dir/usr/share/pico-sdk/src/rp2_common/pico_divider/divider.S.obj (__aeabi_idiv0)
/usr/lib/gcc/arm-none-eabi/12.2.0/../../../../arm-none-eabi/lib/thumb/v6-m/nofp/libg.a(lib_a-atexit.o)
                              /usr/lib/gcc/arm-none-eabi/12.2.0/../../../../arm-none-eabi/lib/thumb/v6-m/nofp/crt0.o (atexit)
/usr/lib/gcc/arm-none-eabi/12.2.0/../../../../arm-none-eabi/lib/thumb/v6-m/nofp/libg.a(lib_a-calloc.o)
                              src/CMakeFiles/ubc-pico.dir/usr/share/pico-sdk/src/rp2_common/pico_malloc/pico_malloc.c.obj (calloc)
/usr/lib/gcc/arm-none-eabi/12.2.0/../../../../arm-none-eabi/lib/thumb/v6-m/nofp/libg.a(lib_a-callocr.o)
                              /usr/lib/gcc/arm-none-eabi/12.2.0/../../../../arm-none-eabi/lib/thumb/v6-m/nofp/libg.a(lib_a-calloc.o) (_calloc_r)
/usr/lib/gcc/arm-none-eabi/12.2.0/../../../../arm-none-eabi/lib/thumb/v6-m/nofp/libg.a(lib_a-ctype_.o)
                              src/CMakeFiles/ubc-pico.dir/usr/share/pico-sdk/lib/tinyusb/src/tusb.c.obj (_ctype_)
/usr/lib/gcc/arm-none-eabi/12.2.0/../../../../arm-none-eabi/lib/thumb/v6-m/nofp/libg.a(lib_a-errno.o)
                              /usr/lib/gcc/arm-none-eabi/12.2.0/../../../../arm-none-eabi/lib/thumb/v6-m/nofp/libg.a(lib_a-callocr.o) (__errno)
/usr/lib/gcc/arm-none-eabi/12.2.0/../../../../arm-none-eabi/lib/thumb/v6-m/nofp/libg.a(lib_a-fini.o)
                              /usr/lib/gcc/arm-none-eabi/12.2.0/../../../../arm-none-eabi/lib/thumb/v6-m/nofp/crt0.o (__libc_fini_array)
/usr/lib/gcc/arm-none-eabi/12.2.0/../../../../arm-none-eabi/lib/thumb/v6-m/nofp/libg.a(lib_a-impure.o)
                              /usr/lib/gcc/arm-none-eabi/12.2.0/../../../../arm-none-eabi/lib/thumb/v6-m/nofp/libg.a(lib_a-calloc.o) (_impure_ptr)
/usr/lib/gcc/arm-none-eabi/12.2.0/../../../../arm-none-eabi/lib/thumb/v6-m/nofp/libg.a(lib_a-init.o)
                              /usr/lib/gcc/arm-none-eabi/12.2.0/../../../../arm-none-eabi/lib/thumb/v6-m/nofp/crt0.o (__libc_init_array)
/usr/lib/gcc/arm-none-eabi/12.2.0/../../../../arm-none-eabi/lib/thumb/v6-m/nofp/libg.a(lib_a-malloc.o)
                              src/CMakeFiles/ubc-pico.dir/usr/share/pico-sdk/src/rp2_common/pico_malloc/pico_malloc.c.obj (malloc)
/usr/lib/gcc/arm-none-eabi/12.2.0/../../../../arm-none-eabi/lib/thumb/v6-m/nofp/libg.a(lib_a-mallocr.o)
                              /usr/lib/gcc/arm-none-eabi/12.2.0/../../../../arm-none-eabi/lib/thumb/v6-m/nofp/libg.a(lib_a-callocr.o) (_malloc_r)
/usr/lib/gcc/arm-none-eabi/12.2.0/../../../../arm-none-eabi/lib/thumb/v6-m/nofp/libg.a(lib_a-mlock.o)
                              /usr/lib/gcc/arm-none-eabi/12.2.0/../../../../arm-none-eabi/lib/thumb/v6-m/nofp/libg.a(lib_a-mallocr.o) (__malloc_lock)
/usr/lib/gcc/arm-none-eabi/12.2.0/../../../../arm-none-eabi/lib/thumb/v6-m/nofp/libg.a(lib_a-realloc.o)
                              src/CMakeFiles/ubc-pico.dir/usr/share/pico-sdk/src/rp2_common/pico_malloc/pico_malloc.c.obj (realloc)
/usr/lib/gcc/arm-none-eabi/12.2.0/../../../../arm-none-eabi/lib/thumb/v6-m/nofp/libg.a(lib_a-reallocr.o)
                              /usr/lib/gcc/arm-none-eabi/12.2.0/../../../../arm-none-eabi/lib/thumb/v6-m/nofp/libg.a(lib_a-realloc.o) (_realloc_r)
/usr/lib/gcc/arm-none-eabi/12.2.0/../../../../arm-none-eabi/lib/thumb/v6-m/nofp/libg.a(lib_a-sbrkr.o)
                              /usr/lib/gcc/arm-none-eabi/12.2.0/../../../../arm-none-eabi/lib/thumb/v6-m/nofp/libg.a(lib_a-mallocr.o) (_sbrk_r)
/usr/lib/gcc/arm-none-eabi/12.2.0/../../../../arm-none-eabi/lib/thumb/v6-m/nofp/libg.a(lib_a-strlen-stub.o)
                              src/CMakeFiles/ubc-pico.dir/usr/share/pico-sdk/src/rp2_common/pico_stdio/stdio.c.obj (strlen)
/usr/lib/gcc/arm-none-eabi/12.2.0/../../../../arm-none-eabi/lib/thumb/v6-m/nofp/libg.a(lib_a-__atexit.o)
                              /usr/lib/gcc/arm-none-eabi/12.2.0/../../../../arm-none-eabi/lib/thumb/v6-m/nofp/libg.a(lib_a-atexit.o) (__register_exitproc)
/usr/lib/gcc/arm-none-eabi/12.2.0/../../../../arm-none-eabi/lib/thumb/v6-m/nofp/libg.a(lib_a-__call_atexit.o)
                              /usr/lib/gcc/arm-none-eabi/12.2.0/../../../../arm-none-eabi/lib/thumb/v6-m/nofp/libg.a(lib_a-__atexit.o) (__atexit_recursive_mutex)
/usr/lib/gcc/arm-none-eabi/12.2.0/../../../../arm-none-eabi/lib/thumb/v6-m/nofp/libg.a(lib_a-freer.o)
                              /usr/lib/gcc/arm-none-eabi/12.2.0/../../../../arm-none-eabi/lib/thumb/v6-m/nofp/libg.a(lib_a-malloc.o) (_free_r)
/usr/lib/gcc/arm-none-eabi/12.2.0/../../../../arm-none-eabi/lib/thumb/v6-m/nofp/libg.a(lib_a-lock.o)
                              /usr/lib/gcc/arm-none-eabi/12.2.0/../../../../arm-none-eabi/lib/thumb/v6-m/nofp/libg.a(lib_a-mlock.o) (__retarget_lock_acquire_recursive)
[...]
Memory Configuration

Name             Origin             Length             Attributes
FLASH            0x0000000010000000 0x0000000000200000 xr
RAM              0x0000000020000000 0x0000000000040000 xrw
SCRATCH_X        0x0000000020040000 0x0000000000001000 xrw
SCRATCH_Y        0x0000000020041000 0x0000000000001000 xrw
*default*        0x0000000000000000 0xffffffffffffffff

Linker script and memory map

LOAD /usr/lib/gcc/arm-none-eabi/12.2.0/thumb/v6-m/nofp/crti.o
LOAD /usr/lib/gcc/arm-none-eabi/12.2.0/thumb/v6-m/nofp/crtbegin.o
LOAD /usr/lib/gcc/arm-none-eabi/12.2.0/../../../../arm-none-eabi/lib/thumb/v6-m/nofp/crt0.o

.flash_begin    0x0000000010000000        0x0
                0x0000000010000000                __flash_binary_start = .

.boot2          0x0000000010000000      0x100
                0x0000000010000000                __boot2_start__ = .
 *(.boot2)
 .boot2         0x0000000010000000      0x100 /tmp/ccqHH6L0.o
                0x0000000010000100                __boot2_end__ = .
                0x0000000000000001                ASSERT (((__boot2_end__ - __boot2_start__) == 0x100), ERROR: Pico second stage bootloader must be 256 bytes in size)

.text           0x0000000010000100     0x7548
                0x0000000010000100                __logical_binary_start = .
 *(.vectors)
 .vectors       0x0000000010000100       0xd4 src/CMakeFiles/ubc-pico.dir/usr/share/pico-sdk/src/rp2_common/pico_standard_link/crt0.S.obj
                0x0000000010000100                __vectors
                0x0000000010000100                __VECTOR_TABLE
                0x00000000100001c0                isr_invalid
                0x00000000100001c0                __default_isrs_start
                0x00000000100001c2                isr_nmi
                0x00000000100001c4                isr_hardfault
                0x00000000100001c6                isr_svcall
                0x00000000100001c8                isr_pendsv
                0x00000000100001ca                isr_systick
                0x00000000100001cc                isr_irq30
                0x00000000100001cc                __unhandled_user_irq
                0x00000000100001cc                isr_irq13
                0x00000000100001cc                isr_irq27
                0x00000000100001cc                isr_irq31
                0x00000000100001cc                isr_irq5
                0x00000000100001cc                isr_irq11
                0x00000000100001cc                isr_irq23
                0x00000000100001cc                isr_irq18
                0x00000000100001cc                isr_irq28
                0x00000000100001cc                isr_irq19
                0x00000000100001cc                isr_irq0
                0x00000000100001cc                isr_irq6
                0x00000000100001cc                isr_irq22
                0x00000000100001cc                isr_irq17
                0x00000000100001cc                isr_irq14
                0x00000000100001cc                isr_irq2
                0x00000000100001cc                isr_irq10
                0x00000000100001cc                isr_irq8
                0x00000000100001cc                isr_irq24
                0x00000000100001cc                isr_irq1
                0x00000000100001cc                isr_irq7
                0x00000000100001cc                isr_irq21
                0x00000000100001cc                isr_irq20
                0x00000000100001cc                isr_irq15
                0x00000000100001cc                isr_irq25
                0x00000000100001cc                isr_irq4
                0x00000000100001cc                isr_irq16
                0x00000000100001cc                isr_irq29
                0x00000000100001cc                isr_irq26
                0x00000000100001cc                __default_isrs_end
                0x00000000100001cc                isr_irq3
                0x00000000100001cc                isr_irq12
                0x00000000100001cc                isr_irq9
                0x00000000100001d2                unhandled_user_irq_num_in_r0
 *(.binary_info_header)
 .binary_info_header
                0x00000000100001d4       0x14 src/CMakeFiles/ubc-pico.dir/usr/share/pico-sdk/src/rp2_common/pico_standard_link/crt0.S.obj
                0x00000000100001e8                __binary_info_header_end = .
 *(.reset)
 .reset         0x00000000100001e8       0xa8 src/CMakeFiles/ubc-pico.dir/usr/share/pico-sdk/src/rp2_common/pico_standard_link/crt0.S.obj
                0x00000000100001e8                _entry_point
                0x0000000010000266                __get_current_exception
 .reset         0x0000000010000290       0x30 src/CMakeFiles/ubc-pico.dir/usr/share/pico-sdk/src/rp2_common/pico_standard_link/binary_info.c.obj
 *(.init)
 .init          0x00000000100002c0        0x4 /usr/lib/gcc/arm-none-eabi/12.2.0/thumb/v6-m/nofp/crti.o
                0x00000000100002c0                _init
 *(EXCLUDE_FILE(*libm.a: *libc.a:*lib_a-mem*.o *libgcc.a:) .text*)
 .text.frame_dummy
                0x00000000100002c4       0x20 /usr/lib/gcc/arm-none-eabi/12.2.0/thumb/v6-m/nofp/crtbegin.o
 .text.main     0x00000000100002e4       0x2e src/CMakeFiles/ubc-pico.dir/main.c.obj
                0x00000000100002e4                main
 *fill*         0x0000000010000312        0x2 
 .text.writeI2C
                0x0000000010000314       0x48 src/CMakeFiles/ubc-pico.dir/oled.c.obj
 .text.display  0x000000001000035c       0x54 src/CMakeFiles/ubc-pico.dir/oled.c.obj
 .text.initI2C  0x00000000100003b0       0x44 src/CMakeFiles/ubc-pico.dir/oled.c.obj
 .text.clear    0x00000000100003f4       0x38 src/CMakeFiles/ubc-pico.dir/oled.c.obj
                0x00000000100003f4                clear
 .text.powerOn  0x000000001000042c       0x14 src/CMakeFiles/ubc-pico.dir/oled.c.obj
                0x000000001000042c                powerOn
 .text.contrast
                0x0000000010000440       0x1c src/CMakeFiles/ubc-pico.dir/oled.c.obj
                0x0000000010000440                contrast
 .text.init     0x000000001000045c       0x30 src/CMakeFiles/ubc-pico.dir/oled.c.obj
 .text.invert   0x000000001000048c       0x2c src/CMakeFiles/ubc-pico.dir/oled.c.obj
                0x000000001000048c                invert
 .text.initOLED
                0x00000000100004b8       0x28 src/CMakeFiles/ubc-pico.dir/oled.c.obj
                0x00000000100004b8                initOLED
 .text.setPixel
                0x00000000100004e0       0x40 src/CMakeFiles/ubc-pico.dir/oled.c.obj
                0x00000000100004e0                setPixel
 .text.gpio_set_function
                0x0000000010000520       0x30 src/CMakeFiles/ubc-pico.dir/usr/share/pico-sdk/src/rp2_common/hardware_gpio/gpio.c.obj
                0x0000000010000520                gpio_set_function
 .text.gpio_set_pulls
                0x0000000010000550       0x34 src/CMakeFiles/ubc-pico.dir/usr/share/pico-sdk/src/rp2_common/hardware_gpio/gpio.c.obj
                0x0000000010000550                gpio_set_pulls
 .text.hw_claim_lock
                0x0000000010000584       0x18 src/CMakeFiles/ubc-pico.dir/usr/share/pico-sdk/src/rp2_common/hardware_claim/claim.c.obj
                0x0000000010000584                hw_claim_lock
 .text.hw_claim_unlock
                0x000000001000059c       0x14 src/CMakeFiles/ubc-pico.dir/usr/share/pico-sdk/src/rp2_common/hardware_claim/claim.c.obj
                0x000000001000059c                hw_claim_unlock
 .text.hw_claim_or_assert
                0x00000000100005b0       0x32 src/CMakeFiles/ubc-pico.dir/usr/share/pico-sdk/src/rp2_common/hardware_claim/claim.c.obj
                0x00000000100005b0                hw_claim_or_assert
 .text.hw_claim_unused_from_range
                0x00000000100005e2       0x50 src/CMakeFiles/ubc-pico.dir/usr/share/pico-sdk/src/rp2_common/hardware_claim/claim.c.obj
                0x00000000100005e2                hw_claim_unused_from_range
 *fill*         0x0000000010000632        0x2 
 .text.running_on_fpga
                0x0000000010000634       0x14 src/CMakeFiles/ubc-pico.dir/usr/share/pico-sdk/src/rp2_common/pico_platform/platform.c.obj
                0x0000000010000634                running_on_fpga
 .text.spin_locks_reset
                0x0000000010000648       0x20 src/CMakeFiles/ubc-pico.dir/usr/share/pico-sdk/src/rp2_common/hardware_sync/sync.c.obj
                0x0000000010000648                spin_locks_reset
 .text.next_striped_spin_lock_num
                0x0000000010000668       0x1c src/CMakeFiles/ubc-pico.dir/usr/share/pico-sdk/src/rp2_common/hardware_sync/sync.c.obj
                0x0000000010000668                next_striped_spin_lock_num
 .text.spin_lock_claim_unused
                0x0000000010000684       0x24 src/CMakeFiles/ubc-pico.dir/usr/share/pico-sdk/src/rp2_common/hardware_sync/sync.c.obj
                0x0000000010000684                spin_lock_claim_unused
 .text.set_raw_irq_handler_and_unlock
                0x00000000100006a8       0x28 src/CMakeFiles/ubc-pico.dir/usr/share/pico-sdk/src/rp2_common/hardware_irq/irq.c.obj
 .text.resolve_branch
                0x00000000100006d0       0x30 src/CMakeFiles/ubc-pico.dir/usr/share/pico-sdk/src/rp2_common/hardware_irq/irq.c.obj
 .text.make_branch
                0x0000000010000700       0x48 src/CMakeFiles/ubc-pico.dir/usr/share/pico-sdk/src/rp2_common/hardware_irq/irq.c.obj
 .text.insert_branch_and_link
                0x0000000010000748       0x40 src/CMakeFiles/ubc-pico.dir/usr/share/pico-sdk/src/rp2_common/hardware_irq/irq.c.obj
 .text.irq_is_enabled
                0x0000000010000788       0x18 src/CMakeFiles/ubc-pico.dir/usr/share/pico-sdk/src/rp2_common/hardware_irq/irq.c.obj
                0x0000000010000788                irq_is_enabled
 .text.irq_set_mask_enabled
                0x00000000100007a0       0x20 src/CMakeFiles/ubc-pico.dir/usr/share/pico-sdk/src/rp2_common/hardware_irq/irq.c.obj
                0x00000000100007a0                irq_set_mask_enabled
 .text.irq_set_enabled
                0x00000000100007c0        0xe src/CMakeFiles/ubc-pico.dir/usr/share/pico-sdk/src/rp2_common/hardware_irq/irq.c.obj
                0x00000000100007c0                irq_set_enabled
 *fill*         0x00000000100007ce        0x2 
 .text.irq_set_pending
                0x00000000100007d0       0x10 src/CMakeFiles/ubc-pico.dir/usr/share/pico-sdk/src/rp2_common/hardware_irq/irq.c.obj
                0x00000000100007d0                irq_set_pending
 .text.irq_get_vtable_handler
                0x00000000100007e0       0x10 src/CMakeFiles/ubc-pico.dir/usr/share/pico-sdk/src/rp2_common/hardware_irq/irq.c.obj
                0x00000000100007e0                irq_get_vtable_handler
 .text.irq_has_shared_handler
                0x00000000100007f0       0x24 src/CMakeFiles/ubc-pico.dir/usr/share/pico-sdk/src/rp2_common/hardware_irq/irq.c.obj
                0x00000000100007f0                irq_has_shared_handler
 .text.irq_set_exclusive_handler
                0x0000000010000814       0x54 src/CMakeFiles/ubc-pico.dir/usr/share/pico-sdk/src/rp2_common/hardware_irq/irq.c.obj
                0x0000000010000814                irq_set_exclusive_handler
 .text.irq_add_shared_handler
                0x0000000010000868      0x210 src/CMakeFiles/ubc-pico.dir/usr/share/pico-sdk/src/rp2_common/hardware_irq/irq.c.obj
                0x0000000010000868                irq_add_shared_handler
 .text.irq_remove_handler
                0x0000000010000a78      0x188 src/CMakeFiles/ubc-pico.dir/usr/share/pico-sdk/src/rp2_common/hardware_irq/irq.c.obj
                0x0000000010000a78                irq_remove_handler
 .text.irq_add_tail_to_free_list
                0x0000000010000c00       0xf0 src/CMakeFiles/ubc-pico.dir/usr/share/pico-sdk/src/rp2_common/hardware_irq/irq.c.obj
                0x0000000010000c00                irq_add_tail_to_free_list
 .text.irq_init_priorities
                0x0000000010000cf0       0x1c src/CMakeFiles/ubc-pico.dir/usr/share/pico-sdk/src/rp2_common/hardware_irq/irq.c.obj
                0x0000000010000cf0                irq_init_priorities
 .text.user_irq_claim_unused
                0x0000000010000d0c       0x30 src/CMakeFiles/ubc-pico.dir/usr/share/pico-sdk/src/rp2_common/hardware_irq/irq.c.obj
                0x0000000010000d0c                user_irq_claim_unused
 .text.lock_init
                0x0000000010000d3c       0x10 src/CMakeFiles/ubc-pico.dir/usr/share/pico-sdk/src/common/pico_sync/lock_core.c.obj
                0x0000000010000d3c                lock_init
 .text.time_reached
                0x0000000010000d4c       0x28 src/CMakeFiles/ubc-pico.dir/usr/share/pico-sdk/src/common/pico_time/time.c.obj
 .text.get_entry
                0x0000000010000d74       0x38 src/CMakeFiles/ubc-pico.dir/usr/share/pico-sdk/src/common/pico_time/time.c.obj
 .text.timer_pool_entry_comparator
                0x0000000010000dac       0x2e src/CMakeFiles/ubc-pico.dir/usr/share/pico-sdk/src/common/pico_time/time.c.obj
                0x0000000010000dac                timer_pool_entry_comparator
 *fill*         0x0000000010000dda        0x2 
 .text.update_us_since_boot
                0x0000000010000ddc       0x24 src/CMakeFiles/ubc-pico.dir/usr/share/pico-sdk/src/common/pico_time/time.c.obj
 .text.delayed_by_us
                0x0000000010000e00       0x36 src/CMakeFiles/ubc-pico.dir/usr/share/pico-sdk/src/common/pico_time/time.c.obj
 *fill*         0x0000000010000e36        0x2 
 .text.ph_get_node
                0x0000000010000e38       0x30 src/CMakeFiles/ubc-pico.dir/usr/share/pico-sdk/src/common/pico_time/time.c.obj
 .text.ph_contains_node
                0x0000000010000e68       0x1e src/CMakeFiles/ubc-pico.dir/usr/share/pico-sdk/src/common/pico_time/time.c.obj
 .text.ph_new_node
                0x0000000010000e86       0x28 src/CMakeFiles/ubc-pico.dir/usr/share/pico-sdk/src/common/pico_time/time.c.obj
 *fill*         0x0000000010000eae        0x2 
 .text.ph_add_child_node
                0x0000000010000eb0       0x6c src/CMakeFiles/ubc-pico.dir/usr/share/pico-sdk/src/common/pico_time/time.c.obj
 .text.ph_merge_nodes
                0x0000000010000f1c       0x3e src/CMakeFiles/ubc-pico.dir/usr/share/pico-sdk/src/common/pico_time/time.c.obj
 *fill*         0x0000000010000f5a        0x2 
 .text.ph_insert_node
                0x0000000010000f5c       0x3c src/CMakeFiles/ubc-pico.dir/usr/share/pico-sdk/src/common/pico_time/time.c.obj
 .text.ph_free_node
                0x0000000010000f98       0x3c src/CMakeFiles/ubc-pico.dir/usr/share/pico-sdk/src/common/pico_time/time.c.obj
 .text.get_entry_id_high
                0x0000000010000fd4       0x30 src/CMakeFiles/ubc-pico.dir/usr/share/pico-sdk/src/common/pico_time/time.c.obj
 .text.alarm_pool_post_alloc_init
                0x0000000010001004       0x40 src/CMakeFiles/ubc-pico.dir/usr/share/pico-sdk/src/common/pico_time/time.c.obj
 .text.sleep_until_callback
                0x0000000010001044       0x30 src/CMakeFiles/ubc-pico.dir/usr/share/pico-sdk/src/common/pico_time/time.c.obj
 .text.get_absolute_time
                0x0000000010001074       0x22 src/CMakeFiles/ubc-pico.dir/usr/share/pico-sdk/src/common/pico_time/time.c.obj
 .text.make_timeout_time_us
                0x0000000010001096       0x24 src/CMakeFiles/ubc-pico.dir/usr/share/pico-sdk/src/common/pico_time/time.c.obj
 *fill*         0x00000000100010ba        0x2 
 .text.add_alarm_under_lock
                0x00000000100010bc       0x94 src/CMakeFiles/ubc-pico.dir/usr/share/pico-sdk/src/common/pico_time/time.c.obj
 .text.alarm_pool_alarm_callback
                0x0000000010001150      0x20c src/CMakeFiles/ubc-pico.dir/usr/share/pico-sdk/src/common/pico_time/time.c.obj
 .text.alarm_pool_init_default
                0x000000001000135c       0x38 src/CMakeFiles/ubc-pico.dir/usr/share/pico-sdk/src/common/pico_time/time.c.obj
                0x000000001000135c                alarm_pool_init_default
 .text.alarm_pool_get_default
                0x0000000010001394       0x2c src/CMakeFiles/ubc-pico.dir/usr/share/pico-sdk/src/common/pico_time/time.c.obj
                0x0000000010001394                alarm_pool_get_default
 .text.alarm_pool_add_alarm_at
                0x00000000100013c0      0x10e src/CMakeFiles/ubc-pico.dir/usr/share/pico-sdk/src/common/pico_time/time.c.obj
                0x00000000100013c0                alarm_pool_add_alarm_at
 .text.add_alarm_at
                0x00000000100014ce       0x2e src/CMakeFiles/ubc-pico.dir/usr/share/pico-sdk/src/common/pico_time/time.c.obj
 .text.alarm_pool_cancel_alarm
                0x00000000100014fc       0xa0 src/CMakeFiles/ubc-pico.dir/usr/share/pico-sdk/src/common/pico_time/time.c.obj
                0x00000000100014fc                alarm_pool_cancel_alarm
 .text.cancel_alarm
                0x000000001000159c       0x10 src/CMakeFiles/ubc-pico.dir/usr/share/pico-sdk/src/common/pico_time/time.c.obj
 .text.sleep_until
                0x00000000100015ac       0xb0 src/CMakeFiles/ubc-pico.dir/usr/share/pico-sdk/src/common/pico_time/time.c.obj
                0x00000000100015ac                sleep_until
 .text.sleep_us
                0x000000001000165c       0x1a src/CMakeFiles/ubc-pico.dir/usr/share/pico-sdk/src/common/pico_time/time.c.obj
                0x000000001000165c                sleep_us
 .text.sleep_ms
                0x0000000010001676       0x14 src/CMakeFiles/ubc-pico.dir/usr/share/pico-sdk/src/common/pico_time/time.c.obj
                0x0000000010001676                sleep_ms
 *fill*         0x000000001000168a        0x2 
 .text.best_effort_wfe_or_timeout
                0x000000001000168c       0x38 src/CMakeFiles/ubc-pico.dir/usr/share/pico-sdk/src/common/pico_time/time.c.obj
                0x000000001000168c                best_effort_wfe_or_timeout
 .text.hardware_alarm_irq_handler
                0x00000000100016c4       0x88 src/CMakeFiles/ubc-pico.dir/usr/share/pico-sdk/src/rp2_common/hardware_timer/timer.c.obj
 .text.hardware_alarm_claim
                0x000000001000174c       0x18 src/CMakeFiles/ubc-pico.dir/usr/share/pico-sdk/src/rp2_common/hardware_timer/timer.c.obj
                0x000000001000174c                hardware_alarm_claim
 .text.time_us_64
                0x0000000010001764       0x18 src/CMakeFiles/ubc-pico.dir/usr/share/pico-sdk/src/rp2_common/hardware_timer/timer.c.obj
                0x0000000010001764                time_us_64
 .text.busy_wait_until
                0x000000001000177c       0x28 src/CMakeFiles/ubc-pico.dir/usr/share/pico-sdk/src/rp2_common/hardware_timer/timer.c.obj
                0x000000001000177c                busy_wait_until
 .text.hardware_alarm_set_callback
                0x00000000100017a4       0x90 src/CMakeFiles/ubc-pico.dir/usr/share/pico-sdk/src/rp2_common/hardware_timer/timer.c.obj
                0x00000000100017a4                hardware_alarm_set_callback
 .text.hardware_alarm_set_target
                0x0000000010001834       0xe8 src/CMakeFiles/ubc-pico.dir/usr/share/pico-sdk/src/rp2_common/hardware_timer/timer.c.obj
                0x0000000010001834                hardware_alarm_set_target
 .text.hardware_alarm_cancel
                0x000000001000191c       0x40 src/CMakeFiles/ubc-pico.dir/usr/share/pico-sdk/src/rp2_common/hardware_timer/timer.c.obj
                0x000000001000191c                hardware_alarm_cancel
 .text.ph_get_node
                0x000000001000195c       0x30 src/CMakeFiles/ubc-pico.dir/usr/share/pico-sdk/src/common/pico_util/pheap.c.obj
 .text.ph_add_child_node
                0x000000001000198c       0x6c src/CMakeFiles/ubc-pico.dir/usr/share/pico-sdk/src/common/pico_util/pheap.c.obj
 .text.ph_merge_nodes
                0x00000000100019f8       0x3e src/CMakeFiles/ubc-pico.dir/usr/share/pico-sdk/src/common/pico_util/pheap.c.obj
 .text.ph_clear
                0x0000000010001a36       0x34 src/CMakeFiles/ubc-pico.dir/usr/share/pico-sdk/src/common/pico_util/pheap.c.obj
                0x0000000010001a36                ph_clear
 .text.ph_post_alloc_init
                0x0000000010001a6a        0xe src/CMakeFiles/ubc-pico.dir/usr/share/pico-sdk/src/common/pico_util/pheap.c.obj
                0x0000000010001a6a                ph_post_alloc_init
 .text.ph_merge_two_pass
                0x0000000010001a78       0x5c src/CMakeFiles/ubc-pico.dir/usr/share/pico-sdk/src/common/pico_util/pheap.c.obj
                0x0000000010001a78                ph_merge_two_pass
 .text.ph_remove_any_head
                0x0000000010001ad4       0xa4 src/CMakeFiles/ubc-pico.dir/usr/share/pico-sdk/src/common/pico_util/pheap.c.obj
 .text.ph_remove_head
                0x0000000010001b78       0x14 src/CMakeFiles/ubc-pico.dir/usr/share/pico-sdk/src/common/pico_util/pheap.c.obj
                0x0000000010001b78                ph_remove_head
 .text.ph_remove_and_free_node
                0x0000000010001b8c       0xa0 src/CMakeFiles/ubc-pico.dir/usr/share/pico-sdk/src/common/pico_util/pheap.c.obj
                0x0000000010001b8c                ph_remove_and_free_node
 .text.update_us_since_boot
                0x0000000010001c2c       0x24 src/CMakeFiles/ubc-pico.dir/usr/share/pico-sdk/src/common/pico_sync/mutex.c.obj
 .text.delayed_by_ms
                0x0000000010001c50       0x46 src/CMakeFiles/ubc-pico.dir/usr/share/pico-sdk/src/common/pico_sync/mutex.c.obj
 .text.get_absolute_time
                0x0000000010001c96       0x22 src/CMakeFiles/ubc-pico.dir/usr/share/pico-sdk/src/common/pico_sync/mutex.c.obj
 .text.make_timeout_time_ms
                0x0000000010001cb8       0x20 src/CMakeFiles/ubc-pico.dir/usr/share/pico-sdk/src/common/pico_sync/mutex.c.obj
 .text.mutex_init
                0x0000000010001cd8       0x1a src/CMakeFiles/ubc-pico.dir/usr/share/pico-sdk/src/common/pico_sync/mutex.c.obj
                0x0000000010001cd8                mutex_init
 .text.recursive_mutex_init
                0x0000000010001cf2       0x1e src/CMakeFiles/ubc-pico.dir/usr/share/pico-sdk/src/common/pico_sync/mutex.c.obj
                0x0000000010001cf2                recursive_mutex_init
 .text.critical_section_init_with_lock_num
                0x0000000010001d10       0x14 src/CMakeFiles/ubc-pico.dir/usr/share/pico-sdk/src/common/pico_sync/critical_section.c.obj
                0x0000000010001d10                critical_section_init_with_lock_num
 .text.critical_section_init
                0x0000000010001d24       0x14 src/CMakeFiles/ubc-pico.dir/usr/share/pico-sdk/src/common/pico_sync/critical_section.c.obj
                0x0000000010001d24                critical_section_init
 .text._exit    0x0000000010001d38        0x4 src/CMakeFiles/ubc-pico.dir/usr/share/pico-sdk/src/rp2_common/pico_runtime/runtime.c.obj
                0x0000000010001d38                _exit
 .text.exit     0x0000000010001d3c        0x6 src/CMakeFiles/ubc-pico.dir/usr/share/pico-sdk/src/rp2_common/pico_runtime/runtime.c.obj
                0x0000000010001d3c                exit
 *fill*         0x0000000010001d42        0x2 
 .text.__assert_func
                0x0000000010001d44       0x38 src/CMakeFiles/ubc-pico.dir/usr/share/pico-sdk/src/rp2_common/pico_runtime/runtime.c.obj
                0x0000000010001d44                __assert_func
 .text.runtime_init
                0x0000000010001d7c       0xf8 src/CMakeFiles/ubc-pico.dir/usr/share/pico-sdk/src/rp2_common/pico_runtime/runtime.c.obj
                0x0000000010001d7c                runtime_init
 .text.panic    0x0000000010001e74       0x30 src/CMakeFiles/ubc-pico.dir/usr/share/pico-sdk/src/rp2_common/pico_runtime/runtime.c.obj
                0x0000000010001e74                panic
 .text.clock_configure
                0x0000000010001ea4      0x104 src/CMakeFiles/ubc-pico.dir/usr/share/pico-sdk/src/rp2_common/hardware_clocks/clocks.c.obj
                0x0000000010001ea4                clock_configure
 .text.clocks_init
                0x0000000010001fa8      0x100 src/CMakeFiles/ubc-pico.dir/usr/share/pico-sdk/src/rp2_common/hardware_clocks/clocks.c.obj
                0x0000000010001fa8                clocks_init
 .text.clock_get_hz
                0x00000000100020a8        0xc src/CMakeFiles/ubc-pico.dir/usr/share/pico-sdk/src/rp2_common/hardware_clocks/clocks.c.obj
                0x00000000100020a8                clock_get_hz
 .text.pll_init
                0x00000000100020b4      0x140 src/CMakeFiles/ubc-pico.dir/usr/share/pico-sdk/src/rp2_common/hardware_pll/pll.c.obj
                0x00000000100020b4                pll_init
 .text.watchdog_start_tick
                0x00000000100021f4       0x10 src/CMakeFiles/ubc-pico.dir/usr/share/pico-sdk/src/rp2_common/hardware_watchdog/watchdog.c.obj
                0x00000000100021f4                watchdog_start_tick
 .text.watchdog_update
                0x0000000010002204       0x14 src/CMakeFiles/ubc-pico.dir/usr/share/pico-sdk/src/rp2_common/hardware_watchdog/watchdog.c.obj
                0x0000000010002204                watchdog_update
 .text._watchdog_enable
                0x0000000010002218       0x78 src/CMakeFiles/ubc-pico.dir/usr/share/pico-sdk/src/rp2_common/hardware_watchdog/watchdog.c.obj
                0x0000000010002218                _watchdog_enable
 .text.watchdog_reboot
                0x0000000010002290       0x48 src/CMakeFiles/ubc-pico.dir/usr/share/pico-sdk/src/rp2_common/hardware_watchdog/watchdog.c.obj
                0x0000000010002290                watchdog_reboot
 .text.xosc_init
                0x00000000100022d8       0x28 src/CMakeFiles/ubc-pico.dir/usr/share/pico-sdk/src/rp2_common/hardware_xosc/xosc.c.obj
                0x00000000100022d8                xosc_init
 .text._out_null
                0x0000000010002300        0x2 src/CMakeFiles/ubc-pico.dir/usr/share/pico-sdk/src/rp2_common/pico_printf/printf.c.obj
 .text._out_fct
                0x0000000010002302        0xe src/CMakeFiles/ubc-pico.dir/usr/share/pico-sdk/src/rp2_common/pico_printf/printf.c.obj
 .text._atoi    0x0000000010002310       0x24 src/CMakeFiles/ubc-pico.dir/usr/share/pico-sdk/src/rp2_common/pico_printf/printf.c.obj
 .text._out_rev
                0x0000000010002334       0xae src/CMakeFiles/ubc-pico.dir/usr/share/pico-sdk/src/rp2_common/pico_printf/printf.c.obj
 .text._ntoa_format
                0x00000000100023e2      0x110 src/CMakeFiles/ubc-pico.dir/usr/share/pico-sdk/src/rp2_common/pico_printf/printf.c.obj
 .text._ntoa_long
                0x00000000100024f2       0xbc src/CMakeFiles/ubc-pico.dir/usr/share/pico-sdk/src/rp2_common/pico_printf/printf.c.obj
 .text._ntoa_long_long
                0x00000000100025ae      0x10e src/CMakeFiles/ubc-pico.dir/usr/share/pico-sdk/src/rp2_common/pico_printf/printf.c.obj
 .text._etoa    0x00000000100026bc      0x420 src/CMakeFiles/ubc-pico.dir/usr/share/pico-sdk/src/rp2_common/pico_printf/printf.c.obj
 .text._ftoa    0x0000000010002adc      0x354 src/CMakeFiles/ubc-pico.dir/usr/share/pico-sdk/src/rp2_common/pico_printf/printf.c.obj
 .text._vsnprintf
                0x0000000010002e30      0x65c src/CMakeFiles/ubc-pico.dir/usr/share/pico-sdk/src/rp2_common/pico_printf/printf.c.obj
 .text.vfctprintf
                0x000000001000348c       0x20 src/CMakeFiles/ubc-pico.dir/usr/share/pico-sdk/src/rp2_common/pico_printf/printf.c.obj
                0x000000001000348c                vfctprintf
 .text          0x00000000100034ac       0x10 src/CMakeFiles/ubc-pico.dir/usr/share/pico-sdk/src/rp2_common/pico_bit_ops/bit_ops_aeabi.S.obj
 .text.rom_func_lookup
                0x00000000100034bc       0x10 src/CMakeFiles/ubc-pico.dir/usr/share/pico-sdk/src/rp2_common/pico_bootrom/bootrom.c.obj
                0x00000000100034bc                rom_func_lookup
 .text.rom_data_lookup
                0x00000000100034cc       0x10 src/CMakeFiles/ubc-pico.dir/usr/share/pico-sdk/src/rp2_common/pico_bootrom/bootrom.c.obj
                0x00000000100034cc                rom_data_lookup
 .text.rom_funcs_lookup
                0x00000000100034dc       0x36 src/CMakeFiles/ubc-pico.dir/usr/share/pico-sdk/src/rp2_common/pico_bootrom/bootrom.c.obj
                0x00000000100034dc                rom_funcs_lookup
 *fill*         0x0000000010003512        0x2 
 .text.__wrap___aeabi_idiv
                0x0000000010003514       0x50 src/CMakeFiles/ubc-pico.dir/usr/share/pico-sdk/src/rp2_common/pico_divider/divider.S.obj
                0x0000000010003514                __wrap___aeabi_idivmod
                0x0000000010003514                divmod_s32s32
                0x0000000010003514                div_s32s32
                0x0000000010003514                __wrap___aeabi_idiv
                0x000000001000351c                divmod_s32s32_unsafe
                0x0000000010003548                divmod_s32s32_savestate
 .text.__wrap___aeabi_uidiv
                0x0000000010003564       0x4c src/CMakeFiles/ubc-pico.dir/usr/share/pico-sdk/src/rp2_common/pico_divider/divider.S.obj
                0x0000000010003564                __wrap___aeabi_uidiv
                0x0000000010003564                __wrap___aeabi_uidivmod
                0x0000000010003564                div_u32u32
                0x0000000010003564                divmod_u32u32
                0x000000001000356c                divmod_u32u32_unsafe
                0x0000000010003594                divmod_u32u32_savestate
 .text.__wrap___aeabi_ldiv
                0x00000000100035b0      0x434 src/CMakeFiles/ubc-pico.dir/usr/share/pico-sdk/src/rp2_common/pico_divider/divider.S.obj
                0x00000000100035b0                div_s64s64
                0x00000000100035b0                divmod_s64s64
                0x00000000100035b0                __wrap___aeabi_ldivmod
                0x00000000100035e8                div_u64u64
                0x00000000100035e8                divmod_u64u64
                0x00000000100035e8                __wrap___aeabi_uldivmod
                0x00000000100035f8                divmod_u64u64_savestate
                0x0000000010003620                divmod_s64s64_unsafe
                0x00000000100036a8                divmod_u64u64_unsafe
 .text.__wrap___aeabi_darithmetic
                0x00000000100039e4       0x80 src/CMakeFiles/ubc-pico.dir/usr/share/pico-sdk/src/rp2_common/pico_double/double_aeabi.S.obj
                0x00000000100039e4                __wrap___aeabi_drsub
                0x00000000100039ea                __wrap___aeabi_dsub
                0x00000000100039fc                __wrap___aeabi_dadd
                0x0000000010003a0e                __wrap___aeabi_ddiv
                0x0000000010003a4a                __wrap___aeabi_dmul
 .text.__wrap___aeabi_cdcmple
                0x0000000010003a64       0x6c src/CMakeFiles/ubc-pico.dir/usr/share/pico-sdk/src/rp2_common/pico_double/double_aeabi.S.obj
                0x0000000010003a64                __wrap___aeabi_cdrcmple
                0x0000000010003a74                __wrap___aeabi_cdcmple
                0x0000000010003a74                __wrap___aeabi_cdcmpeq
 .text.__wrap___aeabi_dcmplt
                0x0000000010003ad0        0xc src/CMakeFiles/ubc-pico.dir/usr/share/pico-sdk/src/rp2_common/pico_double/double_aeabi.S.obj
                0x0000000010003ad0                __wrap___aeabi_dcmplt
 .text.__wrap___aeabi_dcmple
                0x0000000010003adc       0x10 src/CMakeFiles/ubc-pico.dir/usr/share/pico-sdk/src/rp2_common/pico_double/double_aeabi.S.obj
                0x0000000010003adc                __wrap___aeabi_dcmple
 .text.__wrap___aeabi_dcmpge
                0x0000000010003aec       0x10 src/CMakeFiles/ubc-pico.dir/usr/share/pico-sdk/src/rp2_common/pico_double/double_aeabi.S.obj
                0x0000000010003aec                __wrap___aeabi_dcmpge
 .text.__wrap___aeabi_dcmpgt
                0x0000000010003afc        0xa src/CMakeFiles/ubc-pico.dir/usr/share/pico-sdk/src/rp2_common/pico_double/double_aeabi.S.obj
                0x0000000010003afc                __wrap___aeabi_dcmpgt
 .text.__wrap___aeabi_dcmpun
                0x0000000010003b06       0x1c src/CMakeFiles/ubc-pico.dir/usr/share/pico-sdk/src/rp2_common/pico_double/double_aeabi.S.obj
                0x0000000010003b06                __wrap___aeabi_dcmpun
 *fill*         0x0000000010003b22        0x2 
 .text.__wrap___aeabi_i2d
                0x0000000010003b24       0x38 src/CMakeFiles/ubc-pico.dir/usr/share/pico-sdk/src/rp2_common/pico_double/double_aeabi.S.obj
                0x0000000010003b24                __wrap___aeabi_ui2d
                0x0000000010003b2c                __wrap___aeabi_i2d
 .text.__wrap___aeabi_d2iz
                0x0000000010003b5c       0x48 src/CMakeFiles/ubc-pico.dir/usr/share/pico-sdk/src/rp2_common/pico_double/double_aeabi.S.obj
                0x0000000010003b5c                __wrap___aeabi_d2iz
                0x0000000010003b5c                double2int_z
 .text.__wrap___aeabi_d2uiz
                0x0000000010003ba4       0x18 src/CMakeFiles/ubc-pico.dir/usr/share/pico-sdk/src/rp2_common/pico_double/double_aeabi.S.obj
                0x0000000010003ba4                double2uint
                0x0000000010003ba4                __wrap___aeabi_d2uiz
 .text.__aeabi_double_init
                0x0000000010003bbc       0xcc src/CMakeFiles/ubc-pico.dir/usr/share/pico-sdk/src/rp2_common/pico_double/double_init_rom.c.obj
                0x0000000010003bbc                __aeabi_double_init
 .text.double_table_shim_on_use_helper
                0x0000000010003c88       0x34 src/CMakeFiles/ubc-pico.dir/usr/share/pico-sdk/src/rp2_common/pico_double/double_v1_rom_shim.S.obj
                0x0000000010003c88                double_table_shim_on_use_helper
 .text.__wrap___aeabi_dsub
                0x0000000010003cbc       0x10 src/CMakeFiles/ubc-pico.dir/usr/share/pico-sdk/src/rp2_common/pico_double/double_v1_rom_shim.S.obj
                0x0000000010003cbc                drsub_shim
                0x0000000010003cc2                dsub_shim
 .text.dadd_shim
                0x0000000010003ccc      0x15c src/CMakeFiles/ubc-pico.dir/usr/share/pico-sdk/src/rp2_common/pico_double/double_v1_rom_shim.S.obj
                0x0000000010003ccc                dadd_shim
 .text.dmul_shim
                0x0000000010003e28      0x15c src/CMakeFiles/ubc-pico.dir/usr/share/pico-sdk/src/rp2_common/pico_double/double_v1_rom_shim.S.obj
                0x0000000010003e28                dmul_shim
 .text.ddiv_shim
                0x0000000010003f84      0x1b0 src/CMakeFiles/ubc-pico.dir/usr/share/pico-sdk/src/rp2_common/pico_double/double_v1_rom_shim.S.obj
                0x0000000010003f84                ddiv_shim
 .text.double2uint_shim
                0x0000000010004134        0xe src/CMakeFiles/ubc-pico.dir/usr/share/pico-sdk/src/rp2_common/pico_double/double_v1_rom_shim.S.obj
                0x0000000010004134                double2uint_shim
                0x0000000010004136                double2ufix_shim
 *fill*         0x0000000010004142        0x2 
 .text.double2uint64_shim
                0x0000000010004144       0x70 src/CMakeFiles/ubc-pico.dir/usr/share/pico-sdk/src/rp2_common/pico_double/double_v1_rom_shim.S.obj
                0x0000000010004144                double2uint64_shim
                0x0000000010004146                double2ufix64_shim
                0x0000000010004166                d2fix_a
 .text.dunpacks
                0x00000000100041b4       0x3c src/CMakeFiles/ubc-pico.dir/usr/share/pico-sdk/src/rp2_common/pico_double/double_v1_rom_shim.S.obj
                0x00000000100041b4                dunpacks
 .text.__aeabi_lmul
                0x00000000100041f0       0x32 src/CMakeFiles/ubc-pico.dir/usr/share/pico-sdk/src/rp2_common/pico_int64_ops/pico_int64_ops_aeabi.S.obj
                0x00000000100041f0                __wrap___aeabi_lmul
 *fill*         0x0000000010004222        0x2 
 .text.__aeabi_float_init
                0x0000000010004224       0xfc src/CMakeFiles/ubc-pico.dir/usr/share/pico-sdk/src/rp2_common/pico_float/float_init_rom.c.obj
                0x0000000010004224                __aeabi_float_init
 .text.float_table_shim_on_use_helper
                0x0000000010004320       0x34 src/CMakeFiles/ubc-pico.dir/usr/share/pico-sdk/src/rp2_common/pico_float/float_v1_rom_shim.S.obj
                0x0000000010004320                float_table_shim_on_use_helper
 .text          0x0000000010004354       0x10 src/CMakeFiles/ubc-pico.dir/usr/share/pico-sdk/src/rp2_common/pico_mem_ops/mem_ops_aeabi.S.obj
                0x0000000010004354                __aeabi_mem_init
 .text.memset   0x0000000010004364        0xc src/CMakeFiles/ubc-pico.dir/usr/share/pico-sdk/src/rp2_common/pico_mem_ops/mem_ops_aeabi.S.obj
                0x0000000010004364                __wrap_memset
 .text.memcpy   0x0000000010004370        0xc src/CMakeFiles/ubc-pico.dir/usr/share/pico-sdk/src/rp2_common/pico_mem_ops/mem_ops_aeabi.S.obj
                0x0000000010004370                __wrap___aeabi_memcpy
                0x0000000010004370                __wrap_memcpy
 .text.stdio_out_chars_no_crlf
                0x000000001000437c        0xe src/CMakeFiles/ubc-pico.dir/usr/share/pico-sdk/src/rp2_common/pico_stdio/stdio.c.obj
 *fill*         0x000000001000438a        0x2 
 .text.stdio_out_chars_crlf
                0x000000001000438c       0x80 src/CMakeFiles/ubc-pico.dir/usr/share/pico-sdk/src/rp2_common/pico_stdio/stdio.c.obj
 .text.stdio_stack_buffer_flush
                0x000000001000440c       0x44 src/CMakeFiles/ubc-pico.dir/usr/share/pico-sdk/src/rp2_common/pico_stdio/stdio.c.obj
 .text.stdio_buffered_printer
                0x0000000010004450       0x20 src/CMakeFiles/ubc-pico.dir/usr/share/pico-sdk/src/rp2_common/pico_stdio/stdio.c.obj
 .text.stdout_serialize_begin
                0x0000000010004470       0x30 src/CMakeFiles/ubc-pico.dir/usr/share/pico-sdk/src/rp2_common/pico_stdio/stdio.c.obj
                0x0000000010004470                stdout_serialize_begin
 .text.stdout_serialize_end
                0x00000000100044a0       0x10 src/CMakeFiles/ubc-pico.dir/usr/share/pico-sdk/src/rp2_common/pico_stdio/stdio.c.obj
                0x00000000100044a0                stdout_serialize_end
 .text.stdio_put_string
                0x00000000100044b0       0x98 src/CMakeFiles/ubc-pico.dir/usr/share/pico-sdk/src/rp2_common/pico_stdio/stdio.c.obj
 .text.stdio_set_driver_enabled
                0x0000000010004548       0x2c src/CMakeFiles/ubc-pico.dir/usr/share/pico-sdk/src/rp2_common/pico_stdio/stdio.c.obj
                0x0000000010004548                stdio_set_driver_enabled
 .text.stdio_flush
                0x0000000010004574       0x20 src/CMakeFiles/ubc-pico.dir/usr/share/pico-sdk/src/rp2_common/pico_stdio/stdio.c.obj
                0x0000000010004574                stdio_flush
 .text.__wrap_puts
                0x0000000010004594       0x1e src/CMakeFiles/ubc-pico.dir/usr/share/pico-sdk/src/rp2_common/pico_stdio/stdio.c.obj
                0x0000000010004594                __wrap_puts
 *fill*         0x00000000100045b2        0x2 
 .text.__wrap_vprintf
                0x00000000100045b4       0x44 src/CMakeFiles/ubc-pico.dir/usr/share/pico-sdk/src/rp2_common/pico_stdio/stdio.c.obj
                0x00000000100045b4                __wrap_vprintf
 .text.__wrap_printf
                0x00000000100045f8       0x18 src/CMakeFiles/ubc-pico.dir/usr/share/pico-sdk/src/rp2_common/pico_stdio/stdio.c.obj
                0x00000000100045f8                __wrap_printf
 .text.stdio_init_all
                0x0000000010004610        0x8 src/CMakeFiles/ubc-pico.dir/usr/share/pico-sdk/src/rp2_common/pico_stdio/stdio.c.obj
                0x0000000010004610                stdio_init_all
 .text.resetd_init
                0x0000000010004618        0x2 src/CMakeFiles/ubc-pico.dir/usr/share/pico-sdk/src/rp2_common/pico_stdio_usb/reset_interface.c.obj
 *fill*         0x000000001000461a        0x2 
 .text.resetd_reset
                0x000000001000461c        0xc src/CMakeFiles/ubc-pico.dir/usr/share/pico-sdk/src/rp2_common/pico_stdio_usb/reset_interface.c.obj
 .text.resetd_open
                0x0000000010004628       0x34 src/CMakeFiles/ubc-pico.dir/usr/share/pico-sdk/src/rp2_common/pico_stdio_usb/reset_interface.c.obj
 .text.resetd_xfer_cb
                0x000000001000465c        0x4 src/CMakeFiles/ubc-pico.dir/usr/share/pico-sdk/src/rp2_common/pico_stdio_usb/reset_interface.c.obj
 .text.reset_usb_boot
                0x0000000010004660       0x18 src/CMakeFiles/ubc-pico.dir/usr/share/pico-sdk/src/rp2_common/pico_stdio_usb/reset_interface.c.obj
 .text.resetd_control_xfer_cb
                0x0000000010004678       0x5c src/CMakeFiles/ubc-pico.dir/usr/share/pico-sdk/src/rp2_common/pico_stdio_usb/reset_interface.c.obj
 .text.usbd_app_driver_get_cb
                0x00000000100046d4        0xc src/CMakeFiles/ubc-pico.dir/usr/share/pico-sdk/src/rp2_common/pico_stdio_usb/reset_interface.c.obj
                0x00000000100046d4                usbd_app_driver_get_cb
 .text.tud_cdc_line_coding_cb
                0x00000000100046e0       0x28 src/CMakeFiles/ubc-pico.dir/usr/share/pico-sdk/src/rp2_common/pico_stdio_usb/reset_interface.c.obj
                0x00000000100046e0                tud_cdc_line_coding_cb
 .text.stdio_usb_in_chars
                0x0000000010004708       0x70 src/CMakeFiles/ubc-pico.dir/usr/share/pico-sdk/src/rp2_common/pico_stdio_usb/stdio_usb.c.obj
                0x0000000010004708                stdio_usb_in_chars
 .text.low_priority_worker_irq
                0x0000000010004778       0x20 src/CMakeFiles/ubc-pico.dir/usr/share/pico-sdk/src/rp2_common/pico_stdio_usb/stdio_usb.c.obj
 .text.stdio_usb_out_chars
                0x0000000010004798       0xd4 src/CMakeFiles/ubc-pico.dir/usr/share/pico-sdk/src/rp2_common/pico_stdio_usb/stdio_usb.c.obj
 .text.update_us_since_boot
                0x000000001000486c       0x24 src/CMakeFiles/ubc-pico.dir/usr/share/pico-sdk/src/rp2_common/pico_stdio_usb/stdio_usb.c.obj
 .text.get_absolute_time
                0x0000000010004890       0x22 src/CMakeFiles/ubc-pico.dir/usr/share/pico-sdk/src/rp2_common/pico_stdio_usb/stdio_usb.c.obj
 .text.delayed_by_us
                0x00000000100048b2       0x36 src/CMakeFiles/ubc-pico.dir/usr/share/pico-sdk/src/rp2_common/pico_stdio_usb/stdio_usb.c.obj
 .text.timer_task
                0x00000000100048e8       0x40 src/CMakeFiles/ubc-pico.dir/usr/share/pico-sdk/src/rp2_common/pico_stdio_usb/stdio_usb.c.obj
 .text.usb_irq  0x0000000010004928       0x10 src/CMakeFiles/ubc-pico.dir/usr/share/pico-sdk/src/rp2_common/pico_stdio_usb/stdio_usb.c.obj
 .text.alarm_pool_add_alarm_in_us
                0x0000000010004938       0x3a src/CMakeFiles/ubc-pico.dir/usr/share/pico-sdk/src/rp2_common/pico_stdio_usb/stdio_usb.c.obj
 .text.add_alarm_in_us
                0x0000000010004972       0x2e src/CMakeFiles/ubc-pico.dir/usr/share/pico-sdk/src/rp2_common/pico_stdio_usb/stdio_usb.c.obj
 .text.stdio_usb_init
                0x00000000100049a0       0x98 src/CMakeFiles/ubc-pico.dir/usr/share/pico-sdk/src/rp2_common/pico_stdio_usb/stdio_usb.c.obj
                0x00000000100049a0                stdio_usb_init
 .text.tud_descriptor_device_cb
                0x0000000010004a38        0x8 src/CMakeFiles/ubc-pico.dir/usr/share/pico-sdk/src/rp2_common/pico_stdio_usb/stdio_usb_descriptors.c.obj
                0x0000000010004a38                tud_descriptor_device_cb
 .text.tud_descriptor_configuration_cb
                0x0000000010004a40        0x8 src/CMakeFiles/ubc-pico.dir/usr/share/pico-sdk/src/rp2_common/pico_stdio_usb/stdio_usb_descriptors.c.obj
                0x0000000010004a40                tud_descriptor_configuration_cb
 .text.tud_descriptor_string_cb
                0x0000000010004a48       0x6c src/CMakeFiles/ubc-pico.dir/usr/share/pico-sdk/src/rp2_common/pico_stdio_usb/stdio_usb_descriptors.c.obj
                0x0000000010004a48                tud_descriptor_string_cb
 .text.hw_endpoint_get_by_addr
                0x0000000010004ab4       0x18 src/CMakeFiles/ubc-pico.dir/usr/share/pico-sdk/lib/tinyusb/src/portable/raspberrypi/rp2040/dcd_rp2040.c.obj
 .text.reset_ep0_pid
                0x0000000010004acc       0x28 src/CMakeFiles/ubc-pico.dir/usr/share/pico-sdk/lib/tinyusb/src/portable/raspberrypi/rp2040/dcd_rp2040.c.obj
 .text._hw_endpoint_alloc
                0x0000000010004af4       0x70 src/CMakeFiles/ubc-pico.dir/usr/share/pico-sdk/lib/tinyusb/src/portable/raspberrypi/rp2040/dcd_rp2040.c.obj
 .text.hw_endpoint_init
                0x0000000010004b64       0x88 src/CMakeFiles/ubc-pico.dir/usr/share/pico-sdk/lib/tinyusb/src/portable/raspberrypi/rp2040/dcd_rp2040.c.obj
 .text.reset_non_control_endpoints
                0x0000000010004bec       0x40 src/CMakeFiles/ubc-pico.dir/usr/share/pico-sdk/lib/tinyusb/src/portable/raspberrypi/rp2040/dcd_rp2040.c.obj
 .text.hw_handle_buff_status
                0x0000000010004c2c       0x8c src/CMakeFiles/ubc-pico.dir/usr/share/pico-sdk/lib/tinyusb/src/portable/raspberrypi/rp2040/dcd_rp2040.c.obj
 .text.dcd_rp2040_irq
                0x0000000010004cb8       0xc0 src/CMakeFiles/ubc-pico.dir/usr/share/pico-sdk/lib/tinyusb/src/portable/raspberrypi/rp2040/dcd_rp2040.c.obj
 .text.hw_endpoint_xfer
                0x0000000010004d78       0x14 src/CMakeFiles/ubc-pico.dir/usr/share/pico-sdk/lib/tinyusb/src/portable/raspberrypi/rp2040/dcd_rp2040.c.obj
 .text.dcd_int_enable
                0x0000000010004d8c       0x2c src/CMakeFiles/ubc-pico.dir/usr/share/pico-sdk/lib/tinyusb/src/portable/raspberrypi/rp2040/dcd_rp2040.c.obj
                0x0000000010004d8c                dcd_int_enable
 .text.dcd_set_address
                0x0000000010004db8       0x2c src/CMakeFiles/ubc-pico.dir/usr/share/pico-sdk/lib/tinyusb/src/portable/raspberrypi/rp2040/dcd_rp2040.c.obj
                0x0000000010004db8                dcd_set_address
 .text.dcd_connect
                0x0000000010004de4       0x10 src/CMakeFiles/ubc-pico.dir/usr/share/pico-sdk/lib/tinyusb/src/portable/raspberrypi/rp2040/dcd_rp2040.c.obj
                0x0000000010004de4                dcd_connect
 .text.dcd_init
                0x0000000010004df4       0x7c src/CMakeFiles/ubc-pico.dir/usr/share/pico-sdk/lib/tinyusb/src/portable/raspberrypi/rp2040/dcd_rp2040.c.obj
                0x0000000010004df4                dcd_init
 .text.dcd_edpt0_status_complete
                0x0000000010004e70       0x1c src/CMakeFiles/ubc-pico.dir/usr/share/pico-sdk/lib/tinyusb/src/portable/raspberrypi/rp2040/dcd_rp2040.c.obj
                0x0000000010004e70                dcd_edpt0_status_complete
 .text.dcd_edpt_open
                0x0000000010004e8c       0x40 src/CMakeFiles/ubc-pico.dir/usr/share/pico-sdk/lib/tinyusb/src/portable/raspberrypi/rp2040/dcd_rp2040.c.obj
                0x0000000010004e8c                dcd_edpt_open
 .text.dcd_edpt_close_all
                0x0000000010004ecc        0x8 src/CMakeFiles/ubc-pico.dir/usr/share/pico-sdk/lib/tinyusb/src/portable/raspberrypi/rp2040/dcd_rp2040.c.obj
                0x0000000010004ecc                dcd_edpt_close_all
 .text.dcd_edpt_xfer
                0x0000000010004ed4       0x30 src/CMakeFiles/ubc-pico.dir/usr/share/pico-sdk/lib/tinyusb/src/portable/raspberrypi/rp2040/dcd_rp2040.c.obj
                0x0000000010004ed4                dcd_edpt_xfer
 .text.dcd_edpt_stall
                0x0000000010004f04       0x2c src/CMakeFiles/ubc-pico.dir/usr/share/pico-sdk/lib/tinyusb/src/portable/raspberrypi/rp2040/dcd_rp2040.c.obj
                0x0000000010004f04                dcd_edpt_stall
 .text.dcd_edpt_clear_stall
                0x0000000010004f30       0x20 src/CMakeFiles/ubc-pico.dir/usr/share/pico-sdk/lib/tinyusb/src/portable/raspberrypi/rp2040/dcd_rp2040.c.obj
                0x0000000010004f30                dcd_edpt_clear_stall
 .text.prepare_ep_buffer
                0x0000000010004f50       0x6c src/CMakeFiles/ubc-pico.dir/usr/share/pico-sdk/lib/tinyusb/src/portable/raspberrypi/rp2040/rp2040_usb.c.obj
 .text.sync_ep_buffer
                0x0000000010004fbc       0x78 src/CMakeFiles/ubc-pico.dir/usr/share/pico-sdk/lib/tinyusb/src/portable/raspberrypi/rp2040/rp2040_usb.c.obj
 .text._hw_endpoint_xfer_sync
                0x0000000010005034       0x28 src/CMakeFiles/ubc-pico.dir/usr/share/pico-sdk/lib/tinyusb/src/portable/raspberrypi/rp2040/rp2040_usb.c.obj
 .text.rp2040_usb_init
                0x000000001000505c       0x4c src/CMakeFiles/ubc-pico.dir/usr/share/pico-sdk/lib/tinyusb/src/portable/raspberrypi/rp2040/rp2040_usb.c.obj
                0x000000001000505c                rp2040_usb_init
 .text.hw_endpoint_reset_transfer
                0x00000000100050a8        0xc src/CMakeFiles/ubc-pico.dir/usr/share/pico-sdk/lib/tinyusb/src/portable/raspberrypi/rp2040/rp2040_usb.c.obj
                0x00000000100050a8                hw_endpoint_reset_transfer
 .text._hw_endpoint_buffer_control_update32
                0x00000000100050b4       0x58 src/CMakeFiles/ubc-pico.dir/usr/share/pico-sdk/lib/tinyusb/src/portable/raspberrypi/rp2040/rp2040_usb.c.obj
                0x00000000100050b4                _hw_endpoint_buffer_control_update32
 .text._hw_endpoint_start_next_buffer
                0x000000001000510c       0x74 src/CMakeFiles/ubc-pico.dir/usr/share/pico-sdk/lib/tinyusb/src/portable/raspberrypi/rp2040/rp2040_usb.c.obj
 .text.hw_endpoint_xfer_start
                0x0000000010005180       0x48 src/CMakeFiles/ubc-pico.dir/usr/share/pico-sdk/lib/tinyusb/src/portable/raspberrypi/rp2040/rp2040_usb.c.obj
                0x0000000010005180                hw_endpoint_xfer_start
 .text.hw_endpoint_xfer_continue
                0x00000000100051c8       0x38 src/CMakeFiles/ubc-pico.dir/usr/share/pico-sdk/lib/tinyusb/src/portable/raspberrypi/rp2040/rp2040_usb.c.obj
                0x00000000100051c8                hw_endpoint_xfer_continue
 .text.configuration_reset
                0x0000000010005200       0x84 src/CMakeFiles/ubc-pico.dir/usr/share/pico-sdk/lib/tinyusb/src/device/usbd.c.obj
 .text.osal_queue_receive
                0x0000000010005284       0x30 src/CMakeFiles/ubc-pico.dir/usr/share/pico-sdk/lib/tinyusb/src/device/usbd.c.obj
 .text.usbd_reset
                0x00000000100052b4        0xc src/CMakeFiles/ubc-pico.dir/usr/share/pico-sdk/lib/tinyusb/src/device/usbd.c.obj
 .text.invoke_class_control
                0x00000000100052c0       0x1a src/CMakeFiles/ubc-pico.dir/usr/share/pico-sdk/lib/tinyusb/src/device/usbd.c.obj
 *fill*         0x00000000100052da        0x2 
 .text.process_set_config
                0x00000000100052dc      0x1b0 src/CMakeFiles/ubc-pico.dir/usr/share/pico-sdk/lib/tinyusb/src/device/usbd.c.obj
 .text.process_get_descriptor
                0x000000001000548c       0xec src/CMakeFiles/ubc-pico.dir/usr/share/pico-sdk/lib/tinyusb/src/device/usbd.c.obj
 .text.osal_queue_send
                0x0000000010005578       0x4c src/CMakeFiles/ubc-pico.dir/usr/share/pico-sdk/lib/tinyusb/src/device/usbd.c.obj
 .text.tud_mounted
                0x00000000100055c4       0x10 src/CMakeFiles/ubc-pico.dir/usr/share/pico-sdk/lib/tinyusb/src/device/usbd.c.obj
                0x00000000100055c4                tud_mounted
 .text.tud_suspended
                0x00000000100055d4       0x10 src/CMakeFiles/ubc-pico.dir/usr/share/pico-sdk/lib/tinyusb/src/device/usbd.c.obj
                0x00000000100055d4                tud_suspended
 .text.tud_inited
                0x00000000100055e4        0xc src/CMakeFiles/ubc-pico.dir/usr/share/pico-sdk/lib/tinyusb/src/device/usbd.c.obj
                0x00000000100055e4                tud_inited
 .text.tud_init
                0x00000000100055f0       0xcc src/CMakeFiles/ubc-pico.dir/usr/share/pico-sdk/lib/tinyusb/src/device/usbd.c.obj
                0x00000000100055f0                tud_init
 .text.dcd_event_handler
                0x00000000100056bc       0xd4 src/CMakeFiles/ubc-pico.dir/usr/share/pico-sdk/lib/tinyusb/src/device/usbd.c.obj
                0x00000000100056bc                dcd_event_handler
 .text.dcd_event_bus_signal
                0x0000000010005790       0x26 src/CMakeFiles/ubc-pico.dir/usr/share/pico-sdk/lib/tinyusb/src/device/usbd.c.obj
                0x0000000010005790                dcd_event_bus_signal
 .text.dcd_event_bus_reset
                0x00000000100057b6       0x2a src/CMakeFiles/ubc-pico.dir/usr/share/pico-sdk/lib/tinyusb/src/device/usbd.c.obj
                0x00000000100057b6                dcd_event_bus_reset
 .text.dcd_event_setup_received
                0x00000000100057e0       0x34 src/CMakeFiles/ubc-pico.dir/usr/share/pico-sdk/lib/tinyusb/src/device/usbd.c.obj
                0x00000000100057e0                dcd_event_setup_received
 .text.dcd_event_xfer_complete
                0x0000000010005814       0x44 src/CMakeFiles/ubc-pico.dir/usr/share/pico-sdk/lib/tinyusb/src/device/usbd.c.obj
                0x0000000010005814                dcd_event_xfer_complete
 .text.usbd_edpt_open
                0x0000000010005858       0x58 src/CMakeFiles/ubc-pico.dir/usr/share/pico-sdk/lib/tinyusb/src/device/usbd.c.obj
                0x0000000010005858                usbd_edpt_open
 .text.usbd_open_edpt_pair
                0x00000000100058b0       0x8c src/CMakeFiles/ubc-pico.dir/usr/share/pico-sdk/lib/tinyusb/src/device/usbd.c.obj
                0x00000000100058b0                usbd_open_edpt_pair
 .text.usbd_edpt_claim
                0x000000001000593c       0x8c src/CMakeFiles/ubc-pico.dir/usr/share/pico-sdk/lib/tinyusb/src/device/usbd.c.obj
                0x000000001000593c                usbd_edpt_claim
 .text.usbd_edpt_release
                0x00000000100059c8       0x60 src/CMakeFiles/ubc-pico.dir/usr/share/pico-sdk/lib/tinyusb/src/device/usbd.c.obj
                0x00000000100059c8                usbd_edpt_release
 .text.usbd_edpt_xfer
                0x0000000010005a28       0x80 src/CMakeFiles/ubc-pico.dir/usr/share/pico-sdk/lib/tinyusb/src/device/usbd.c.obj
                0x0000000010005a28                usbd_edpt_xfer
 .text.usbd_edpt_stall
                0x0000000010005aa8       0x40 src/CMakeFiles/ubc-pico.dir/usr/share/pico-sdk/lib/tinyusb/src/device/usbd.c.obj
                0x0000000010005aa8                usbd_edpt_stall
 .text.usbd_edpt_clear_stall
                0x0000000010005ae8       0x40 src/CMakeFiles/ubc-pico.dir/usr/share/pico-sdk/lib/tinyusb/src/device/usbd.c.obj
                0x0000000010005ae8                usbd_edpt_clear_stall
 .text.usbd_edpt_stalled
                0x0000000010005b28       0x1c src/CMakeFiles/ubc-pico.dir/usr/share/pico-sdk/lib/tinyusb/src/device/usbd.c.obj
                0x0000000010005b28                usbd_edpt_stalled
 .text.process_control_request
                0x0000000010005b44      0x3b0 src/CMakeFiles/ubc-pico.dir/usr/share/pico-sdk/lib/tinyusb/src/device/usbd.c.obj
 .text.tud_task
                0x0000000010005ef4      0x1f0 src/CMakeFiles/ubc-pico.dir/usr/share/pico-sdk/lib/tinyusb/src/device/usbd.c.obj
                0x0000000010005ef4                tud_task
 .text._status_stage_xact
                0x00000000100060e4       0x1a src/CMakeFiles/ubc-pico.dir/usr/share/pico-sdk/lib/tinyusb/src/device/usbd_control.c.obj
 *fill*         0x00000000100060fe        0x2 
 .text._data_stage_xact
                0x0000000010006100       0x58 src/CMakeFiles/ubc-pico.dir/usr/share/pico-sdk/lib/tinyusb/src/device/usbd_control.c.obj
 .text.tud_control_status
                0x0000000010006158       0x28 src/CMakeFiles/ubc-pico.dir/usr/share/pico-sdk/lib/tinyusb/src/device/usbd_control.c.obj
                0x0000000010006158                tud_control_status
 .text.tud_control_xfer
                0x0000000010006180       0x98 src/CMakeFiles/ubc-pico.dir/usr/share/pico-sdk/lib/tinyusb/src/device/usbd_control.c.obj
                0x0000000010006180                tud_control_xfer
 .text.usbd_control_reset
                0x0000000010006218       0x14 src/CMakeFiles/ubc-pico.dir/usr/share/pico-sdk/lib/tinyusb/src/device/usbd_control.c.obj
                0x0000000010006218                usbd_control_reset
 .text.usbd_control_set_complete_callback
                0x000000001000622c        0xc src/CMakeFiles/ubc-pico.dir/usr/share/pico-sdk/lib/tinyusb/src/device/usbd_control.c.obj
                0x000000001000622c                usbd_control_set_complete_callback
 .text.usbd_control_set_request
                0x0000000010006238       0x1c src/CMakeFiles/ubc-pico.dir/usr/share/pico-sdk/lib/tinyusb/src/device/usbd_control.c.obj
                0x0000000010006238                usbd_control_set_request
 .text.usbd_control_xfer_cb
                0x0000000010006254       0xe8 src/CMakeFiles/ubc-pico.dir/usr/share/pico-sdk/lib/tinyusb/src/device/usbd_control.c.obj
                0x0000000010006254                usbd_control_xfer_cb
 .text._prep_out_transaction
                0x000000001000633c       0x46 src/CMakeFiles/ubc-pico.dir/usr/share/pico-sdk/lib/tinyusb/src/class/cdc/cdc_device.c.obj
 *fill*         0x0000000010006382        0x2 
 .text.tud_cdc_n_connected
                0x0000000010006384       0x38 src/CMakeFiles/ubc-pico.dir/usr/share/pico-sdk/lib/tinyusb/src/class/cdc/cdc_device.c.obj
                0x0000000010006384                tud_cdc_n_connected
 .text.tud_cdc_n_available
                0x00000000100063bc       0x18 src/CMakeFiles/ubc-pico.dir/usr/share/pico-sdk/lib/tinyusb/src/class/cdc/cdc_device.c.obj
                0x00000000100063bc                tud_cdc_n_available
 .text.tud_cdc_n_read
                0x00000000100063d4       0x28 src/CMakeFiles/ubc-pico.dir/usr/share/pico-sdk/lib/tinyusb/src/class/cdc/cdc_device.c.obj
                0x00000000100063d4                tud_cdc_n_read
 .text.tud_cdc_n_write_flush
                0x00000000100063fc       0xcc src/CMakeFiles/ubc-pico.dir/usr/share/pico-sdk/lib/tinyusb/src/class/cdc/cdc_device.c.obj
                0x00000000100063fc                tud_cdc_n_write_flush
 .text.tud_cdc_n_write
                0x00000000100064c8       0x38 src/CMakeFiles/ubc-pico.dir/usr/share/pico-sdk/lib/tinyusb/src/class/cdc/cdc_device.c.obj
                0x00000000100064c8                tud_cdc_n_write
 .text.tud_cdc_n_write_available
                0x0000000010006500       0x1c src/CMakeFiles/ubc-pico.dir/usr/share/pico-sdk/lib/tinyusb/src/class/cdc/cdc_device.c.obj
                0x0000000010006500                tud_cdc_n_write_available
 .text.cdcd_init
                0x000000001000651c       0xbc src/CMakeFiles/ubc-pico.dir/usr/share/pico-sdk/lib/tinyusb/src/class/cdc/cdc_device.c.obj
                0x000000001000651c                cdcd_init
 .text.cdcd_reset
                0x00000000100065d8       0x44 src/CMakeFiles/ubc-pico.dir/usr/share/pico-sdk/lib/tinyusb/src/class/cdc/cdc_device.c.obj
                0x00000000100065d8                cdcd_reset
 .text.cdcd_open
                0x000000001000661c       0xf0 src/CMakeFiles/ubc-pico.dir/usr/share/pico-sdk/lib/tinyusb/src/class/cdc/cdc_device.c.obj
                0x000000001000661c                cdcd_open
 .text.cdcd_control_xfer_cb
                0x000000001000670c      0x134 src/CMakeFiles/ubc-pico.dir/usr/share/pico-sdk/lib/tinyusb/src/class/cdc/cdc_device.c.obj
                0x000000001000670c                cdcd_control_xfer_cb
 .text.cdcd_xfer_cb
                0x0000000010006840      0x144 src/CMakeFiles/ubc-pico.dir/usr/share/pico-sdk/lib/tinyusb/src/class/cdc/cdc_device.c.obj
                0x0000000010006840                cdcd_xfer_cb
 .text.tusb_init
                0x0000000010006984       0x24 src/CMakeFiles/ubc-pico.dir/usr/share/pico-sdk/lib/tinyusb/src/tusb.c.obj
                0x0000000010006984                tusb_init
 .text.tusb_inited
                0x00000000100069a8        0xe src/CMakeFiles/ubc-pico.dir/usr/share/pico-sdk/lib/tinyusb/src/tusb.c.obj
                0x00000000100069a8                tusb_inited
 *fill*         0x00000000100069b6        0x2 
 .text.tu_edpt_validate
                0x00000000100069b8       0xa8 src/CMakeFiles/ubc-pico.dir/usr/share/pico-sdk/lib/tinyusb/src/tusb.c.obj
                0x00000000100069b8                tu_edpt_validate
 .text.tu_edpt_bind_driver
                0x0000000010006a60       0x2a src/CMakeFiles/ubc-pico.dir/usr/share/pico-sdk/lib/tinyusb/src/tusb.c.obj
                0x0000000010006a60                tu_edpt_bind_driver
 .text.advance_pointer
                0x0000000010006a8a       0x18 src/CMakeFiles/ubc-pico.dir/usr/share/pico-sdk/lib/tinyusb/src/common/tusb_fifo.c.obj
 .text.backward_pointer
                0x0000000010006aa2       0x1e src/CMakeFiles/ubc-pico.dir/usr/share/pico-sdk/lib/tinyusb/src/common/tusb_fifo.c.obj
 .text.get_relative_pointer
                0x0000000010006ac0       0x10 src/CMakeFiles/ubc-pico.dir/usr/share/pico-sdk/lib/tinyusb/src/common/tusb_fifo.c.obj
 .text._tu_fifo_peek
                0x0000000010006ad0       0x50 src/CMakeFiles/ubc-pico.dir/usr/share/pico-sdk/lib/tinyusb/src/common/tusb_fifo.c.obj
 .text._ff_pull_const_addr
                0x0000000010006b20       0x4c src/CMakeFiles/ubc-pico.dir/usr/share/pico-sdk/lib/tinyusb/src/common/tusb_fifo.c.obj
 .text._ff_pull_n
                0x0000000010006b6c      0x10c src/CMakeFiles/ubc-pico.dir/usr/share/pico-sdk/lib/tinyusb/src/common/tusb_fifo.c.obj
 .text._tu_fifo_peek_n
                0x0000000010006c78       0x5e src/CMakeFiles/ubc-pico.dir/usr/share/pico-sdk/lib/tinyusb/src/common/tusb_fifo.c.obj
 .text._tu_fifo_read_n
                0x0000000010006cd6       0x4e src/CMakeFiles/ubc-pico.dir/usr/share/pico-sdk/lib/tinyusb/src/common/tusb_fifo.c.obj
 .text._ff_push_const_addr
                0x0000000010006d24       0x40 src/CMakeFiles/ubc-pico.dir/usr/share/pico-sdk/lib/tinyusb/src/common/tusb_fifo.c.obj
 .text._ff_push_n
                0x0000000010006d64      0x108 src/CMakeFiles/ubc-pico.dir/usr/share/pico-sdk/lib/tinyusb/src/common/tusb_fifo.c.obj
 .text._tu_fifo_write_n
                0x0000000010006e6c       0x9e src/CMakeFiles/ubc-pico.dir/usr/share/pico-sdk/lib/tinyusb/src/common/tusb_fifo.c.obj
 .text.tu_fifo_config
                0x0000000010006f0a       0x72 src/CMakeFiles/ubc-pico.dir/usr/share/pico-sdk/lib/tinyusb/src/common/tusb_fifo.c.obj
                0x0000000010006f0a                tu_fifo_config
 .text.tu_fifo_count
                0x0000000010006f7c       0x26 src/CMakeFiles/ubc-pico.dir/usr/share/pico-sdk/lib/tinyusb/src/common/tusb_fifo.c.obj
                0x0000000010006f7c                tu_fifo_count
 .text.tu_fifo_empty
                0x0000000010006fa2        0xe src/CMakeFiles/ubc-pico.dir/usr/share/pico-sdk/lib/tinyusb/src/common/tusb_fifo.c.obj
                0x0000000010006fa2                tu_fifo_empty
 .text.tu_fifo_remaining
                0x0000000010006fb0       0x20 src/CMakeFiles/ubc-pico.dir/usr/share/pico-sdk/lib/tinyusb/src/common/tusb_fifo.c.obj
                0x0000000010006fb0                tu_fifo_remaining
 .text.tu_fifo_read
                0x0000000010006fd0       0x42 src/CMakeFiles/ubc-pico.dir/usr/share/pico-sdk/lib/tinyusb/src/common/tusb_fifo.c.obj
                0x0000000010006fd0                tu_fifo_read
 .text.tu_fifo_read_n
                0x0000000010007012        0xa src/CMakeFiles/ubc-pico.dir/usr/share/pico-sdk/lib/tinyusb/src/common/tusb_fifo.c.obj
                0x0000000010007012                tu_fifo_read_n
 .text.tu_fifo_write
                0x000000001000701c       0x6a src/CMakeFiles/ubc-pico.dir/usr/share/pico-sdk/lib/tinyusb/src/common/tusb_fifo.c.obj
                0x000000001000701c                tu_fifo_write
 .text.tu_fifo_write_n
                0x0000000010007086        0xa src/CMakeFiles/ubc-pico.dir/usr/share/pico-sdk/lib/tinyusb/src/common/tusb_fifo.c.obj
                0x0000000010007086                tu_fifo_write_n
 .text.tu_fifo_clear
                0x0000000010007090       0x4c src/CMakeFiles/ubc-pico.dir/usr/share/pico-sdk/lib/tinyusb/src/common/tusb_fifo.c.obj
                0x0000000010007090                tu_fifo_clear
 .text.tu_fifo_set_overwritable
                0x00000000100070dc       0x3c src/CMakeFiles/ubc-pico.dir/usr/share/pico-sdk/lib/tinyusb/src/common/tusb_fifo.c.obj
                0x00000000100070dc                tu_fifo_set_overwritable
 .text._retrieve_unique_id_on_boot
                0x0000000010007118       0x10 src/CMakeFiles/ubc-pico.dir/usr/share/pico-sdk/src/rp2_common/pico_unique_id/unique_id.c.obj
 .text.pico_get_unique_board_id_string
                0x0000000010007128       0x5c src/CMakeFiles/ubc-pico.dir/usr/share/pico-sdk/src/rp2_common/pico_unique_id/unique_id.c.obj
                0x0000000010007128                pico_get_unique_board_id_string
 .text.flash_get_unique_id
                0x0000000010007184       0x46 src/CMakeFiles/ubc-pico.dir/usr/share/pico-sdk/src/rp2_common/hardware_flash/flash.c.obj
                0x0000000010007184                flash_get_unique_id
 .text.i2c_write_blocking_internal
                0x00000000100071ca      0x146 src/CMakeFiles/ubc-pico.dir/usr/share/pico-sdk/src/rp2_common/hardware_i2c/i2c.c.obj
 .text.i2c_set_baudrate
                0x0000000010007310       0xf0 src/CMakeFiles/ubc-pico.dir/usr/share/pico-sdk/src/rp2_common/hardware_i2c/i2c.c.obj
                0x0000000010007310                i2c_set_baudrate
 .text.i2c_init
                0x0000000010007400       0x58 src/CMakeFiles/ubc-pico.dir/usr/share/pico-sdk/src/rp2_common/hardware_i2c/i2c.c.obj
                0x0000000010007400                i2c_init
 .text.i2c_write_blocking
                0x0000000010007458       0x18 src/CMakeFiles/ubc-pico.dir/usr/share/pico-sdk/src/rp2_common/hardware_i2c/i2c.c.obj
                0x0000000010007458                i2c_write_blocking
 .text.atexit   0x0000000010007470       0x10 /usr/lib/gcc/arm-none-eabi/12.2.0/../../../../arm-none-eabi/lib/thumb/v6-m/nofp/libg.a(lib_a-atexit.o)
                0x0000000010007470                atexit
 .text.__libc_fini_array
                0x0000000010007480       0x28 /usr/lib/gcc/arm-none-eabi/12.2.0/../../../../arm-none-eabi/lib/thumb/v6-m/nofp/libg.a(lib_a-fini.o)
                0x0000000010007480                __libc_fini_array
 .text.strlen   0x00000000100074a8       0x5c /usr/lib/gcc/arm-none-eabi/12.2.0/../../../../arm-none-eabi/lib/thumb/v6-m/nofp/libg.a(lib_a-strlen-stub.o)
                0x00000000100074a8                strlen
 .text.__register_exitproc
                0x0000000010007504       0xac /usr/lib/gcc/arm-none-eabi/12.2.0/../../../../arm-none-eabi/lib/thumb/v6-m/nofp/libg.a(lib_a-__atexit.o)
                0x0000000010007504                __register_exitproc
 .text.startup.register_fini
                0x00000000100075b0       0x18 /usr/lib/gcc/arm-none-eabi/12.2.0/../../../../arm-none-eabi/lib/thumb/v6-m/nofp/libg.a(lib_a-__call_atexit.o)
 .text.__retarget_lock_acquire_recursive
                0x00000000100075c8        0x4 /usr/lib/gcc/arm-none-eabi/12.2.0/../../../../arm-none-eabi/lib/thumb/v6-m/nofp/libg.a(lib_a-lock.o)
                0x00000000100075c8                __retarget_lock_acquire_recursive
 .text.__retarget_lock_release_recursive
                0x00000000100075cc        0x4 /usr/lib/gcc/arm-none-eabi/12.2.0/../../../../arm-none-eabi/lib/thumb/v6-m/nofp/libg.a(lib_a-lock.o)
                0x00000000100075cc                __retarget_lock_release_recursive
 *(.fini)
 .fini          0x00000000100075d0        0x4 /usr/lib/gcc/arm-none-eabi/12.2.0/thumb/v6-m/nofp/crti.o
                0x00000000100075d0                _fini
 *fill*         0x00000000100075d4        0x4 
 .fini.__stub   0x00000000100075d8       0x70 linker stubs
 *crtbegin.o(.ctors)
 *crtbegin?.o(.ctors)
 *(EXCLUDE_FILE(*crtend.o *crtend?.o) .ctors)
 *(SORT_BY_NAME(.ctors.*))
 *(.ctors)
 *crtbegin.o(.dtors)
 *crtbegin?.o(.dtors)
 *(EXCLUDE_FILE(*crtend.o *crtend?.o) .dtors)
 *(SORT_BY_NAME(.dtors.*))
 *(.dtors)
 *(.eh_frame*)
 .eh_frame      0x0000000010007648        0x0 /usr/lib/gcc/arm-none-eabi/12.2.0/thumb/v6-m/nofp/crtbegin.o
                0x0000000010007648                . = ALIGN (0x4)

.glue_7         0x0000000010007648        0x0
 .glue_7        0x0000000010007648        0x0 linker stubs

.glue_7t        0x0000000010007648        0x0
 .glue_7t       0x0000000010007648        0x0 linker stubs

.vfp11_veneer   0x0000000010007648        0x0
 .vfp11_veneer  0x0000000010007648        0x0 linker stubs

.v4_bx          0x0000000010007648        0x0
 .v4_bx         0x0000000010007648        0x0 linker stubs

.iplt           0x0000000010007648        0x0
 .iplt          0x0000000010007648        0x0 /usr/lib/gcc/arm-none-eabi/12.2.0/thumb/v6-m/nofp/crtbegin.o

.rodata         0x0000000010007648     0x16bc
 *(EXCLUDE_FILE(*libm.a: *libc.a:*lib_a-mem*.o *libgcc.a:) .rodata*)
 .rodata.initI2C.str1.4
                0x0000000010007648       0x13 src/CMakeFiles/ubc-pico.dir/oled.c.obj
 *fill*         0x000000001000765b        0x1 
 .rodata.display.0
                0x000000001000765c        0x6 src/CMakeFiles/ubc-pico.dir/oled.c.obj
 .rodata.postInit.1
                0x0000000010007662        0x1 src/CMakeFiles/ubc-pico.dir/oled.c.obj
 *fill*         0x0000000010007663        0x1 
 .rodata.init.2
                0x0000000010007664       0x24 src/CMakeFiles/ubc-pico.dir/oled.c.obj
 .rodata.__bi_40.3
                0x0000000010007688        0x8 src/CMakeFiles/ubc-pico.dir/oled.c.obj
 .rodata.powerOn.5
                0x0000000010007690        0x3 src/CMakeFiles/ubc-pico.dir/oled.c.obj
 *fill*         0x0000000010007693        0x1 
 .rodata.display.6
                0x0000000010007694        0x6 src/CMakeFiles/ubc-pico.dir/oled.c.obj
 *fill*         0x000000001000769a        0x2 
 .rodata.spin_lock_claim_unused.str1.4
                0x000000001000769c       0x1b src/CMakeFiles/ubc-pico.dir/usr/share/pico-sdk/src/rp2_common/hardware_sync/sync.c.obj
 *fill*         0x00000000100076b7        0x1 
 .rodata.resolve_branch.str1.4
                0x00000000100076b8       0x4e src/CMakeFiles/ubc-pico.dir/usr/share/pico-sdk/src/rp2_common/hardware_irq/irq.c.obj
 *fill*         0x0000000010007706        0x2 
 .rodata.make_branch.str1.4
                0x0000000010007708       0x30 src/CMakeFiles/ubc-pico.dir/usr/share/pico-sdk/src/rp2_common/hardware_irq/irq.c.obj
 .rodata.insert_branch_and_link.str1.4
                0x0000000010007738       0x10 src/CMakeFiles/ubc-pico.dir/usr/share/pico-sdk/src/rp2_common/hardware_irq/irq.c.obj
 .rodata.irq_set_exclusive_handler.str1.4
                0x0000000010007748       0x36 src/CMakeFiles/ubc-pico.dir/usr/share/pico-sdk/src/rp2_common/hardware_irq/irq.c.obj
 *fill*         0x000000001000777e        0x2 
 .rodata.irq_add_shared_handler.str1.4
                0x0000000010007780       0xc2 src/CMakeFiles/ubc-pico.dir/usr/share/pico-sdk/src/rp2_common/hardware_irq/irq.c.obj
 *fill*         0x0000000010007842        0x2 
 .rodata.irq_remove_handler.str1.4
                0x0000000010007844       0x2a src/CMakeFiles/ubc-pico.dir/usr/share/pico-sdk/src/rp2_common/hardware_irq/irq.c.obj
 *fill*         0x000000001000786e        0x2 
 .rodata.irq_add_tail_to_free_list.str1.4
                0x0000000010007870       0x3a src/CMakeFiles/ubc-pico.dir/usr/share/pico-sdk/src/rp2_common/hardware_irq/irq.c.obj
 *fill*         0x00000000100078aa        0x2 
 .rodata.user_irq_claim_unused.str1.4
                0x00000000100078ac       0x1b src/CMakeFiles/ubc-pico.dir/usr/share/pico-sdk/src/rp2_common/hardware_irq/irq.c.obj
 *fill*         0x00000000100078c7        0x1 
 .rodata.__func__.0
                0x00000000100078c8       0x1a src/CMakeFiles/ubc-pico.dir/usr/share/pico-sdk/src/rp2_common/hardware_irq/irq.c.obj
 *fill*         0x00000000100078e2        0x2 
 .rodata.__func__.1
                0x00000000100078e4       0x17 src/CMakeFiles/ubc-pico.dir/usr/share/pico-sdk/src/rp2_common/hardware_irq/irq.c.obj
 *fill*         0x00000000100078fb        0x1 
 .rodata.__func__.2
                0x00000000100078fc       0x13 src/CMakeFiles/ubc-pico.dir/usr/share/pico-sdk/src/rp2_common/hardware_irq/irq.c.obj
 *fill*         0x000000001000790f        0x1 
 .rodata.__func__.3
                0x0000000010007910        0xc src/CMakeFiles/ubc-pico.dir/usr/share/pico-sdk/src/rp2_common/hardware_irq/irq.c.obj
 .rodata.__func__.4
                0x000000001000791c        0xf src/CMakeFiles/ubc-pico.dir/usr/share/pico-sdk/src/rp2_common/hardware_irq/irq.c.obj
 *fill*         0x000000001000792b        0x1 
 .rodata.__func__.5
                0x000000001000792c       0x17 src/CMakeFiles/ubc-pico.dir/usr/share/pico-sdk/src/rp2_common/hardware_irq/irq.c.obj
 *fill*         0x0000000010007943        0x1 
 .rodata.__func__.6
                0x0000000010007944       0x1a src/CMakeFiles/ubc-pico.dir/usr/share/pico-sdk/src/rp2_common/hardware_irq/irq.c.obj
 *fill*         0x000000001000795e        0x2 
 .rodata.get_entry.str1.4
                0x0000000010007960       0x54 src/CMakeFiles/ubc-pico.dir/usr/share/pico-sdk/src/common/pico_time/time.c.obj
 .rodata.update_us_since_boot.str1.4
                0x00000000100079b4       0x5a src/CMakeFiles/ubc-pico.dir/usr/share/pico-sdk/src/common/pico_time/time.c.obj
 *fill*         0x0000000010007a0e        0x2 
 .rodata.ph_get_node.str1.4
                0x0000000010007a10       0x5f src/CMakeFiles/ubc-pico.dir/usr/share/pico-sdk/src/common/pico_time/time.c.obj
 *fill*         0x0000000010007a6f        0x1 
 .rodata.ph_add_child_node.str1.4
                0x0000000010007a70       0x2e src/CMakeFiles/ubc-pico.dir/usr/share/pico-sdk/src/common/pico_time/time.c.obj
 *fill*         0x0000000010007a9e        0x2 
 .rodata.ph_insert_node.str1.4
                0x0000000010007aa0        0x3 src/CMakeFiles/ubc-pico.dir/usr/share/pico-sdk/src/common/pico_time/time.c.obj
 *fill*         0x0000000010007aa3        0x1 
 .rodata.ph_free_node.str1.4
                0x0000000010007aa4       0x22 src/CMakeFiles/ubc-pico.dir/usr/share/pico-sdk/src/common/pico_time/time.c.obj
 *fill*         0x0000000010007ac6        0x2 
 .rodata.add_alarm_under_lock.str1.4
                0x0000000010007ac8       0x28 src/CMakeFiles/ubc-pico.dir/usr/share/pico-sdk/src/common/pico_time/time.c.obj
 .rodata.alarm_pool_alarm_callback.str1.4
                0x0000000010007af0       0x60 src/CMakeFiles/ubc-pico.dir/usr/share/pico-sdk/src/common/pico_time/time.c.obj
 .rodata.alarm_pool_get_default.str1.4
                0x0000000010007b50       0x21 src/CMakeFiles/ubc-pico.dir/usr/share/pico-sdk/src/common/pico_time/time.c.obj
 *fill*         0x0000000010007b71        0x3 
 .rodata.alarm_pool_cancel_alarm.str1.4
                0x0000000010007b74       0x27 src/CMakeFiles/ubc-pico.dir/usr/share/pico-sdk/src/common/pico_time/time.c.obj
 *fill*         0x0000000010007b9b        0x1 
 .rodata.sleep_until.str1.4
                0x0000000010007b9c       0x4d src/CMakeFiles/ubc-pico.dir/usr/share/pico-sdk/src/common/pico_time/time.c.obj
 *fill*         0x0000000010007be9        0x3 
 .rodata.__func__.1
                0x0000000010007bec       0x18 src/CMakeFiles/ubc-pico.dir/usr/share/pico-sdk/src/common/pico_time/time.c.obj
 .rodata.__func__.3
                0x0000000010007c04       0x17 src/CMakeFiles/ubc-pico.dir/usr/share/pico-sdk/src/common/pico_time/time.c.obj
 *fill*         0x0000000010007c1b        0x1 
 .rodata.__func__.4
                0x0000000010007c1c       0x12 src/CMakeFiles/ubc-pico.dir/usr/share/pico-sdk/src/common/pico_time/time.c.obj
 *fill*         0x0000000010007c2e        0x2 
 .rodata.__func__.5
                0x0000000010007c30        0xd src/CMakeFiles/ubc-pico.dir/usr/share/pico-sdk/src/common/pico_time/time.c.obj
 *fill*         0x0000000010007c3d        0x3 
 .rodata.__func__.6
                0x0000000010007c40       0x12 src/CMakeFiles/ubc-pico.dir/usr/share/pico-sdk/src/common/pico_time/time.c.obj
 *fill*         0x0000000010007c52        0x2 
 .rodata.__func__.7
                0x0000000010007c54        0xf src/CMakeFiles/ubc-pico.dir/usr/share/pico-sdk/src/common/pico_time/time.c.obj
 *fill*         0x0000000010007c63        0x1 
 .rodata.__func__.8
                0x0000000010007c64        0xc src/CMakeFiles/ubc-pico.dir/usr/share/pico-sdk/src/common/pico_time/time.c.obj
 .rodata.__func__.9
                0x0000000010007c70       0x15 src/CMakeFiles/ubc-pico.dir/usr/share/pico-sdk/src/common/pico_time/time.c.obj
 *fill*         0x0000000010007c85        0x3 
 .rodata.__func__.10
                0x0000000010007c88       0x15 src/CMakeFiles/ubc-pico.dir/usr/share/pico-sdk/src/common/pico_time/time.c.obj
 *fill*         0x0000000010007c9d        0x3 
 .rodata.__func__.11
                0x0000000010007ca0       0x1a src/CMakeFiles/ubc-pico.dir/usr/share/pico-sdk/src/common/pico_time/time.c.obj
 *fill*         0x0000000010007cba        0x2 
 .rodata.__func__.12
                0x0000000010007cbc        0xa src/CMakeFiles/ubc-pico.dir/usr/share/pico-sdk/src/common/pico_time/time.c.obj
 *fill*         0x0000000010007cc6        0x2 
 .rodata.hardware_alarm_claim.str1.4
                0x0000000010007cc8       0x22 src/CMakeFiles/ubc-pico.dir/usr/share/pico-sdk/src/rp2_common/hardware_timer/timer.c.obj
 *fill*         0x0000000010007cea        0x2 
 .rodata.hardware_alarm_set_target.str1.4
                0x0000000010007cec       0x5e src/CMakeFiles/ubc-pico.dir/usr/share/pico-sdk/src/rp2_common/hardware_timer/timer.c.obj
 *fill*         0x0000000010007d4a        0x2 
 .rodata.__func__.0
                0x0000000010007d4c       0x1a src/CMakeFiles/ubc-pico.dir/usr/share/pico-sdk/src/rp2_common/hardware_timer/timer.c.obj
 .rodata.ph_get_node.str1.4
                0x0000000010007d66       0x5f src/CMakeFiles/ubc-pico.dir/usr/share/pico-sdk/src/common/pico_util/pheap.c.obj
 .rodata.ph_add_child_node.str1.4
                0x0000000010007d66       0x2e src/CMakeFiles/ubc-pico.dir/usr/share/pico-sdk/src/common/pico_util/pheap.c.obj
 *fill*         0x0000000010007d66        0x2 
 .rodata.ph_remove_any_head.str1.4
                0x0000000010007d68       0x88 src/CMakeFiles/ubc-pico.dir/usr/share/pico-sdk/src/common/pico_util/pheap.c.obj
 .rodata.ph_remove_and_free_node.str1.4
                0x0000000010007df0       0x1e src/CMakeFiles/ubc-pico.dir/usr/share/pico-sdk/src/common/pico_util/pheap.c.obj
                                         0x26 (size before relaxing)
 *fill*         0x0000000010007e0e        0x2 
 .rodata.__func__.0
                0x0000000010007e10       0x18 src/CMakeFiles/ubc-pico.dir/usr/share/pico-sdk/src/common/pico_util/pheap.c.obj
 .rodata.__func__.1
                0x0000000010007e28       0x13 src/CMakeFiles/ubc-pico.dir/usr/share/pico-sdk/src/common/pico_util/pheap.c.obj
 *fill*         0x0000000010007e3b        0x1 
 .rodata.__func__.2
                0x0000000010007e3c       0x12 src/CMakeFiles/ubc-pico.dir/usr/share/pico-sdk/src/common/pico_util/pheap.c.obj
 *fill*         0x0000000010007e4e        0x2 
 .rodata.__func__.3
                0x0000000010007e50        0xc src/CMakeFiles/ubc-pico.dir/usr/share/pico-sdk/src/common/pico_util/pheap.c.obj
 .rodata.update_us_since_boot.str1.4
                0x0000000010007e5c       0x5a src/CMakeFiles/ubc-pico.dir/usr/share/pico-sdk/src/common/pico_sync/mutex.c.obj
 .rodata.str1.4
                0x0000000010007e5c       0x85 src/CMakeFiles/ubc-pico.dir/usr/share/pico-sdk/src/common/pico_sync/mutex.c.obj
 *fill*         0x0000000010007ee1        0x3 
 .rodata.__func__.1
                0x0000000010007ee4        0xb src/CMakeFiles/ubc-pico.dir/usr/share/pico-sdk/src/common/pico_sync/mutex.c.obj
 *fill*         0x0000000010007eef        0x1 
 .rodata.__func__.3
                0x0000000010007ef0       0x18 src/CMakeFiles/ubc-pico.dir/usr/share/pico-sdk/src/common/pico_sync/mutex.c.obj
 .rodata.__func__.4
                0x0000000010007f08       0x15 src/CMakeFiles/ubc-pico.dir/usr/share/pico-sdk/src/common/pico_sync/mutex.c.obj
 *fill*         0x0000000010007f1d        0x3 
 .rodata.__assert_func.str1.4
                0x0000000010007f20       0x3f src/CMakeFiles/ubc-pico.dir/usr/share/pico-sdk/src/rp2_common/pico_runtime/runtime.c.obj
                                         0x43 (size before relaxing)
 *fill*         0x0000000010007f5f        0x1 
 .rodata.runtime_init.str1.4
                0x0000000010007f60       0x5a src/CMakeFiles/ubc-pico.dir/usr/share/pico-sdk/src/rp2_common/pico_runtime/runtime.c.obj
 *fill*         0x0000000010007fba        0x2 
 .rodata.panic.str1.4
                0x0000000010007fbc       0x12 src/CMakeFiles/ubc-pico.dir/usr/share/pico-sdk/src/rp2_common/pico_runtime/runtime.c.obj
 *fill*         0x0000000010007fce        0x2 
 .rodata.__func__.1
                0x0000000010007fd0        0xd src/CMakeFiles/ubc-pico.dir/usr/share/pico-sdk/src/rp2_common/pico_runtime/runtime.c.obj
 *fill*         0x0000000010007fdd        0x3 
 .rodata.clock_configure.str1.4
                0x0000000010007fe0       0x50 src/CMakeFiles/ubc-pico.dir/usr/share/pico-sdk/src/rp2_common/hardware_clocks/clocks.c.obj
 .rodata.__func__.1
                0x0000000010008030       0x10 src/CMakeFiles/ubc-pico.dir/usr/share/pico-sdk/src/rp2_common/hardware_clocks/clocks.c.obj
 .rodata.pll_init.str1.4
                0x0000000010008040      0x133 src/CMakeFiles/ubc-pico.dir/usr/share/pico-sdk/src/rp2_common/hardware_pll/pll.c.obj
 *fill*         0x0000000010008173        0x1 
 .rodata.__func__.0
                0x0000000010008174        0x9 src/CMakeFiles/ubc-pico.dir/usr/share/pico-sdk/src/rp2_common/hardware_pll/pll.c.obj
 *fill*         0x000000001000817d        0x3 
 .rodata._ftoa.str1.4
                0x0000000010008180       0x15 src/CMakeFiles/ubc-pico.dir/usr/share/pico-sdk/src/rp2_common/pico_printf/printf.c.obj
 *fill*         0x0000000010008195        0x3 
 .rodata._vsnprintf
                0x0000000010008198      0x19c src/CMakeFiles/ubc-pico.dir/usr/share/pico-sdk/src/rp2_common/pico_printf/printf.c.obj
 *fill*         0x0000000010008334        0x4 
 .rodata.pow10.0
                0x0000000010008338       0x50 src/CMakeFiles/ubc-pico.dir/usr/share/pico-sdk/src/rp2_common/pico_printf/printf.c.obj
 .rodata.__aeabi_double_init.str1.4
                0x0000000010008388       0xa1 src/CMakeFiles/ubc-pico.dir/usr/share/pico-sdk/src/rp2_common/pico_double/double_init_rom.c.obj
 *fill*         0x0000000010008429        0x3 
 .rodata.__func__.0
                0x000000001000842c       0x14 src/CMakeFiles/ubc-pico.dir/usr/share/pico-sdk/src/rp2_common/pico_double/double_init_rom.c.obj
 .rodata.__aeabi_float_init.str1.4
                0x0000000010008440       0x73 src/CMakeFiles/ubc-pico.dir/usr/share/pico-sdk/src/rp2_common/pico_float/float_init_rom.c.obj
                                         0x77 (size before relaxing)
 *fill*         0x00000000100084b3        0x1 
 .rodata.__func__.0
                0x00000000100084b4       0x13 src/CMakeFiles/ubc-pico.dir/usr/share/pico-sdk/src/rp2_common/pico_float/float_init_rom.c.obj
 *fill*         0x00000000100084c7        0x1 
 .rodata.str1.4
                0x00000000100084c8       0x38 src/CMakeFiles/ubc-pico.dir/usr/share/pico-sdk/src/rp2_common/pico_standard_link/binary_info.c.obj
                                         0x40 (size before relaxing)
 .rodata.__bi_81
                0x0000000010008500        0xc src/CMakeFiles/ubc-pico.dir/usr/share/pico-sdk/src/rp2_common/pico_standard_link/binary_info.c.obj
 .rodata.__bi_75
                0x000000001000850c        0xc src/CMakeFiles/ubc-pico.dir/usr/share/pico-sdk/src/rp2_common/pico_standard_link/binary_info.c.obj
 .rodata.__bi_44
                0x0000000010008518        0xc src/CMakeFiles/ubc-pico.dir/usr/share/pico-sdk/src/rp2_common/pico_standard_link/binary_info.c.obj
 .rodata.crlf_str.3
                0x0000000010008524        0x2 src/CMakeFiles/ubc-pico.dir/usr/share/pico-sdk/src/rp2_common/pico_stdio/stdio.c.obj
 *fill*         0x0000000010008526        0x2 
 .rodata._resetd_driver
                0x0000000010008528       0x18 src/CMakeFiles/ubc-pico.dir/usr/share/pico-sdk/src/rp2_common/pico_stdio_usb/reset_interface.c.obj
 .rodata.update_us_since_boot.str1.4
                0x0000000010008540       0x5a src/CMakeFiles/ubc-pico.dir/usr/share/pico-sdk/src/rp2_common/pico_stdio_usb/stdio_usb.c.obj
 .rodata.timer_task.str1.4
                0x0000000010008540       0x66 src/CMakeFiles/ubc-pico.dir/usr/share/pico-sdk/src/rp2_common/pico_stdio_usb/stdio_usb.c.obj
 *fill*         0x00000000100085a6        0x2 
 .rodata.__func__.0
                0x00000000100085a8       0x15 src/CMakeFiles/ubc-pico.dir/usr/share/pico-sdk/src/rp2_common/pico_stdio_usb/stdio_usb.c.obj
 *fill*         0x00000000100085bd        0x3 
 .rodata.__func__.1
                0x00000000100085c0        0xb src/CMakeFiles/ubc-pico.dir/usr/share/pico-sdk/src/rp2_common/pico_stdio_usb/stdio_usb.c.obj
 *fill*         0x00000000100085cb        0x1 
 .rodata.str1.4
                0x00000000100085cc       0x13 src/CMakeFiles/ubc-pico.dir/usr/share/pico-sdk/src/rp2_common/pico_stdio_usb/stdio_usb.c.obj
 *fill*         0x00000000100085df        0x1 
 .rodata.__bi_118.2
                0x00000000100085e0        0xc src/CMakeFiles/ubc-pico.dir/usr/share/pico-sdk/src/rp2_common/pico_stdio_usb/stdio_usb.c.obj
 .rodata.str1.4
                0x00000000100085ec       0x2a src/CMakeFiles/ubc-pico.dir/usr/share/pico-sdk/src/rp2_common/pico_stdio_usb/stdio_usb_descriptors.c.obj
 *fill*         0x0000000010008616        0x2 
 .rodata.usbd_desc_str
                0x0000000010008618       0x18 src/CMakeFiles/ubc-pico.dir/usr/share/pico-sdk/src/rp2_common/pico_stdio_usb/stdio_usb_descriptors.c.obj
 .rodata.usbd_desc_cfg
                0x0000000010008630       0x54 src/CMakeFiles/ubc-pico.dir/usr/share/pico-sdk/src/rp2_common/pico_stdio_usb/stdio_usb_descriptors.c.obj
 .rodata.usbd_desc_device
                0x0000000010008684       0x12 src/CMakeFiles/ubc-pico.dir/usr/share/pico-sdk/src/rp2_common/pico_stdio_usb/stdio_usb_descriptors.c.obj
 *fill*         0x0000000010008696        0x2 
 .rodata._hw_endpoint_alloc.str1.4
                0x0000000010008698       0xb1 src/CMakeFiles/ubc-pico.dir/usr/share/pico-sdk/lib/tinyusb/src/portable/raspberrypi/rp2040/dcd_rp2040.c.obj
 *fill*         0x0000000010008749        0x3 
 .rodata.dcd_rp2040_irq.str1.4
                0x000000001000874c       0x14 src/CMakeFiles/ubc-pico.dir/usr/share/pico-sdk/lib/tinyusb/src/portable/raspberrypi/rp2040/dcd_rp2040.c.obj
 .rodata.dcd_int_enable.str1.4
                0x0000000010008760        0xc src/CMakeFiles/ubc-pico.dir/usr/share/pico-sdk/lib/tinyusb/src/portable/raspberrypi/rp2040/dcd_rp2040.c.obj
 .rodata.__func__.0
                0x000000001000876c        0xe src/CMakeFiles/ubc-pico.dir/usr/share/pico-sdk/lib/tinyusb/src/portable/raspberrypi/rp2040/dcd_rp2040.c.obj
 *fill*         0x000000001000877a        0x2 
 .rodata.__func__.1
                0x000000001000877c        0xe src/CMakeFiles/ubc-pico.dir/usr/share/pico-sdk/lib/tinyusb/src/portable/raspberrypi/rp2040/dcd_rp2040.c.obj
 *fill*         0x000000001000878a        0x2 
 .rodata.__func__.3
                0x000000001000878c       0x10 src/CMakeFiles/ubc-pico.dir/usr/share/pico-sdk/lib/tinyusb/src/portable/raspberrypi/rp2040/dcd_rp2040.c.obj
 .rodata.__func__.5
                0x000000001000879c        0xf src/CMakeFiles/ubc-pico.dir/usr/share/pico-sdk/lib/tinyusb/src/portable/raspberrypi/rp2040/dcd_rp2040.c.obj
 *fill*         0x00000000100087ab        0x1 
 .rodata.__func__.6
                0x00000000100087ac       0x13 src/CMakeFiles/ubc-pico.dir/usr/share/pico-sdk/lib/tinyusb/src/portable/raspberrypi/rp2040/dcd_rp2040.c.obj
 *fill*         0x00000000100087bf        0x1 
 .rodata.__func__.7
                0x00000000100087c0        0x9 src/CMakeFiles/ubc-pico.dir/usr/share/pico-sdk/lib/tinyusb/src/portable/raspberrypi/rp2040/dcd_rp2040.c.obj
 *fill*         0x00000000100087c9        0x3 
 .rodata.sync_ep_buffer.str1.4
                0x00000000100087cc       0x8d src/CMakeFiles/ubc-pico.dir/usr/share/pico-sdk/lib/tinyusb/src/portable/raspberrypi/rp2040/rp2040_usb.c.obj
 *fill*         0x0000000010008859        0x3 
 .rodata._hw_endpoint_buffer_control_update32.str1.4
                0x000000001000885c       0x1f src/CMakeFiles/ubc-pico.dir/usr/share/pico-sdk/lib/tinyusb/src/portable/raspberrypi/rp2040/rp2040_usb.c.obj
 *fill*         0x000000001000887b        0x1 
 .rodata.hw_endpoint_xfer_start.str1.4
                0x000000001000887c       0x38 src/CMakeFiles/ubc-pico.dir/usr/share/pico-sdk/lib/tinyusb/src/portable/raspberrypi/rp2040/rp2040_usb.c.obj
 .rodata.hw_endpoint_xfer_continue.str1.4
                0x00000000100088b4       0x29 src/CMakeFiles/ubc-pico.dir/usr/share/pico-sdk/lib/tinyusb/src/portable/raspberrypi/rp2040/rp2040_usb.c.obj
 *fill*         0x00000000100088dd        0x3 
 .rodata.__func__.0
                0x00000000100088e0        0xf src/CMakeFiles/ubc-pico.dir/usr/share/pico-sdk/lib/tinyusb/src/portable/raspberrypi/rp2040/rp2040_usb.c.obj
 *fill*         0x00000000100088ef        0x1 
 .rodata.str1.4
                0x00000000100088f0        0x7 src/CMakeFiles/ubc-pico.dir/usr/share/pico-sdk/lib/tinyusb/src/portable/raspberrypi/rp2040/rp2040_usb.c.obj
 *fill*         0x00000000100088f7        0x1 
 .rodata.process_set_config.str1.4
                0x00000000100088f8       0x17 src/CMakeFiles/ubc-pico.dir/usr/share/pico-sdk/lib/tinyusb/src/device/usbd.c.obj
 *fill*         0x000000001000890f        0x1 
 .rodata.process_get_descriptor
                0x0000000010008910       0x40 src/CMakeFiles/ubc-pico.dir/usr/share/pico-sdk/lib/tinyusb/src/device/usbd.c.obj
 .rodata.process_control_request
                0x0000000010008950       0x28 src/CMakeFiles/ubc-pico.dir/usr/share/pico-sdk/lib/tinyusb/src/device/usbd.c.obj
 .rodata.tud_task
                0x0000000010008978       0x24 src/CMakeFiles/ubc-pico.dir/usr/share/pico-sdk/lib/tinyusb/src/device/usbd.c.obj
 .rodata.__func__.2
                0x000000001000899c        0xf src/CMakeFiles/ubc-pico.dir/usr/share/pico-sdk/lib/tinyusb/src/device/usbd.c.obj
 *fill*         0x00000000100089ab        0x1 
 .rodata.__func__.3
                0x00000000100089ac        0xf src/CMakeFiles/ubc-pico.dir/usr/share/pico-sdk/lib/tinyusb/src/device/usbd.c.obj
 *fill*         0x00000000100089bb        0x1 
 .rodata.__func__.4
                0x00000000100089bc       0x14 src/CMakeFiles/ubc-pico.dir/usr/share/pico-sdk/lib/tinyusb/src/device/usbd.c.obj
 .rodata.__func__.5
                0x00000000100089d0       0x10 src/CMakeFiles/ubc-pico.dir/usr/share/pico-sdk/lib/tinyusb/src/device/usbd.c.obj
 .rodata.__func__.6
                0x00000000100089e0       0x17 src/CMakeFiles/ubc-pico.dir/usr/share/pico-sdk/lib/tinyusb/src/device/usbd.c.obj
 *fill*         0x00000000100089f7        0x1 
 .rodata.__func__.7
                0x00000000100089f8       0x13 src/CMakeFiles/ubc-pico.dir/usr/share/pico-sdk/lib/tinyusb/src/device/usbd.c.obj
 *fill*         0x0000000010008a0b        0x1 
 .rodata.__func__.8
                0x0000000010008a0c       0x18 src/CMakeFiles/ubc-pico.dir/usr/share/pico-sdk/lib/tinyusb/src/device/usbd.c.obj
 .rodata.__func__.9
                0x0000000010008a24        0x9 src/CMakeFiles/ubc-pico.dir/usr/share/pico-sdk/lib/tinyusb/src/device/usbd.c.obj
 *fill*         0x0000000010008a2d        0x3 
 .rodata._usbd_driver
                0x0000000010008a30       0x18 src/CMakeFiles/ubc-pico.dir/usr/share/pico-sdk/lib/tinyusb/src/device/usbd.c.obj
 .rodata.tud_control_xfer.str1.4
                0x0000000010008a48       0x17 src/CMakeFiles/ubc-pico.dir/usr/share/pico-sdk/lib/tinyusb/src/device/usbd_control.c.obj
 .rodata.__func__.0
                0x0000000010008a48       0x15 src/CMakeFiles/ubc-pico.dir/usr/share/pico-sdk/lib/tinyusb/src/device/usbd_control.c.obj
 *fill*         0x0000000010008a5d        0x3 
 .rodata.__func__.1
                0x0000000010008a60       0x11 src/CMakeFiles/ubc-pico.dir/usr/share/pico-sdk/lib/tinyusb/src/device/usbd_control.c.obj
 .rodata.tud_cdc_n_write_flush.str1.4
                0x0000000010008a71       0x17 src/CMakeFiles/ubc-pico.dir/usr/share/pico-sdk/lib/tinyusb/src/class/cdc/cdc_device.c.obj
 *fill*         0x0000000010008a71        0x3 
 .rodata.__func__.0
                0x0000000010008a74        0xd src/CMakeFiles/ubc-pico.dir/usr/share/pico-sdk/lib/tinyusb/src/class/cdc/cdc_device.c.obj
 *fill*         0x0000000010008a81        0x3 
 .rodata.__func__.1
                0x0000000010008a84        0xa src/CMakeFiles/ubc-pico.dir/usr/share/pico-sdk/lib/tinyusb/src/class/cdc/cdc_device.c.obj
 *fill*         0x0000000010008a8e        0x2 
 .rodata.__func__.2
                0x0000000010008a90       0x16 src/CMakeFiles/ubc-pico.dir/usr/share/pico-sdk/lib/tinyusb/src/class/cdc/cdc_device.c.obj
 .rodata.tusb_init.str1.4
                0x0000000010008aa6       0x17 src/CMakeFiles/ubc-pico.dir/usr/share/pico-sdk/lib/tinyusb/src/tusb.c.obj
 *fill*         0x0000000010008aa6        0x2 
 .rodata.__func__.0
                0x0000000010008aa8       0x11 src/CMakeFiles/ubc-pico.dir/usr/share/pico-sdk/lib/tinyusb/src/tusb.c.obj
 *fill*         0x0000000010008ab9        0x3 
 .rodata.__func__.1
                0x0000000010008abc        0xa src/CMakeFiles/ubc-pico.dir/usr/share/pico-sdk/lib/tinyusb/src/tusb.c.obj
 *fill*         0x0000000010008ac6        0x2 
 .rodata.pico_get_unique_board_id_string.str1.4
                0x0000000010008ac8       0x46 src/CMakeFiles/ubc-pico.dir/usr/share/pico-sdk/src/rp2_common/pico_unique_id/unique_id.c.obj
 *fill*         0x0000000010008b0e        0x2 
 .rodata.__func__.0
                0x0000000010008b10       0x20 src/CMakeFiles/ubc-pico.dir/usr/share/pico-sdk/src/rp2_common/pico_unique_id/unique_id.c.obj
 .rodata.str1.4
                0x0000000010008b30      0x152 src/CMakeFiles/ubc-pico.dir/usr/share/pico-sdk/src/rp2_common/hardware_flash/flash.c.obj
 *fill*         0x0000000010008c82        0x2 
 .rodata.__func__.0
                0x0000000010008c84        0xd src/CMakeFiles/ubc-pico.dir/usr/share/pico-sdk/src/rp2_common/hardware_flash/flash.c.obj
 *fill*         0x0000000010008c91        0x3 
 .rodata.i2c_set_baudrate.str1.4
                0x0000000010008c94       0x56 src/CMakeFiles/ubc-pico.dir/usr/share/pico-sdk/src/rp2_common/hardware_i2c/i2c.c.obj
 *fill*         0x0000000010008cea        0x2 
 .rodata.__func__.0
                0x0000000010008cec       0x11 src/CMakeFiles/ubc-pico.dir/usr/share/pico-sdk/src/rp2_common/hardware_i2c/i2c.c.obj
 *fill*         0x0000000010008cfd        0x3 
 .rodata._global_impure_ptr