Archive member included to satisfy reference by file (symbol)

/usr/lib/gcc/arm-none-eabi/12.2.0/thumb/v6-m/nofp/libgcc.a(_dvmd_tls.o)
                              src/CMakeFiles/ubc-pico.dir/usr/share/pico-sdk/src/rp2_common/pico_divider/divider.S.obj (__aeabi_idiv0)
/usr/lib/gcc/arm-none-eabi/12.2.0/../../../../arm-none-eabi/lib/thumb/v6-m/nofp/libg.a(lib_a-atexit.o)
                              /usr/lib/gcc/arm-none-eabi/12.2.0/../../../../arm-none-eabi/lib/thumb/v6-m/nofp/crt0.o (atexit)
/usr/lib/gcc/arm-none-eabi/12.2.0/../../../../arm-none-eabi/lib/thumb/v6-m/nofp/libg.a(lib_a-calloc.o)
                              src/CMakeFiles/ubc-pico.dir/usr/share/pico-sdk/src/rp2_common/pico_malloc/pico_malloc.c.obj (calloc)
/usr/lib/gcc/arm-none-eabi/12.2.0/../../../../arm-none-eabi/lib/thumb/v6-m/nofp/libg.a(lib_a-callocr.o)
                              /usr/lib/gcc/arm-none-eabi/12.2.0/../../../../arm-none-eabi/lib/thumb/v6-m/nofp/libg.a(lib_a-calloc.o) (_calloc_r)
/usr/lib/gcc/arm-none-eabi/12.2.0/../../../../arm-none-eabi/lib/thumb/v6-m/nofp/libg.a(lib_a-ctype_.o)
                              src/CMakeFiles/ubc-pico.dir/usr/share/pico-sdk/lib/tinyusb/src/tusb.c.obj (_ctype_)
/usr/lib/gcc/arm-none-eabi/12.2.0/../../../../arm-none-eabi/lib/thumb/v6-m/nofp/libg.a(lib_a-errno.o)
                              /usr/lib/gcc/arm-none-eabi/12.2.0/../../../../arm-none-eabi/lib/thumb/v6-m/nofp/libg.a(lib_a-callocr.o) (__errno)
/usr/lib/gcc/arm-none-eabi/12.2.0/../../../../arm-none-eabi/lib/thumb/v6-m/nofp/libg.a(lib_a-fini.o)
                              /usr/lib/gcc/arm-none-eabi/12.2.0/../../../../arm-none-eabi/lib/thumb/v6-m/nofp/crt0.o (__libc_fini_array)
/usr/lib/gcc/arm-none-eabi/12.2.0/../../../../arm-none-eabi/lib/thumb/v6-m/nofp/libg.a(lib_a-impure.o)
                              /usr/lib/gcc/arm-none-eabi/12.2.0/../../../../arm-none-eabi/lib/thumb/v6-m/nofp/libg.a(lib_a-calloc.o) (_impure_ptr)
/usr/lib/gcc/arm-none-eabi/12.2.0/../../../../arm-none-eabi/lib/thumb/v6-m/nofp/libg.a(lib_a-init.o)
                              /usr/lib/gcc/arm-none-eabi/12.2.0/../../../../arm-none-eabi/lib/thumb/v6-m/nofp/crt0.o (__libc_init_array)
/usr/lib/gcc/arm-none-eabi/12.2.0/../../../../arm-none-eabi/lib/thumb/v6-m/nofp/libg.a(lib_a-malloc.o)
                              src/CMakeFiles/ubc-pico.dir/usr/share/pico-sdk/src/rp2_common/pico_malloc/pico_malloc.c.obj (malloc)
/usr/lib/gcc/arm-none-eabi/12.2.0/../../../../arm-none-eabi/lib/thumb/v6-m/nofp/libg.a(lib_a-mallocr.o)
                              /usr/lib/gcc/arm-none-eabi/12.2.0/../../../../arm-none-eabi/lib/thumb/v6-m/nofp/libg.a(lib_a-callocr.o) (_malloc_r)
/usr/lib/gcc/arm-none-eabi/12.2.0/../../../../arm-none-eabi/lib/thumb/v6-m/nofp/libg.a(lib_a-mlock.o)
                              /usr/lib/gcc/arm-none-eabi/12.2.0/../../../../arm-none-eabi/lib/thumb/v6-m/nofp/libg.a(lib_a-mallocr.o) (__malloc_lock)
/usr/lib/gcc/arm-none-eabi/12.2.0/../../../../arm-none-eabi/lib/thumb/v6-m/nofp/libg.a(lib_a-realloc.o)
                              src/CMakeFiles/ubc-pico.dir/usr/share/pico-sdk/src/rp2_common/pico_malloc/pico_malloc.c.obj (realloc)
/usr/lib/gcc/arm-none-eabi/12.2.0/../../../../arm-none-eabi/lib/thumb/v6-m/nofp/libg.a(lib_a-reallocr.o)
                              /usr/lib/gcc/arm-none-eabi/12.2.0/../../../../arm-none-eabi/lib/thumb/v6-m/nofp/libg.a(lib_a-realloc.o) (_realloc_r)
/usr/lib/gcc/arm-none-eabi/12.2.0/../../../../arm-none-eabi/lib/thumb/v6-m/nofp/libg.a(lib_a-sbrkr.o)
                              /usr/lib/gcc/arm-none-eabi/12.2.0/../../../../arm-none-eabi/lib/thumb/v6-m/nofp/libg.a(lib_a-mallocr.o) (_sbrk_r)
/usr/lib/gcc/arm-none-eabi/12.2.0/../../../../arm-none-eabi/lib/thumb/v6-m/nofp/libg.a(lib_a-strlen-stub.o)
                              src/CMakeFiles/ubc-pico.dir/usr/share/pico-sdk/src/rp2_common/pico_stdio/stdio.c.obj (strlen)
/usr/lib/gcc/arm-none-eabi/12.2.0/../../../../arm-none-eabi/lib/thumb/v6-m/nofp/libg.a(lib_a-__atexit.o)
                              /usr/lib/gcc/arm-none-eabi/12.2.0/../../../../arm-none-eabi/lib/thumb/v6-m/nofp/libg.a(lib_a-atexit.o) (__register_exitproc)
/usr/lib/gcc/arm-none-eabi/12.2.0/../../../../arm-none-eabi/lib/thumb/v6-m/nofp/libg.a(lib_a-__call_atexit.o)
                              /usr/lib/gcc/arm-none-eabi/12.2.0/../../../../arm-none-eabi/lib/thumb/v6-m/nofp/libg.a(lib_a-__atexit.o) (__atexit_recursive_mutex)
/usr/lib/gcc/arm-none-eabi/12.2.0/../../../../arm-none-eabi/lib/thumb/v6-m/nofp/libg.a(lib_a-freer.o)
                              /usr/lib/gcc/arm-none-eabi/12.2.0/../../../../arm-none-eabi/lib/thumb/v6-m/nofp/libg.a(lib_a-malloc.o) (_free_r)
/usr/lib/gcc/arm-none-eabi/12.2.0/../../../../arm-none-eabi/lib/thumb/v6-m/nofp/libg.a(lib_a-lock.o)
                              /usr/lib/gcc/arm-none-eabi/12.2.0/../../../../arm-none-eabi/lib/thumb/v6-m/nofp/libg.a(lib_a-mlock.o) (__retarget_lock_acquire_recursive)
[...]
Memory Configuration

Name             Origin             Length             Attributes
FLASH            0x0000000010000000 0x0000000000200000 xr
RAM              0x0000000020000000 0x0000000000040000 xrw
SCRATCH_X        0x0000000020040000 0x0000000000001000 xrw
SCRATCH_Y        0x0000000020041000 0x0000000000001000 xrw
*default*        0x0000000000000000 0xffffffffffffffff

Linker script and memory map

LOAD /usr/lib/gcc/arm-none-eabi/12.2.0/thumb/v6-m/nofp/crti.o
LOAD /usr/lib/gcc/arm-none-eabi/12.2.0/thumb/v6-m/nofp/crtbegin.o
LOAD /usr/lib/gcc/arm-none-eabi/12.2.0/../../../../arm-none-eabi/lib/thumb/v6-m/nofp/crt0.o

.flash_begin    0x0000000010000000        0x0
                0x0000000010000000                __flash_binary_start = .

.boot2          0x0000000010000000      0x100
                0x0000000010000000                __boot2_start__ = .
 *(.boot2)
 .boot2         0x0000000010000000      0x100 /tmp/ccTWJGOP.o
                0x0000000010000100                __boot2_end__ = .
                0x0000000000000001                ASSERT (((__boot2_end__ - __boot2_start__) == 0x100), ERROR: Pico second stage bootloader must be 256 bytes in size)

.text           0x0000000010000100     0x7dd0
                0x0000000010000100                __logical_binary_start = .
 *(.vectors)
 .vectors       0x0000000010000100       0xd4 src/CMakeFiles/ubc-pico.dir/usr/share/pico-sdk/src/rp2_common/pico_standard_link/crt0.S.obj
                0x0000000010000100                __vectors
                0x0000000010000100                __VECTOR_TABLE
                0x00000000100001c0                isr_invalid
                0x00000000100001c0                __default_isrs_start
                0x00000000100001c2                isr_nmi
                0x00000000100001c4                isr_hardfault
                0x00000000100001c6                isr_svcall
                0x00000000100001c8                isr_pendsv
                0x00000000100001ca                isr_systick
                0x00000000100001cc                isr_irq30
                0x00000000100001cc                __unhandled_user_irq
                0x00000000100001cc                isr_irq13
                0x00000000100001cc                isr_irq27
                0x00000000100001cc                isr_irq31
                0x00000000100001cc                isr_irq5
                0x00000000100001cc                isr_irq11
                0x00000000100001cc                isr_irq23
                0x00000000100001cc                isr_irq18
                0x00000000100001cc                isr_irq28
                0x00000000100001cc                isr_irq19
                0x00000000100001cc                isr_irq0
                0x00000000100001cc                isr_irq6
                0x00000000100001cc                isr_irq22
                0x00000000100001cc                isr_irq17
                0x00000000100001cc                isr_irq14
                0x00000000100001cc                isr_irq2
                0x00000000100001cc                isr_irq10
                0x00000000100001cc                isr_irq8
                0x00000000100001cc                isr_irq24
                0x00000000100001cc                isr_irq1
                0x00000000100001cc                isr_irq7
                0x00000000100001cc                isr_irq21
                0x00000000100001cc                isr_irq20
                0x00000000100001cc                isr_irq15
                0x00000000100001cc                isr_irq25
                0x00000000100001cc                isr_irq4
                0x00000000100001cc                isr_irq16
                0x00000000100001cc                isr_irq29
                0x00000000100001cc                isr_irq26
                0x00000000100001cc                __default_isrs_end
                0x00000000100001cc                isr_irq3
                0x00000000100001cc                isr_irq12
                0x00000000100001cc                isr_irq9
                0x00000000100001d2                unhandled_user_irq_num_in_r0
 *(.binary_info_header)
 .binary_info_header
                0x00000000100001d4       0x14 src/CMakeFiles/ubc-pico.dir/usr/share/pico-sdk/src/rp2_common/pico_standard_link/crt0.S.obj
                0x00000000100001e8                __binary_info_header_end = .
 *(.reset)
 .reset         0x00000000100001e8       0xa8 src/CMakeFiles/ubc-pico.dir/usr/share/pico-sdk/src/rp2_common/pico_standard_link/crt0.S.obj
                0x00000000100001e8                _entry_point
                0x0000000010000266                __get_current_exception
 .reset         0x0000000010000290       0x30 src/CMakeFiles/ubc-pico.dir/usr/share/pico-sdk/src/rp2_common/pico_standard_link/binary_info.c.obj
 *(.init)
 .init          0x00000000100002c0        0x4 /usr/lib/gcc/arm-none-eabi/12.2.0/thumb/v6-m/nofp/crti.o
                0x00000000100002c0                _init
 *(EXCLUDE_FILE(*libm.a: *libc.a:*lib_a-mem*.o *libgcc.a:) .text*)
 .text.frame_dummy
                0x00000000100002c4       0x20 /usr/lib/gcc/arm-none-eabi/12.2.0/thumb/v6-m/nofp/crtbegin.o
 .text.main     0x00000000100002e4      0x328 src/CMakeFiles/ubc-pico.dir/main.c.obj
                0x00000000100002e4                main
 .text.initI2C  0x000000001000060c       0x44 src/CMakeFiles/ubc-pico.dir/oled.c.obj
 .text.clear    0x0000000010000650       0xe8 src/CMakeFiles/ubc-pico.dir/oled.c.obj
                0x0000000010000650                clear
 .text.powerOff
                0x0000000010000738       0x58 src/CMakeFiles/ubc-pico.dir/oled.c.obj
                0x0000000010000738                powerOff
 .text.displayOn
                0x0000000010000790       0x24 src/CMakeFiles/ubc-pico.dir/oled.c.obj
                0x0000000010000790                displayOn
 .text.displayOff
                0x00000000100007b4       0x24 src/CMakeFiles/ubc-pico.dir/oled.c.obj
                0x00000000100007b4                displayOff
 .text.contrast
                0x00000000100007d8       0x40 src/CMakeFiles/ubc-pico.dir/oled.c.obj
                0x00000000100007d8                contrast
 .text.brightness
                0x0000000010000818       0x40 src/CMakeFiles/ubc-pico.dir/oled.c.obj
                0x0000000010000818                brightness
 .text.invert   0x0000000010000858       0x38 src/CMakeFiles/ubc-pico.dir/oled.c.obj
                0x0000000010000858                invert
 .text.initOLED
                0x0000000010000890      0x1a8 src/CMakeFiles/ubc-pico.dir/oled.c.obj
                0x0000000010000890                initOLED
 .text.display  0x0000000010000a38       0xa0 src/CMakeFiles/ubc-pico.dir/oled.c.obj
                0x0000000010000a38                display
 .text.drawLine
                0x0000000010000ad8      0x11c src/CMakeFiles/ubc-pico.dir/oled.c.obj
                0x0000000010000ad8                drawLine
 .text.drawFastHLine
                0x0000000010000bf4       0x34 src/CMakeFiles/ubc-pico.dir/oled.c.obj
                0x0000000010000bf4                drawFastHLine
 .text.drawFastVLine
                0x0000000010000c28       0x48 src/CMakeFiles/ubc-pico.dir/oled.c.obj
                0x0000000010000c28                drawFastVLine
 .text.putChar  0x0000000010000c70      0x120 src/CMakeFiles/ubc-pico.dir/oled.c.obj
                0x0000000010000c70                putChar
 .text.sendc    0x0000000010000d90       0x18 src/CMakeFiles/ubc-pico.dir/oled.c.obj
                0x0000000010000d90                sendc
 .text.gpio_set_function
                0x0000000010000da8       0x30 src/CMakeFiles/ubc-pico.dir/usr/share/pico-sdk/src/rp2_common/hardware_gpio/gpio.c.obj
                0x0000000010000da8                gpio_set_function
 .text.gpio_set_pulls
                0x0000000010000dd8       0x34 src/CMakeFiles/ubc-pico.dir/usr/share/pico-sdk/src/rp2_common/hardware_gpio/gpio.c.obj
                0x0000000010000dd8                gpio_set_pulls
 .text.hw_claim_lock
                0x0000000010000e0c       0x18 src/CMakeFiles/ubc-pico.dir/usr/share/pico-sdk/src/rp2_common/hardware_claim/claim.c.obj
                0x0000000010000e0c                hw_claim_lock
 .text.hw_claim_unlock
                0x0000000010000e24       0x14 src/CMakeFiles/ubc-pico.dir/usr/share/pico-sdk/src/rp2_common/hardware_claim/claim.c.obj
                0x0000000010000e24                hw_claim_unlock
 .text.hw_claim_or_assert
                0x0000000010000e38       0x32 src/CMakeFiles/ubc-pico.dir/usr/share/pico-sdk/src/rp2_common/hardware_claim/claim.c.obj
                0x0000000010000e38                hw_claim_or_assert
 .text.hw_claim_unused_from_range
                0x0000000010000e6a       0x50 src/CMakeFiles/ubc-pico.dir/usr/share/pico-sdk/src/rp2_common/hardware_claim/claim.c.obj
                0x0000000010000e6a                hw_claim_unused_from_range
 *fill*         0x0000000010000eba        0x2 
 .text.running_on_fpga
                0x0000000010000ebc       0x14 src/CMakeFiles/ubc-pico.dir/usr/share/pico-sdk/src/rp2_common/pico_platform/platform.c.obj
                0x0000000010000ebc                running_on_fpga
 .text.spin_locks_reset
                0x0000000010000ed0       0x20 src/CMakeFiles/ubc-pico.dir/usr/share/pico-sdk/src/rp2_common/hardware_sync/sync.c.obj
                0x0000000010000ed0                spin_locks_reset
 .text.next_striped_spin_lock_num
                0x0000000010000ef0       0x1c src/CMakeFiles/ubc-pico.dir/usr/share/pico-sdk/src/rp2_common/hardware_sync/sync.c.obj
                0x0000000010000ef0                next_striped_spin_lock_num
 .text.spin_lock_claim_unused
                0x0000000010000f0c       0x24 src/CMakeFiles/ubc-pico.dir/usr/share/pico-sdk/src/rp2_common/hardware_sync/sync.c.obj
                0x0000000010000f0c                spin_lock_claim_unused
 .text.set_raw_irq_handler_and_unlock
                0x0000000010000f30       0x28 src/CMakeFiles/ubc-pico.dir/usr/share/pico-sdk/src/rp2_common/hardware_irq/irq.c.obj
 .text.resolve_branch
                0x0000000010000f58       0x30 src/CMakeFiles/ubc-pico.dir/usr/share/pico-sdk/src/rp2_common/hardware_irq/irq.c.obj
 .text.make_branch
                0x0000000010000f88       0x48 src/CMakeFiles/ubc-pico.dir/usr/share/pico-sdk/src/rp2_common/hardware_irq/irq.c.obj
 .text.insert_branch_and_link
                0x0000000010000fd0       0x40 src/CMakeFiles/ubc-pico.dir/usr/share/pico-sdk/src/rp2_common/hardware_irq/irq.c.obj
 .text.irq_is_enabled
                0x0000000010001010       0x18 src/CMakeFiles/ubc-pico.dir/usr/share/pico-sdk/src/rp2_common/hardware_irq/irq.c.obj
                0x0000000010001010                irq_is_enabled
 .text.irq_set_mask_enabled
                0x0000000010001028       0x20 src/CMakeFiles/ubc-pico.dir/usr/share/pico-sdk/src/rp2_common/hardware_irq/irq.c.obj
                0x0000000010001028                irq_set_mask_enabled
 .text.irq_set_enabled
                0x0000000010001048        0xe src/CMakeFiles/ubc-pico.dir/usr/share/pico-sdk/src/rp2_common/hardware_irq/irq.c.obj
                0x0000000010001048                irq_set_enabled
 *fill*         0x0000000010001056        0x2 
 .text.irq_set_pending
                0x0000000010001058       0x10 src/CMakeFiles/ubc-pico.dir/usr/share/pico-sdk/src/rp2_common/hardware_irq/irq.c.obj
                0x0000000010001058                irq_set_pending
 .text.irq_get_vtable_handler
                0x0000000010001068       0x10 src/CMakeFiles/ubc-pico.dir/usr/share/pico-sdk/src/rp2_common/hardware_irq/irq.c.obj
                0x0000000010001068                irq_get_vtable_handler
 .text.irq_has_shared_handler
                0x0000000010001078       0x24 src/CMakeFiles/ubc-pico.dir/usr/share/pico-sdk/src/rp2_common/hardware_irq/irq.c.obj
                0x0000000010001078                irq_has_shared_handler
 .text.irq_set_exclusive_handler
                0x000000001000109c       0x54 src/CMakeFiles/ubc-pico.dir/usr/share/pico-sdk/src/rp2_common/hardware_irq/irq.c.obj
                0x000000001000109c                irq_set_exclusive_handler
 .text.irq_add_shared_handler
                0x00000000100010f0      0x210 src/CMakeFiles/ubc-pico.dir/usr/share/pico-sdk/src/rp2_common/hardware_irq/irq.c.obj
                0x00000000100010f0                irq_add_shared_handler
 .text.irq_remove_handler
                0x0000000010001300      0x188 src/CMakeFiles/ubc-pico.dir/usr/share/pico-sdk/src/rp2_common/hardware_irq/irq.c.obj
                0x0000000010001300                irq_remove_handler
 .text.irq_add_tail_to_free_list
                0x0000000010001488       0xf0 src/CMakeFiles/ubc-pico.dir/usr/share/pico-sdk/src/rp2_common/hardware_irq/irq.c.obj
                0x0000000010001488                irq_add_tail_to_free_list
 .text.irq_init_priorities
                0x0000000010001578       0x1c src/CMakeFiles/ubc-pico.dir/usr/share/pico-sdk/src/rp2_common/hardware_irq/irq.c.obj
                0x0000000010001578                irq_init_priorities
 .text.user_irq_claim_unused
                0x0000000010001594       0x30 src/CMakeFiles/ubc-pico.dir/usr/share/pico-sdk/src/rp2_common/hardware_irq/irq.c.obj
                0x0000000010001594                user_irq_claim_unused
 .text.lock_init
                0x00000000100015c4       0x10 src/CMakeFiles/ubc-pico.dir/usr/share/pico-sdk/src/common/pico_sync/lock_core.c.obj
                0x00000000100015c4                lock_init
 .text.time_reached
                0x00000000100015d4       0x28 src/CMakeFiles/ubc-pico.dir/usr/share/pico-sdk/src/common/pico_time/time.c.obj
 .text.get_entry
                0x00000000100015fc       0x38 src/CMakeFiles/ubc-pico.dir/usr/share/pico-sdk/src/common/pico_time/time.c.obj
 .text.timer_pool_entry_comparator
                0x0000000010001634       0x2e src/CMakeFiles/ubc-pico.dir/usr/share/pico-sdk/src/common/pico_time/time.c.obj
                0x0000000010001634                timer_pool_entry_comparator
 *fill*         0x0000000010001662        0x2 
 .text.update_us_since_boot
                0x0000000010001664       0x24 src/CMakeFiles/ubc-pico.dir/usr/share/pico-sdk/src/common/pico_time/time.c.obj
 .text.delayed_by_us
                0x0000000010001688       0x36 src/CMakeFiles/ubc-pico.dir/usr/share/pico-sdk/src/common/pico_time/time.c.obj
 *fill*         0x00000000100016be        0x2 
 .text.ph_get_node
                0x00000000100016c0       0x30 src/CMakeFiles/ubc-pico.dir/usr/share/pico-sdk/src/common/pico_time/time.c.obj
 .text.ph_contains_node
                0x00000000100016f0       0x1e src/CMakeFiles/ubc-pico.dir/usr/share/pico-sdk/src/common/pico_time/time.c.obj
 .text.ph_new_node
                0x000000001000170e       0x28 src/CMakeFiles/ubc-pico.dir/usr/share/pico-sdk/src/common/pico_time/time.c.obj
 *fill*         0x0000000010001736        0x2 
 .text.ph_add_child_node
                0x0000000010001738       0x6c src/CMakeFiles/ubc-pico.dir/usr/share/pico-sdk/src/common/pico_time/time.c.obj
 .text.ph_merge_nodes
                0x00000000100017a4       0x3e src/CMakeFiles/ubc-pico.dir/usr/share/pico-sdk/src/common/pico_time/time.c.obj
 *fill*         0x00000000100017e2        0x2 
 .text.ph_insert_node
                0x00000000100017e4       0x3c src/CMakeFiles/ubc-pico.dir/usr/share/pico-sdk/src/common/pico_time/time.c.obj
 .text.ph_free_node
                0x0000000010001820       0x3c src/CMakeFiles/ubc-pico.dir/usr/share/pico-sdk/src/common/pico_time/time.c.obj
 .text.get_entry_id_high
                0x000000001000185c       0x30 src/CMakeFiles/ubc-pico.dir/usr/share/pico-sdk/src/common/pico_time/time.c.obj
 .text.alarm_pool_post_alloc_init
                0x000000001000188c       0x40 src/CMakeFiles/ubc-pico.dir/usr/share/pico-sdk/src/common/pico_time/time.c.obj
 .text.sleep_until_callback
                0x00000000100018cc       0x30 src/CMakeFiles/ubc-pico.dir/usr/share/pico-sdk/src/common/pico_time/time.c.obj
 .text.get_absolute_time
                0x00000000100018fc       0x22 src/CMakeFiles/ubc-pico.dir/usr/share/pico-sdk/src/common/pico_time/time.c.obj
 .text.make_timeout_time_us
                0x000000001000191e       0x24 src/CMakeFiles/ubc-pico.dir/usr/share/pico-sdk/src/common/pico_time/time.c.obj
 *fill*         0x0000000010001942        0x2 
 .text.add_alarm_under_lock
                0x0000000010001944       0x94 src/CMakeFiles/ubc-pico.dir/usr/share/pico-sdk/src/common/pico_time/time.c.obj
 .text.alarm_pool_alarm_callback
                0x00000000100019d8      0x20c src/CMakeFiles/ubc-pico.dir/usr/share/pico-sdk/src/common/pico_time/time.c.obj
 .text.alarm_pool_init_default
                0x0000000010001be4       0x38 src/CMakeFiles/ubc-pico.dir/usr/share/pico-sdk/src/common/pico_time/time.c.obj
                0x0000000010001be4                alarm_pool_init_default
 .text.alarm_pool_get_default
                0x0000000010001c1c       0x2c src/CMakeFiles/ubc-pico.dir/usr/share/pico-sdk/src/common/pico_time/time.c.obj
                0x0000000010001c1c                alarm_pool_get_default
 .text.alarm_pool_add_alarm_at
                0x0000000010001c48      0x10e src/CMakeFiles/ubc-pico.dir/usr/share/pico-sdk/src/common/pico_time/time.c.obj
                0x0000000010001c48                alarm_pool_add_alarm_at
 .text.add_alarm_at
                0x0000000010001d56       0x2e src/CMakeFiles/ubc-pico.dir/usr/share/pico-sdk/src/common/pico_time/time.c.obj
 .text.alarm_pool_cancel_alarm
                0x0000000010001d84       0xa0 src/CMakeFiles/ubc-pico.dir/usr/share/pico-sdk/src/common/pico_time/time.c.obj
                0x0000000010001d84                alarm_pool_cancel_alarm
 .text.cancel_alarm
                0x0000000010001e24       0x10 src/CMakeFiles/ubc-pico.dir/usr/share/pico-sdk/src/common/pico_time/time.c.obj
 .text.sleep_until
                0x0000000010001e34       0xb0 src/CMakeFiles/ubc-pico.dir/usr/share/pico-sdk/src/common/pico_time/time.c.obj
                0x0000000010001e34                sleep_until
 .text.sleep_us
                0x0000000010001ee4       0x1a src/CMakeFiles/ubc-pico.dir/usr/share/pico-sdk/src/common/pico_time/time.c.obj
                0x0000000010001ee4                sleep_us
 .text.sleep_ms
                0x0000000010001efe       0x14 src/CMakeFiles/ubc-pico.dir/usr/share/pico-sdk/src/common/pico_time/time.c.obj
                0x0000000010001efe                sleep_ms
 *fill*         0x0000000010001f12        0x2 
 .text.best_effort_wfe_or_timeout
                0x0000000010001f14       0x38 src/CMakeFiles/ubc-pico.dir/usr/share/pico-sdk/src/common/pico_time/time.c.obj
                0x0000000010001f14                best_effort_wfe_or_timeout
 .text.hardware_alarm_irq_handler
                0x0000000010001f4c       0x88 src/CMakeFiles/ubc-pico.dir/usr/share/pico-sdk/src/rp2_common/hardware_timer/timer.c.obj
 .text.hardware_alarm_claim
                0x0000000010001fd4       0x18 src/CMakeFiles/ubc-pico.dir/usr/share/pico-sdk/src/rp2_common/hardware_timer/timer.c.obj
                0x0000000010001fd4                hardware_alarm_claim
 .text.time_us_64
                0x0000000010001fec       0x18 src/CMakeFiles/ubc-pico.dir/usr/share/pico-sdk/src/rp2_common/hardware_timer/timer.c.obj
                0x0000000010001fec                time_us_64
 .text.busy_wait_until
                0x0000000010002004       0x28 src/CMakeFiles/ubc-pico.dir/usr/share/pico-sdk/src/rp2_common/hardware_timer/timer.c.obj
                0x0000000010002004                busy_wait_until
 .text.hardware_alarm_set_callback
                0x000000001000202c       0x90 src/CMakeFiles/ubc-pico.dir/usr/share/pico-sdk/src/rp2_common/hardware_timer/timer.c.obj
                0x000000001000202c                hardware_alarm_set_callback
 .text.hardware_alarm_set_target
                0x00000000100020bc       0xe8 src/CMakeFiles/ubc-pico.dir/usr/share/pico-sdk/src/rp2_common/hardware_timer/timer.c.obj
                0x00000000100020bc                hardware_alarm_set_target
 .text.hardware_alarm_cancel
                0x00000000100021a4       0x40 src/CMakeFiles/ubc-pico.dir/usr/share/pico-sdk/src/rp2_common/hardware_timer/timer.c.obj
                0x00000000100021a4                hardware_alarm_cancel
 .text.ph_get_node
                0x00000000100021e4       0x30 src/CMakeFiles/ubc-pico.dir/usr/share/pico-sdk/src/common/pico_util/pheap.c.obj
 .text.ph_add_child_node
                0x0000000010002214       0x6c src/CMakeFiles/ubc-pico.dir/usr/share/pico-sdk/src/common/pico_util/pheap.c.obj
 .text.ph_merge_nodes
                0x0000000010002280       0x3e src/CMakeFiles/ubc-pico.dir/usr/share/pico-sdk/src/common/pico_util/pheap.c.obj
 .text.ph_clear
                0x00000000100022be       0x34 src/CMakeFiles/ubc-pico.dir/usr/share/pico-sdk/src/common/pico_util/pheap.c.obj
                0x00000000100022be                ph_clear
 .text.ph_post_alloc_init
                0x00000000100022f2        0xe src/CMakeFiles/ubc-pico.dir/usr/share/pico-sdk/src/common/pico_util/pheap.c.obj
                0x00000000100022f2                ph_post_alloc_init
 .text.ph_merge_two_pass
                0x0000000010002300       0x5c src/CMakeFiles/ubc-pico.dir/usr/share/pico-sdk/src/common/pico_util/pheap.c.obj
                0x0000000010002300                ph_merge_two_pass
 .text.ph_remove_any_head
                0x000000001000235c       0xa4 src/CMakeFiles/ubc-pico.dir/usr/share/pico-sdk/src/common/pico_util/pheap.c.obj
 .text.ph_remove_head
                0x0000000010002400       0x14 src/CMakeFiles/ubc-pico.dir/usr/share/pico-sdk/src/common/pico_util/pheap.c.obj
                0x0000000010002400                ph_remove_head
 .text.ph_remove_and_free_node
                0x0000000010002414       0xa0 src/CMakeFiles/ubc-pico.dir/usr/share/pico-sdk/src/common/pico_util/pheap.c.obj
                0x0000000010002414                ph_remove_and_free_node
 .text.update_us_since_boot
                0x00000000100024b4       0x24 src/CMakeFiles/ubc-pico.dir/usr/share/pico-sdk/src/common/pico_sync/mutex.c.obj
 .text.delayed_by_ms
                0x00000000100024d8       0x46 src/CMakeFiles/ubc-pico.dir/usr/share/pico-sdk/src/common/pico_sync/mutex.c.obj
 .text.get_absolute_time
                0x000000001000251e       0x22 src/CMakeFiles/ubc-pico.dir/usr/share/pico-sdk/src/common/pico_sync/mutex.c.obj
 .text.make_timeout_time_ms
                0x0000000010002540       0x20 src/CMakeFiles/ubc-pico.dir/usr/share/pico-sdk/src/common/pico_sync/mutex.c.obj
 .text.mutex_init
                0x0000000010002560       0x1a src/CMakeFiles/ubc-pico.dir/usr/share/pico-sdk/src/common/pico_sync/mutex.c.obj
                0x0000000010002560                mutex_init
 .text.recursive_mutex_init
                0x000000001000257a       0x1e src/CMakeFiles/ubc-pico.dir/usr/share/pico-sdk/src/common/pico_sync/mutex.c.obj
                0x000000001000257a                recursive_mutex_init
 .text.critical_section_init_with_lock_num
                0x0000000010002598       0x14 src/CMakeFiles/ubc-pico.dir/usr/share/pico-sdk/src/common/pico_sync/critical_section.c.obj
                0x0000000010002598                critical_section_init_with_lock_num
 .text.critical_section_init
                0x00000000100025ac       0x14 src/CMakeFiles/ubc-pico.dir/usr/share/pico-sdk/src/common/pico_sync/critical_section.c.obj
                0x00000000100025ac                critical_section_init
 .text._exit    0x00000000100025c0        0x4 src/CMakeFiles/ubc-pico.dir/usr/share/pico-sdk/src/rp2_common/pico_runtime/runtime.c.obj
                0x00000000100025c0                _exit
 .text.exit     0x00000000100025c4        0x6 src/CMakeFiles/ubc-pico.dir/usr/share/pico-sdk/src/rp2_common/pico_runtime/runtime.c.obj
                0x00000000100025c4                exit
 *fill*         0x00000000100025ca        0x2 
 .text.__assert_func
                0x00000000100025cc       0x38 src/CMakeFiles/ubc-pico.dir/usr/share/pico-sdk/src/rp2_common/pico_runtime/runtime.c.obj
                0x00000000100025cc                __assert_func
 .text.runtime_init
                0x0000000010002604       0xf8 src/CMakeFiles/ubc-pico.dir/usr/share/pico-sdk/src/rp2_common/pico_runtime/runtime.c.obj
                0x0000000010002604                runtime_init
 .text.panic    0x00000000100026fc       0x30 src/CMakeFiles/ubc-pico.dir/usr/share/pico-sdk/src/rp2_common/pico_runtime/runtime.c.obj
                0x00000000100026fc                panic
 .text.clock_configure
                0x000000001000272c      0x104 src/CMakeFiles/ubc-pico.dir/usr/share/pico-sdk/src/rp2_common/hardware_clocks/clocks.c.obj
                0x000000001000272c                clock_configure
 .text.clocks_init
                0x0000000010002830      0x100 src/CMakeFiles/ubc-pico.dir/usr/share/pico-sdk/src/rp2_common/hardware_clocks/clocks.c.obj
                0x0000000010002830                clocks_init
 .text.clock_get_hz
                0x0000000010002930        0xc src/CMakeFiles/ubc-pico.dir/usr/share/pico-sdk/src/rp2_common/hardware_clocks/clocks.c.obj
                0x0000000010002930                clock_get_hz
 .text.pll_init
                0x000000001000293c      0x140 src/CMakeFiles/ubc-pico.dir/usr/share/pico-sdk/src/rp2_common/hardware_pll/pll.c.obj
                0x000000001000293c                pll_init
 .text.watchdog_start_tick
                0x0000000010002a7c       0x10 src/CMakeFiles/ubc-pico.dir/usr/share/pico-sdk/src/rp2_common/hardware_watchdog/watchdog.c.obj
                0x0000000010002a7c                watchdog_start_tick
 .text.watchdog_update
                0x0000000010002a8c       0x14 src/CMakeFiles/ubc-pico.dir/usr/share/pico-sdk/src/rp2_common/hardware_watchdog/watchdog.c.obj
                0x0000000010002a8c                watchdog_update
 .text._watchdog_enable
                0x0000000010002aa0       0x78 src/CMakeFiles/ubc-pico.dir/usr/share/pico-sdk/src/rp2_common/hardware_watchdog/watchdog.c.obj
                0x0000000010002aa0                _watchdog_enable
 .text.watchdog_reboot
                0x0000000010002b18       0x48 src/CMakeFiles/ubc-pico.dir/usr/share/pico-sdk/src/rp2_common/hardware_watchdog/watchdog.c.obj
                0x0000000010002b18                watchdog_reboot
 .text.xosc_init
                0x0000000010002b60       0x28 src/CMakeFiles/ubc-pico.dir/usr/share/pico-sdk/src/rp2_common/hardware_xosc/xosc.c.obj
                0x0000000010002b60                xosc_init
 .text._out_null
                0x0000000010002b88        0x2 src/CMakeFiles/ubc-pico.dir/usr/share/pico-sdk/src/rp2_common/pico_printf/printf.c.obj
 .text._out_fct
                0x0000000010002b8a        0xe src/CMakeFiles/ubc-pico.dir/usr/share/pico-sdk/src/rp2_common/pico_printf/printf.c.obj
 .text._atoi    0x0000000010002b98       0x24 src/CMakeFiles/ubc-pico.dir/usr/share/pico-sdk/src/rp2_common/pico_printf/printf.c.obj
 .text._out_rev
                0x0000000010002bbc       0xae src/CMakeFiles/ubc-pico.dir/usr/share/pico-sdk/src/rp2_common/pico_printf/printf.c.obj
 .text._ntoa_format
                0x0000000010002c6a      0x110 src/CMakeFiles/ubc-pico.dir/usr/share/pico-sdk/src/rp2_common/pico_printf/printf.c.obj
 .text._ntoa_long
                0x0000000010002d7a       0xbc src/CMakeFiles/ubc-pico.dir/usr/share/pico-sdk/src/rp2_common/pico_printf/printf.c.obj
 .text._ntoa_long_long
                0x0000000010002e36      0x10e src/CMakeFiles/ubc-pico.dir/usr/share/pico-sdk/src/rp2_common/pico_printf/printf.c.obj
 .text._etoa    0x0000000010002f44      0x420 src/CMakeFiles/ubc-pico.dir/usr/share/pico-sdk/src/rp2_common/pico_printf/printf.c.obj
 .text._ftoa    0x0000000010003364      0x354 src/CMakeFiles/ubc-pico.dir/usr/share/pico-sdk/src/rp2_common/pico_printf/printf.c.obj
 .text._vsnprintf
                0x00000000100036b8      0x65c src/CMakeFiles/ubc-pico.dir/usr/share/pico-sdk/src/rp2_common/pico_printf/printf.c.obj
 .text.vfctprintf
                0x0000000010003d14       0x20 src/CMakeFiles/ubc-pico.dir/usr/share/pico-sdk/src/rp2_common/pico_printf/printf.c.obj
                0x0000000010003d14                vfctprintf
 .text          0x0000000010003d34       0x10 src/CMakeFiles/ubc-pico.dir/usr/share/pico-sdk/src/rp2_common/pico_bit_ops/bit_ops_aeabi.S.obj
 .text.rom_func_lookup
                0x0000000010003d44       0x10 src/CMakeFiles/ubc-pico.dir/usr/share/pico-sdk/src/rp2_common/pico_bootrom/bootrom.c.obj
                0x0000000010003d44                rom_func_lookup
 .text.rom_data_lookup
                0x0000000010003d54       0x10 src/CMakeFiles/ubc-pico.dir/usr/share/pico-sdk/src/rp2_common/pico_bootrom/bootrom.c.obj
                0x0000000010003d54                rom_data_lookup
 .text.rom_funcs_lookup
                0x0000000010003d64       0x36 src/CMakeFiles/ubc-pico.dir/usr/share/pico-sdk/src/rp2_common/pico_bootrom/bootrom.c.obj
                0x0000000010003d64                rom_funcs_lookup
 *fill*         0x0000000010003d9a        0x2 
 .text.__wrap___aeabi_idiv
                0x0000000010003d9c       0x50 src/CMakeFiles/ubc-pico.dir/usr/share/pico-sdk/src/rp2_common/pico_divider/divider.S.obj
                0x0000000010003d9c                __wrap___aeabi_idivmod
                0x0000000010003d9c                divmod_s32s32
                0x0000000010003d9c                div_s32s32
                0x0000000010003d9c                __wrap___aeabi_idiv
                0x0000000010003da4                divmod_s32s32_unsafe
                0x0000000010003dd0                divmod_s32s32_savestate
 .text.__wrap___aeabi_uidiv
                0x0000000010003dec       0x4c src/CMakeFiles/ubc-pico.dir/usr/share/pico-sdk/src/rp2_common/pico_divider/divider.S.obj
                0x0000000010003dec                __wrap___aeabi_uidiv
                0x0000000010003dec                __wrap___aeabi_uidivmod
                0x0000000010003dec                div_u32u32
                0x0000000010003dec                divmod_u32u32
                0x0000000010003df4                divmod_u32u32_unsafe
                0x0000000010003e1c                divmod_u32u32_savestate
 .text.__wrap___aeabi_ldiv
                0x0000000010003e38      0x434 src/CMakeFiles/ubc-pico.dir/usr/share/pico-sdk/src/rp2_common/pico_divider/divider.S.obj
                0x0000000010003e38                div_s64s64
                0x0000000010003e38                divmod_s64s64
                0x0000000010003e38                __wrap___aeabi_ldivmod
                0x0000000010003e70                div_u64u64
                0x0000000010003e70                divmod_u64u64
                0x0000000010003e70                __wrap___aeabi_uldivmod
                0x0000000010003e80                divmod_u64u64_savestate
                0x0000000010003ea8                divmod_s64s64_unsafe
                0x0000000010003f30                divmod_u64u64_unsafe
 .text.__wrap___aeabi_darithmetic
                0x000000001000426c       0x80 src/CMakeFiles/ubc-pico.dir/usr/share/pico-sdk/src/rp2_common/pico_double/double_aeabi.S.obj
                0x000000001000426c                __wrap___aeabi_drsub
                0x0000000010004272                __wrap___aeabi_dsub
                0x0000000010004284                __wrap___aeabi_dadd
                0x0000000010004296                __wrap___aeabi_ddiv
                0x00000000100042d2                __wrap___aeabi_dmul
 .text.__wrap___aeabi_cdcmple
                0x00000000100042ec       0x6c src/CMakeFiles/ubc-pico.dir/usr/share/pico-sdk/src/rp2_common/pico_double/double_aeabi.S.obj
                0x00000000100042ec                __wrap___aeabi_cdrcmple
                0x00000000100042fc                __wrap___aeabi_cdcmple
                0x00000000100042fc                __wrap___aeabi_cdcmpeq
 .text.__wrap___aeabi_dcmplt
                0x0000000010004358        0xc src/CMakeFiles/ubc-pico.dir/usr/share/pico-sdk/src/rp2_common/pico_double/double_aeabi.S.obj
                0x0000000010004358                __wrap___aeabi_dcmplt
 .text.__wrap___aeabi_dcmple
                0x0000000010004364       0x10 src/CMakeFiles/ubc-pico.dir/usr/share/pico-sdk/src/rp2_common/pico_double/double_aeabi.S.obj
                0x0000000010004364                __wrap___aeabi_dcmple
 .text.__wrap___aeabi_dcmpge
                0x0000000010004374       0x10 src/CMakeFiles/ubc-pico.dir/usr/share/pico-sdk/src/rp2_common/pico_double/double_aeabi.S.obj
                0x0000000010004374                __wrap___aeabi_dcmpge
 .text.__wrap___aeabi_dcmpgt
                0x0000000010004384        0xa src/CMakeFiles/ubc-pico.dir/usr/share/pico-sdk/src/rp2_common/pico_double/double_aeabi.S.obj
                0x0000000010004384                __wrap___aeabi_dcmpgt
 .text.__wrap___aeabi_dcmpun
                0x000000001000438e       0x1c src/CMakeFiles/ubc-pico.dir/usr/share/pico-sdk/src/rp2_common/pico_double/double_aeabi.S.obj
                0x000000001000438e                __wrap___aeabi_dcmpun
 *fill*         0x00000000100043aa        0x2 
 .text.__wrap___aeabi_i2d
                0x00000000100043ac       0x38 src/CMakeFiles/ubc-pico.dir/usr/share/pico-sdk/src/rp2_common/pico_double/double_aeabi.S.obj
                0x00000000100043ac                __wrap___aeabi_ui2d
                0x00000000100043b4                __wrap___aeabi_i2d
 .text.__wrap___aeabi_d2iz
                0x00000000100043e4       0x48 src/CMakeFiles/ubc-pico.dir/usr/share/pico-sdk/src/rp2_common/pico_double/double_aeabi.S.obj
                0x00000000100043e4                __wrap___aeabi_d2iz
                0x00000000100043e4                double2int_z
 .text.__wrap___aeabi_d2uiz
                0x000000001000442c       0x18 src/CMakeFiles/ubc-pico.dir/usr/share/pico-sdk/src/rp2_common/pico_double/double_aeabi.S.obj
                0x000000001000442c                double2uint
                0x000000001000442c                __wrap___aeabi_d2uiz
 .text.__aeabi_double_init
                0x0000000010004444       0xcc src/CMakeFiles/ubc-pico.dir/usr/share/pico-sdk/src/rp2_common/pico_double/double_init_rom.c.obj
                0x0000000010004444                __aeabi_double_init
 .text.double_table_shim_on_use_helper
                0x0000000010004510       0x34 src/CMakeFiles/ubc-pico.dir/usr/share/pico-sdk/src/rp2_common/pico_double/double_v1_rom_shim.S.obj
                0x0000000010004510                double_table_shim_on_use_helper
 .text.__wrap___aeabi_dsub
                0x0000000010004544       0x10 src/CMakeFiles/ubc-pico.dir/usr/share/pico-sdk/src/rp2_common/pico_double/double_v1_rom_shim.S.obj
                0x0000000010004544                drsub_shim
                0x000000001000454a                dsub_shim
 .text.dadd_shim
                0x0000000010004554      0x15c src/CMakeFiles/ubc-pico.dir/usr/share/pico-sdk/src/rp2_common/pico_double/double_v1_rom_shim.S.obj
                0x0000000010004554                dadd_shim
 .text.dmul_shim
                0x00000000100046b0      0x15c src/CMakeFiles/ubc-pico.dir/usr/share/pico-sdk/src/rp2_common/pico_double/double_v1_rom_shim.S.obj
                0x00000000100046b0                dmul_shim
 .text.ddiv_shim
                0x000000001000480c      0x1b0 src/CMakeFiles/ubc-pico.dir/usr/share/pico-sdk/src/rp2_common/pico_double/double_v1_rom_shim.S.obj
                0x000000001000480c                ddiv_shim
 .text.double2uint_shim
                0x00000000100049bc        0xe src/CMakeFiles/ubc-pico.dir/usr/share/pico-sdk/src/rp2_common/pico_double/double_v1_rom_shim.S.obj
                0x00000000100049bc                double2uint_shim
                0x00000000100049be                double2ufix_shim
 *fill*         0x00000000100049ca        0x2 
 .text.double2uint64_shim
                0x00000000100049cc       0x70 src/CMakeFiles/ubc-pico.dir/usr/share/pico-sdk/src/rp2_common/pico_double/double_v1_rom_shim.S.obj
                0x00000000100049cc                double2uint64_shim
                0x00000000100049ce                double2ufix64_shim
                0x00000000100049ee                d2fix_a
 .text.dunpacks
                0x0000000010004a3c       0x3c src/CMakeFiles/ubc-pico.dir/usr/share/pico-sdk/src/rp2_common/pico_double/double_v1_rom_shim.S.obj
                0x0000000010004a3c                dunpacks
 .text.__aeabi_lmul
                0x0000000010004a78       0x32 src/CMakeFiles/ubc-pico.dir/usr/share/pico-sdk/src/rp2_common/pico_int64_ops/pico_int64_ops_aeabi.S.obj
                0x0000000010004a78                __wrap___aeabi_lmul
 *fill*         0x0000000010004aaa        0x2 
 .text.__aeabi_float_init
                0x0000000010004aac       0xfc src/CMakeFiles/ubc-pico.dir/usr/share/pico-sdk/src/rp2_common/pico_float/float_init_rom.c.obj
                0x0000000010004aac                __aeabi_float_init
 .text.float_table_shim_on_use_helper
                0x0000000010004ba8       0x34 src/CMakeFiles/ubc-pico.dir/usr/share/pico-sdk/src/rp2_common/pico_float/float_v1_rom_shim.S.obj
                0x0000000010004ba8                float_table_shim_on_use_helper
 .text          0x0000000010004bdc       0x10 src/CMakeFiles/ubc-pico.dir/usr/share/pico-sdk/src/rp2_common/pico_mem_ops/mem_ops_aeabi.S.obj
                0x0000000010004bdc                __aeabi_mem_init
 .text.memset   0x0000000010004bec        0xc src/CMakeFiles/ubc-pico.dir/usr/share/pico-sdk/src/rp2_common/pico_mem_ops/mem_ops_aeabi.S.obj
                0x0000000010004bec                __wrap_memset
 .text.memcpy   0x0000000010004bf8        0xc src/CMakeFiles/ubc-pico.dir/usr/share/pico-sdk/src/rp2_common/pico_mem_ops/mem_ops_aeabi.S.obj
                0x0000000010004bf8                __wrap___aeabi_memcpy
                0x0000000010004bf8                __wrap_memcpy
 .text.stdio_out_chars_no_crlf
                0x0000000010004c04        0xe src/CMakeFiles/ubc-pico.dir/usr/share/pico-sdk/src/rp2_common/pico_stdio/stdio.c.obj
 *fill*         0x0000000010004c12        0x2 
 .text.stdio_out_chars_crlf
                0x0000000010004c14       0x80 src/CMakeFiles/ubc-pico.dir/usr/share/pico-sdk/src/rp2_common/pico_stdio/stdio.c.obj
 .text.stdio_stack_buffer_flush
                0x0000000010004c94       0x44 src/CMakeFiles/ubc-pico.dir/usr/share/pico-sdk/src/rp2_common/pico_stdio/stdio.c.obj
 .text.stdio_buffered_printer
                0x0000000010004cd8       0x20 src/CMakeFiles/ubc-pico.dir/usr/share/pico-sdk/src/rp2_common/pico_stdio/stdio.c.obj
 .text.stdout_serialize_begin
                0x0000000010004cf8       0x30 src/CMakeFiles/ubc-pico.dir/usr/share/pico-sdk/src/rp2_common/pico_stdio/stdio.c.obj
                0x0000000010004cf8                stdout_serialize_begin
 .text.stdout_serialize_end
                0x0000000010004d28       0x10 src/CMakeFiles/ubc-pico.dir/usr/share/pico-sdk/src/rp2_common/pico_stdio/stdio.c.obj
                0x0000000010004d28                stdout_serialize_end
 .text.stdio_put_string
                0x0000000010004d38       0x98 src/CMakeFiles/ubc-pico.dir/usr/share/pico-sdk/src/rp2_common/pico_stdio/stdio.c.obj
 .text.stdio_set_driver_enabled
                0x0000000010004dd0       0x2c src/CMakeFiles/ubc-pico.dir/usr/share/pico-sdk/src/rp2_common/pico_stdio/stdio.c.obj
                0x0000000010004dd0                stdio_set_driver_enabled
 .text.stdio_flush
                0x0000000010004dfc       0x20 src/CMakeFiles/ubc-pico.dir/usr/share/pico-sdk/src/rp2_common/pico_stdio/stdio.c.obj
                0x0000000010004dfc                stdio_flush
 .text.__wrap_puts
                0x0000000010004e1c       0x1e src/CMakeFiles/ubc-pico.dir/usr/share/pico-sdk/src/rp2_common/pico_stdio/stdio.c.obj
                0x0000000010004e1c                __wrap_puts
 *fill*         0x0000000010004e3a        0x2 
 .text.__wrap_vprintf
                0x0000000010004e3c       0x44 src/CMakeFiles/ubc-pico.dir/usr/share/pico-sdk/src/rp2_common/pico_stdio/stdio.c.obj
                0x0000000010004e3c                __wrap_vprintf
 .text.__wrap_printf
                0x0000000010004e80       0x18 src/CMakeFiles/ubc-pico.dir/usr/share/pico-sdk/src/rp2_common/pico_stdio/stdio.c.obj
                0x0000000010004e80                __wrap_printf
 .text.stdio_init_all
                0x0000000010004e98        0x8 src/CMakeFiles/ubc-pico.dir/usr/share/pico-sdk/src/rp2_common/pico_stdio/stdio.c.obj
                0x0000000010004e98                stdio_init_all
 .text.resetd_init
                0x0000000010004ea0        0x2 src/CMakeFiles/ubc-pico.dir/usr/share/pico-sdk/src/rp2_common/pico_stdio_usb/reset_interface.c.obj
 *fill*         0x0000000010004ea2        0x2 
 .text.resetd_reset
                0x0000000010004ea4        0xc src/CMakeFiles/ubc-pico.dir/usr/share/pico-sdk/src/rp2_common/pico_stdio_usb/reset_interface.c.obj
 .text.resetd_open
                0x0000000010004eb0       0x34 src/CMakeFiles/ubc-pico.dir/usr/share/pico-sdk/src/rp2_common/pico_stdio_usb/reset_interface.c.obj
 .text.resetd_xfer_cb
                0x0000000010004ee4        0x4 src/CMakeFiles/ubc-pico.dir/usr/share/pico-sdk/src/rp2_common/pico_stdio_usb/reset_interface.c.obj
 .text.reset_usb_boot
                0x0000000010004ee8       0x18 src/CMakeFiles/ubc-pico.dir/usr/share/pico-sdk/src/rp2_common/pico_stdio_usb/reset_interface.c.obj
 .text.resetd_control_xfer_cb
                0x0000000010004f00       0x5c src/CMakeFiles/ubc-pico.dir/usr/share/pico-sdk/src/rp2_common/pico_stdio_usb/reset_interface.c.obj
 .text.usbd_app_driver_get_cb
                0x0000000010004f5c        0xc src/CMakeFiles/ubc-pico.dir/usr/share/pico-sdk/src/rp2_common/pico_stdio_usb/reset_interface.c.obj
                0x0000000010004f5c                usbd_app_driver_get_cb
 .text.tud_cdc_line_coding_cb
                0x0000000010004f68       0x28 src/CMakeFiles/ubc-pico.dir/usr/share/pico-sdk/src/rp2_common/pico_stdio_usb/reset_interface.c.obj
                0x0000000010004f68                tud_cdc_line_coding_cb
 .text.stdio_usb_in_chars
                0x0000000010004f90       0x70 src/CMakeFiles/ubc-pico.dir/usr/share/pico-sdk/src/rp2_common/pico_stdio_usb/stdio_usb.c.obj
                0x0000000010004f90                stdio_usb_in_chars
 .text.low_priority_worker_irq
                0x0000000010005000       0x20 src/CMakeFiles/ubc-pico.dir/usr/share/pico-sdk/src/rp2_common/pico_stdio_usb/stdio_usb.c.obj
 .text.stdio_usb_out_chars
                0x0000000010005020       0xd4 src/CMakeFiles/ubc-pico.dir/usr/share/pico-sdk/src/rp2_common/pico_stdio_usb/stdio_usb.c.obj
 .text.update_us_since_boot
                0x00000000100050f4       0x24 src/CMakeFiles/ubc-pico.dir/usr/share/pico-sdk/src/rp2_common/pico_stdio_usb/stdio_usb.c.obj
 .text.get_absolute_time
                0x0000000010005118       0x22 src/CMakeFiles/ubc-pico.dir/usr/share/pico-sdk/src/rp2_common/pico_stdio_usb/stdio_usb.c.obj
 .text.delayed_by_us
                0x000000001000513a       0x36 src/CMakeFiles/ubc-pico.dir/usr/share/pico-sdk/src/rp2_common/pico_stdio_usb/stdio_usb.c.obj
 .text.timer_task
                0x0000000010005170       0x40 src/CMakeFiles/ubc-pico.dir/usr/share/pico-sdk/src/rp2_common/pico_stdio_usb/stdio_usb.c.obj
 .text.usb_irq  0x00000000100051b0       0x10 src/CMakeFiles/ubc-pico.dir/usr/share/pico-sdk/src/rp2_common/pico_stdio_usb/stdio_usb.c.obj
 .text.alarm_pool_add_alarm_in_us
                0x00000000100051c0       0x3a src/CMakeFiles/ubc-pico.dir/usr/share/pico-sdk/src/rp2_common/pico_stdio_usb/stdio_usb.c.obj
 .text.add_alarm_in_us
                0x00000000100051fa       0x2e src/CMakeFiles/ubc-pico.dir/usr/share/pico-sdk/src/rp2_common/pico_stdio_usb/stdio_usb.c.obj
 .text.stdio_usb_init
                0x0000000010005228       0x98 src/CMakeFiles/ubc-pico.dir/usr/share/pico-sdk/src/rp2_common/pico_stdio_usb/stdio_usb.c.obj
                0x0000000010005228                stdio_usb_init
 .text.tud_descriptor_device_cb
                0x00000000100052c0        0x8 src/CMakeFiles/ubc-pico.dir/usr/share/pico-sdk/src/rp2_common/pico_stdio_usb/stdio_usb_descriptors.c.obj
                0x00000000100052c0                tud_descriptor_device_cb
 .text.tud_descriptor_configuration_cb
                0x00000000100052c8        0x8 src/CMakeFiles/ubc-pico.dir/usr/share/pico-sdk/src/rp2_common/pico_stdio_usb/stdio_usb_descriptors.c.obj
                0x00000000100052c8                tud_descriptor_configuration_cb
 .text.tud_descriptor_string_cb
                0x00000000100052d0       0x6c src/CMakeFiles/ubc-pico.dir/usr/share/pico-sdk/src/rp2_common/pico_stdio_usb/stdio_usb_descriptors.c.obj
                0x00000000100052d0                tud_descriptor_string_cb
 .text.hw_endpoint_get_by_addr
                0x000000001000533c       0x18 src/CMakeFiles/ubc-pico.dir/usr/share/pico-sdk/lib/tinyusb/src/portable/raspberrypi/rp2040/dcd_rp2040.c.obj
 .text.reset_ep0_pid
                0x0000000010005354       0x28 src/CMakeFiles/ubc-pico.dir/usr/share/pico-sdk/lib/tinyusb/src/portable/raspberrypi/rp2040/dcd_rp2040.c.obj
 .text._hw_endpoint_alloc
                0x000000001000537c       0x70 src/CMakeFiles/ubc-pico.dir/usr/share/pico-sdk/lib/tinyusb/src/portable/raspberrypi/rp2040/dcd_rp2040.c.obj
 .text.hw_endpoint_init
                0x00000000100053ec       0x88 src/CMakeFiles/ubc-pico.dir/usr/share/pico-sdk/lib/tinyusb/src/portable/raspberrypi/rp2040/dcd_rp2040.c.obj
 .text.reset_non_control_endpoints
                0x0000000010005474       0x40 src/CMakeFiles/ubc-pico.dir/usr/share/pico-sdk/lib/tinyusb/src/portable/raspberrypi/rp2040/dcd_rp2040.c.obj
 .text.hw_handle_buff_status
                0x00000000100054b4       0x8c src/CMakeFiles/ubc-pico.dir/usr/share/pico-sdk/lib/tinyusb/src/portable/raspberrypi/rp2040/dcd_rp2040.c.obj
 .text.dcd_rp2040_irq
                0x0000000010005540       0xc0 src/CMakeFiles/ubc-pico.dir/usr/share/pico-sdk/lib/tinyusb/src/portable/raspberrypi/rp2040/dcd_rp2040.c.obj
 .text.hw_endpoint_xfer
                0x0000000010005600       0x14 src/CMakeFiles/ubc-pico.dir/usr/share/pico-sdk/lib/tinyusb/src/portable/raspberrypi/rp2040/dcd_rp2040.c.obj
 .text.dcd_int_enable
                0x0000000010005614       0x2c src/CMakeFiles/ubc-pico.dir/usr/share/pico-sdk/lib/tinyusb/src/portable/raspberrypi/rp2040/dcd_rp2040.c.obj
                0x0000000010005614                dcd_int_enable
 .text.dcd_set_address
                0x0000000010005640       0x2c src/CMakeFiles/ubc-pico.dir/usr/share/pico-sdk/lib/tinyusb/src/portable/raspberrypi/rp2040/dcd_rp2040.c.obj
                0x0000000010005640                dcd_set_address
 .text.dcd_connect
                0x000000001000566c       0x10 src/CMakeFiles/ubc-pico.dir/usr/share/pico-sdk/lib/tinyusb/src/portable/raspberrypi/rp2040/dcd_rp2040.c.obj
                0x000000001000566c                dcd_connect
 .text.dcd_init
                0x000000001000567c       0x7c src/CMakeFiles/ubc-pico.dir/usr/share/pico-sdk/lib/tinyusb/src/portable/raspberrypi/rp2040/dcd_rp2040.c.obj
                0x000000001000567c                dcd_init
 .text.dcd_edpt0_status_complete
                0x00000000100056f8       0x1c src/CMakeFiles/ubc-pico.dir/usr/share/pico-sdk/lib/tinyusb/src/portable/raspberrypi/rp2040/dcd_rp2040.c.obj
                0x00000000100056f8                dcd_edpt0_status_complete
 .text.dcd_edpt_open
                0x0000000010005714       0x40 src/CMakeFiles/ubc-pico.dir/usr/share/pico-sdk/lib/tinyusb/src/portable/raspberrypi/rp2040/dcd_rp2040.c.obj
                0x0000000010005714                dcd_edpt_open
 .text.dcd_edpt_close_all
                0x0000000010005754        0x8 src/CMakeFiles/ubc-pico.dir/usr/share/pico-sdk/lib/tinyusb/src/portable/raspberrypi/rp2040/dcd_rp2040.c.obj
                0x0000000010005754                dcd_edpt_close_all
 .text.dcd_edpt_xfer
                0x000000001000575c       0x30 src/CMakeFiles/ubc-pico.dir/usr/share/pico-sdk/lib/tinyusb/src/portable/raspberrypi/rp2040/dcd_rp2040.c.obj
                0x000000001000575c                dcd_edpt_xfer
 .text.dcd_edpt_stall
                0x000000001000578c       0x2c src/CMakeFiles/ubc-pico.dir/usr/share/pico-sdk/lib/tinyusb/src/portable/raspberrypi/rp2040/dcd_rp2040.c.obj
                0x000000001000578c                dcd_edpt_stall
 .text.dcd_edpt_clear_stall
                0x00000000100057b8       0x20 src/CMakeFiles/ubc-pico.dir/usr/share/pico-sdk/lib/tinyusb/src/portable/raspberrypi/rp2040/dcd_rp2040.c.obj
                0x00000000100057b8                dcd_edpt_clear_stall
 .text.prepare_ep_buffer
                0x00000000100057d8       0x6c src/CMakeFiles/ubc-pico.dir/usr/share/pico-sdk/lib/tinyusb/src/portable/raspberrypi/rp2040/rp2040_usb.c.obj
 .text.sync_ep_buffer
                0x0000000010005844       0x78 src/CMakeFiles/ubc-pico.dir/usr/share/pico-sdk/lib/tinyusb/src/portable/raspberrypi/rp2040/rp2040_usb.c.obj
 .text._hw_endpoint_xfer_sync
                0x00000000100058bc       0x28 src/CMakeFiles/ubc-pico.dir/usr/share/pico-sdk/lib/tinyusb/src/portable/raspberrypi/rp2040/rp2040_usb.c.obj
 .text.rp2040_usb_init
                0x00000000100058e4       0x4c src/CMakeFiles/ubc-pico.dir/usr/share/pico-sdk/lib/tinyusb/src/portable/raspberrypi/rp2040/rp2040_usb.c.obj
                0x00000000100058e4                rp2040_usb_init
 .text.hw_endpoint_reset_transfer
                0x0000000010005930        0xc src/CMakeFiles/ubc-pico.dir/usr/share/pico-sdk/lib/tinyusb/src/portable/raspberrypi/rp2040/rp2040_usb.c.obj
                0x0000000010005930                hw_endpoint_reset_transfer
 .text._hw_endpoint_buffer_control_update32
                0x000000001000593c       0x58 src/CMakeFiles/ubc-pico.dir/usr/share/pico-sdk/lib/tinyusb/src/portable/raspberrypi/rp2040/rp2040_usb.c.obj
                0x000000001000593c                _hw_endpoint_buffer_control_update32
 .text._hw_endpoint_start_next_buffer
                0x0000000010005994       0x74 src/CMakeFiles/ubc-pico.dir/usr/share/pico-sdk/lib/tinyusb/src/portable/raspberrypi/rp2040/rp2040_usb.c.obj
 .text.hw_endpoint_xfer_start
                0x0000000010005a08       0x48 src/CMakeFiles/ubc-pico.dir/usr/share/pico-sdk/lib/tinyusb/src/portable/raspberrypi/rp2040/rp2040_usb.c.obj
                0x0000000010005a08                hw_endpoint_xfer_start
 .text.hw_endpoint_xfer_continue
                0x0000000010005a50       0x38 src/CMakeFiles/ubc-pico.dir/usr/share/pico-sdk/lib/tinyusb/src/portable/raspberrypi/rp2040/rp2040_usb.c.obj
                0x0000000010005a50                hw_endpoint_xfer_continue
 .text.configuration_reset
                0x0000000010005a88       0x84 src/CMakeFiles/ubc-pico.dir/usr/share/pico-sdk/lib/tinyusb/src/device/usbd.c.obj
 .text.osal_queue_receive
                0x0000000010005b0c       0x30 src/CMakeFiles/ubc-pico.dir/usr/share/pico-sdk/lib/tinyusb/src/device/usbd.c.obj
 .text.usbd_reset
                0x0000000010005b3c        0xc src/CMakeFiles/ubc-pico.dir/usr/share/pico-sdk/lib/tinyusb/src/device/usbd.c.obj
 .text.invoke_class_control
                0x0000000010005b48       0x1a src/CMakeFiles/ubc-pico.dir/usr/share/pico-sdk/lib/tinyusb/src/device/usbd.c.obj
 *fill*         0x0000000010005b62        0x2 
 .text.process_set_config
                0x0000000010005b64      0x1b0 src/CMakeFiles/ubc-pico.dir/usr/share/pico-sdk/lib/tinyusb/src/device/usbd.c.obj
 .text.process_get_descriptor
                0x0000000010005d14       0xec src/CMakeFiles/ubc-pico.dir/usr/share/pico-sdk/lib/tinyusb/src/device/usbd.c.obj
 .text.osal_queue_send
                0x0000000010005e00       0x4c src/CMakeFiles/ubc-pico.dir/usr/share/pico-sdk/lib/tinyusb/src/device/usbd.c.obj
 .text.tud_mounted
                0x0000000010005e4c       0x10 src/CMakeFiles/ubc-pico.dir/usr/share/pico-sdk/lib/tinyusb/src/device/usbd.c.obj
                0x0000000010005e4c                tud_mounted
 .text.tud_suspended
                0x0000000010005e5c       0x10 src/CMakeFiles/ubc-pico.dir/usr/share/pico-sdk/lib/tinyusb/src/device/usbd.c.obj
                0x0000000010005e5c                tud_suspended
 .text.tud_inited
                0x0000000010005e6c        0xc src/CMakeFiles/ubc-pico.dir/usr/share/pico-sdk/lib/tinyusb/src/device/usbd.c.obj
                0x0000000010005e6c                tud_inited
 .text.tud_init
                0x0000000010005e78       0xcc src/CMakeFiles/ubc-pico.dir/usr/share/pico-sdk/lib/tinyusb/src/device/usbd.c.obj
                0x0000000010005e78                tud_init
 .text.dcd_event_handler
                0x0000000010005f44       0xd4 src/CMakeFiles/ubc-pico.dir/usr/share/pico-sdk/lib/tinyusb/src/device/usbd.c.obj
                0x0000000010005f44                dcd_event_handler
 .text.dcd_event_bus_signal
                0x0000000010006018       0x26 src/CMakeFiles/ubc-pico.dir/usr/share/pico-sdk/lib/tinyusb/src/device/usbd.c.obj
                0x0000000010006018                dcd_event_bus_signal
 .text.dcd_event_bus_reset
                0x000000001000603e       0x2a src/CMakeFiles/ubc-pico.dir/usr/share/pico-sdk/lib/tinyusb/src/device/usbd.c.obj
                0x000000001000603e                dcd_event_bus_reset
 .text.dcd_event_setup_received
                0x0000000010006068       0x34 src/CMakeFiles/ubc-pico.dir/usr/share/pico-sdk/lib/tinyusb/src/device/usbd.c.obj
                0x0000000010006068                dcd_event_setup_received
 .text.dcd_event_xfer_complete
                0x000000001000609c       0x44 src/CMakeFiles/ubc-pico.dir/usr/share/pico-sdk/lib/tinyusb/src/device/usbd.c.obj
                0x000000001000609c                dcd_event_xfer_complete
 .text.usbd_edpt_open
                0x00000000100060e0       0x58 src/CMakeFiles/ubc-pico.dir/usr/share/pico-sdk/lib/tinyusb/src/device/usbd.c.obj
                0x00000000100060e0                usbd_edpt_open
 .text.usbd_open_edpt_pair
                0x0000000010006138       0x8c src/CMakeFiles/ubc-pico.dir/usr/share/pico-sdk/lib/tinyusb/src/device/usbd.c.obj
                0x0000000010006138                usbd_open_edpt_pair
 .text.usbd_edpt_claim
                0x00000000100061c4       0x8c src/CMakeFiles/ubc-pico.dir/usr/share/pico-sdk/lib/tinyusb/src/device/usbd.c.obj
                0x00000000100061c4                usbd_edpt_claim
 .text.usbd_edpt_release
                0x0000000010006250       0x60 src/CMakeFiles/ubc-pico.dir/usr/share/pico-sdk/lib/tinyusb/src/device/usbd.c.obj
                0x0000000010006250                usbd_edpt_release
 .text.usbd_edpt_xfer
                0x00000000100062b0       0x80 src/CMakeFiles/ubc-pico.dir/usr/share/pico-sdk/lib/tinyusb/src/device/usbd.c.obj
                0x00000000100062b0                usbd_edpt_xfer
 .text.usbd_edpt_stall
                0x0000000010006330       0x40 src/CMakeFiles/ubc-pico.dir/usr/share/pico-sdk/lib/tinyusb/src/device/usbd.c.obj
                0x0000000010006330                usbd_edpt_stall
 .text.usbd_edpt_clear_stall
                0x0000000010006370       0x40 src/CMakeFiles/ubc-pico.dir/usr/share/pico-sdk/lib/tinyusb/src/device/usbd.c.obj
                0x0000000010006370                usbd_edpt_clear_stall
 .text.usbd_edpt_stalled
                0x00000000100063b0       0x1c src/CMakeFiles/ubc-pico.dir/usr/share/pico-sdk/lib/tinyusb/src/device/usbd.c.obj
                0x00000000100063b0                usbd_edpt_stalled
 .text.process_control_request
                0x00000000100063cc      0x3b0 src/CMakeFiles/ubc-pico.dir/usr/share/pico-sdk/lib/tinyusb/src/device/usbd.c.obj
 .text.tud_task
                0x000000001000677c      0x1f0 src/CMakeFiles/ubc-pico.dir/usr/share/pico-sdk/lib/tinyusb/src/device/usbd.c.obj
                0x000000001000677c                tud_task
 .text._status_stage_xact
                0x000000001000696c       0x1a src/CMakeFiles/ubc-pico.dir/usr/share/pico-sdk/lib/tinyusb/src/device/usbd_control.c.obj
 *fill*         0x0000000010006986        0x2 
 .text._data_stage_xact
                0x0000000010006988       0x58 src/CMakeFiles/ubc-pico.dir/usr/share/pico-sdk/lib/tinyusb/src/device/usbd_control.c.obj
 .text.tud_control_status
                0x00000000100069e0       0x28 src/CMakeFiles/ubc-pico.dir/usr/share/pico-sdk/lib/tinyusb/src/device/usbd_control.c.obj
                0x00000000100069e0                tud_control_status
 .text.tud_control_xfer
                0x0000000010006a08       0x98 src/CMakeFiles/ubc-pico.dir/usr/share/pico-sdk/lib/tinyusb/src/device/usbd_control.c.obj
                0x0000000010006a08                tud_control_xfer
 .text.usbd_control_reset
                0x0000000010006aa0       0x14 src/CMakeFiles/ubc-pico.dir/usr/share/pico-sdk/lib/tinyusb/src/device/usbd_control.c.obj
                0x0000000010006aa0                usbd_control_reset
 .text.usbd_control_set_complete_callback
                0x0000000010006ab4        0xc src/CMakeFiles/ubc-pico.dir/usr/share/pico-sdk/lib/tinyusb/src/device/usbd_control.c.obj
                0x0000000010006ab4                usbd_control_set_complete_callback
 .text.usbd_control_set_request
                0x0000000010006ac0       0x1c src/CMakeFiles/ubc-pico.dir/usr/share/pico-sdk/lib/tinyusb/src/device/usbd_control.c.obj
                0x0000000010006ac0                usbd_control_set_request
 .text.usbd_control_xfer_cb
                0x0000000010006adc       0xe8 src/CMakeFiles/ubc-pico.dir/usr/share/pico-sdk/lib/tinyusb/src/device/usbd_control.c.obj
                0x0000000010006adc                usbd_control_xfer_cb
 .text._prep_out_transaction
                0x0000000010006bc4       0x46 src/CMakeFiles/ubc-pico.dir/usr/share/pico-sdk/lib/tinyusb/src/class/cdc/cdc_device.c.obj
 *fill*         0x0000000010006c0a        0x2 
 .text.tud_cdc_n_connected
                0x0000000010006c0c       0x38 src/CMakeFiles/ubc-pico.dir/usr/share/pico-sdk/lib/tinyusb/src/class/cdc/cdc_device.c.obj
                0x0000000010006c0c                tud_cdc_n_connected
 .text.tud_cdc_n_available
                0x0000000010006c44       0x18 src/CMakeFiles/ubc-pico.dir/usr/share/pico-sdk/lib/tinyusb/src/class/cdc/cdc_device.c.obj
                0x0000000010006c44                tud_cdc_n_available
 .text.tud_cdc_n_read
                0x0000000010006c5c       0x28 src/CMakeFiles/ubc-pico.dir/usr/share/pico-sdk/lib/tinyusb/src/class/cdc/cdc_device.c.obj
                0x0000000010006c5c                tud_cdc_n_read
 .text.tud_cdc_n_write_flush
                0x0000000010006c84       0xcc src/CMakeFiles/ubc-pico.dir/usr/share/pico-sdk/lib/tinyusb/src/class/cdc/cdc_device.c.obj
                0x0000000010006c84                tud_cdc_n_write_flush
 .text.tud_cdc_n_write
                0x0000000010006d50       0x38 src/CMakeFiles/ubc-pico.dir/usr/share/pico-sdk/lib/tinyusb/src/class/cdc/cdc_device.c.obj
                0x0000000010006d50                tud_cdc_n_write
 .text.tud_cdc_n_write_available
                0x0000000010006d88       0x1c src/CMakeFiles/ubc-pico.dir/usr/share/pico-sdk/lib/tinyusb/src/class/cdc/cdc_device.c.obj
                0x0000000010006d88                tud_cdc_n_write_available
 .text.cdcd_init
                0x0000000010006da4       0xbc src/CMakeFiles/ubc-pico.dir/usr/share/pico-sdk/lib/tinyusb/src/class/cdc/cdc_device.c.obj
                0x0000000010006da4                cdcd_init
 .text.cdcd_reset
                0x0000000010006e60       0x44 src/CMakeFiles/ubc-pico.dir/usr/share/pico-sdk/lib/tinyusb/src/class/cdc/cdc_device.c.obj
                0x0000000010006e60                cdcd_reset
 .text.cdcd_open
                0x0000000010006ea4       0xf0 src/CMakeFiles/ubc-pico.dir/usr/share/pico-sdk/lib/tinyusb/src/class/cdc/cdc_device.c.obj
                0x0000000010006ea4                cdcd_open
 .text.cdcd_control_xfer_cb
                0x0000000010006f94      0x134 src/CMakeFiles/ubc-pico.dir/usr/share/pico-sdk/lib/tinyusb/src/class/cdc/cdc_device.c.obj
                0x0000000010006f94                cdcd_control_xfer_cb
 .text.cdcd_xfer_cb
                0x00000000100070c8      0x144 src/CMakeFiles/ubc-pico.dir/usr/share/pico-sdk/lib/tinyusb/src/class/cdc/cdc_device.c.obj
                0x00000000100070c8                cdcd_xfer_cb
 .text.tusb_init
                0x000000001000720c       0x24 src/CMakeFiles/ubc-pico.dir/usr/share/pico-sdk/lib/tinyusb/src/tusb.c.obj
                0x000000001000720c                tusb_init
 .text.tusb_inited
                0x0000000010007230        0xe src/CMakeFiles/ubc-pico.dir/usr/share/pico-sdk/lib/tinyusb/src/tusb.c.obj
                0x0000000010007230                tusb_inited
 *fill*         0x000000001000723e        0x2 
 .text.tu_edpt_validate
                0x0000000010007240       0xa8 src/CMakeFiles/ubc-pico.dir/usr/share/pico-sdk/lib/tinyusb/src/tusb.c.obj
                0x0000000010007240                tu_edpt_validate
 .text.tu_edpt_bind_driver
                0x00000000100072e8       0x2a src/CMakeFiles/ubc-pico.dir/usr/share/pico-sdk/lib/tinyusb/src/tusb.c.obj
                0x00000000100072e8                tu_edpt_bind_driver
 .text.advance_pointer
                0x0000000010007312       0x18 src/CMakeFiles/ubc-pico.dir/usr/share/pico-sdk/lib/tinyusb/src/common/tusb_fifo.c.obj
 .text.backward_pointer
                0x000000001000732a       0x1e src/CMakeFiles/ubc-pico.dir/usr/share/pico-sdk/lib/tinyusb/src/common/tusb_fifo.c.obj
 .text.get_relative_pointer
                0x0000000010007348       0x10 src/CMakeFiles/ubc-pico.dir/usr/share/pico-sdk/lib/tinyusb/src/common/tusb_fifo.c.obj
 .text._tu_fifo_peek
                0x0000000010007358       0x50 src/CMakeFiles/ubc-pico.dir/usr/share/pico-sdk/lib/tinyusb/src/common/tusb_fifo.c.obj
 .text._ff_pull_const_addr
                0x00000000100073a8       0x4c src/CMakeFiles/ubc-pico.dir/usr/share/pico-sdk/lib/tinyusb/src/common/tusb_fifo.c.obj
 .text._ff_pull_n
                0x00000000100073f4      0x10c src/CMakeFiles/ubc-pico.dir/usr/share/pico-sdk/lib/tinyusb/src/common/tusb_fifo.c.obj
 .text._tu_fifo_peek_n
                0x0000000010007500       0x5e src/CMakeFiles/ubc-pico.dir/usr/share/pico-sdk/lib/tinyusb/src/common/tusb_fifo.c.obj
 .text._tu_fifo_read_n
                0x000000001000755e       0x4e src/CMakeFiles/ubc-pico.dir/usr/share/pico-sdk/lib/tinyusb/src/common/tusb_fifo.c.obj
 .text._ff_push_const_addr
                0x00000000100075ac       0x40 src/CMakeFiles/ubc-pico.dir/usr/share/pico-sdk/lib/tinyusb/src/common/tusb_fifo.c.obj
 .text._ff_push_n
                0x00000000100075ec      0x108 src/CMakeFiles/ubc-pico.dir/usr/share/pico-sdk/lib/tinyusb/src/common/tusb_fifo.c.obj
 .text._tu_fifo_write_n
                0x00000000100076f4       0x9e src/CMakeFiles/ubc-pico.dir/usr/share/pico-sdk/lib/tinyusb/src/common/tusb_fifo.c.obj
 .text.tu_fifo_config
                0x0000000010007792       0x72 src/CMakeFiles/ubc-pico.dir/usr/share/pico-sdk/lib/tinyusb/src/common/tusb_fifo.c.obj
                0x0000000010007792                tu_fifo_config
 .text.tu_fifo_count
                0x0000000010007804       0x26 src/CMakeFiles/ubc-pico.dir/usr/share/pico-sdk/lib/tinyusb/src/common/tusb_fifo.c.obj
                0x0000000010007804                tu_fifo_count
 .text.tu_fifo_empty
                0x000000001000782a        0xe src/CMakeFiles/ubc-pico.dir/usr/share/pico-sdk/lib/tinyusb/src/common/tusb_fifo.c.obj
                0x000000001000782a                tu_fifo_empty
 .text.tu_fifo_remaining
                0x0000000010007838       0x20 src/CMakeFiles/ubc-pico.dir/usr/share/pico-sdk/lib/tinyusb/src/common/tusb_fifo.c.obj
                0x0000000010007838                tu_fifo_remaining
 .text.tu_fifo_read
                0x0000000010007858       0x42 src/CMakeFiles/ubc-pico.dir/usr/share/pico-sdk/lib/tinyusb/src/common/tusb_fifo.c.obj
                0x0000000010007858                tu_fifo_read
 .text.tu_fifo_read_n
                0x000000001000789a        0xa src/CMakeFiles/ubc-pico.dir/usr/share/pico-sdk/lib/tinyusb/src/common/tusb_fifo.c.obj
                0x000000001000789a                tu_fifo_read_n
 .text.tu_fifo_write
                0x00000000100078a4       0x6a src/CMakeFiles/ubc-pico.dir/usr/share/pico-sdk/lib/tinyusb/src/common/tusb_fifo.c.obj
                0x00000000100078a4                tu_fifo_write
 .text.tu_fifo_write_n
                0x000000001000790e        0xa src/CMakeFiles/ubc-pico.dir/usr/share/pico-sdk/lib/tinyusb/src/common/tusb_fifo.c.obj
                0x000000001000790e                tu_fifo_write_n
 .text.tu_fifo_clear
                0x0000000010007918       0x4c src/CMakeFiles/ubc-pico.dir/usr/share/pico-sdk/lib/tinyusb/src/common/tusb_fifo.c.obj
                0x0000000010007918                tu_fifo_clear
 .text.tu_fifo_set_overwritable
                0x0000000010007964       0x3c src/CMakeFiles/ubc-pico.dir/usr/share/pico-sdk/lib/tinyusb/src/common/tusb_fifo.c.obj
                0x0000000010007964                tu_fifo_set_overwritable
 .text._retrieve_unique_id_on_boot
                0x00000000100079a0       0x10 src/CMakeFiles/ubc-pico.dir/usr/share/pico-sdk/src/rp2_common/pico_unique_id/unique_id.c.obj
 .text.pico_get_unique_board_id_string
                0x00000000100079b0       0x5c src/CMakeFiles/ubc-pico.dir/usr/share/pico-sdk/src/rp2_common/pico_unique_id/unique_id.c.obj
                0x00000000100079b0                pico_get_unique_board_id_string
 .text.flash_get_unique_id
                0x0000000010007a0c       0x46 src/CMakeFiles/ubc-pico.dir/usr/share/pico-sdk/src/rp2_common/hardware_flash/flash.c.obj
                0x0000000010007a0c                flash_get_unique_id
 .text.i2c_write_blocking_internal
                0x0000000010007a52      0x146 src/CMakeFiles/ubc-pico.dir/usr/share/pico-sdk/src/rp2_common/hardware_i2c/i2c.c.obj
 .text.i2c_set_baudrate
                0x0000000010007b98       0xf0 src/CMakeFiles/ubc-pico.dir/usr/share/pico-sdk/src/rp2_common/hardware_i2c/i2c.c.obj
                0x0000000010007b98                i2c_set_baudrate
 .text.i2c_init
                0x0000000010007c88       0x58 src/CMakeFiles/ubc-pico.dir/usr/share/pico-sdk/src/rp2_common/hardware_i2c/i2c.c.obj
                0x0000000010007c88                i2c_init
 .text.i2c_write_blocking
                0x0000000010007ce0       0x18 src/CMakeFiles/ubc-pico.dir/usr/share/pico-sdk/src/rp2_common/hardware_i2c/i2c.c.obj
                0x0000000010007ce0                i2c_write_blocking
 .text.atexit   0x0000000010007cf8       0x10 /usr/lib/gcc/arm-none-eabi/12.2.0/../../../../arm-none-eabi/lib/thumb/v6-m/nofp/libg.a(lib_a-atexit.o)
                0x0000000010007cf8                atexit
 .text.__libc_fini_array
                0x0000000010007d08       0x28 /usr/lib/gcc/arm-none-eabi/12.2.0/../../../../arm-none-eabi/lib/thumb/v6-m/nofp/libg.a(lib_a-fini.o)
                0x0000000010007d08                __libc_fini_array
 .text.strlen   0x0000000010007d30       0x5c /usr/lib/gcc/arm-none-eabi/12.2.0/../../../../arm-none-eabi/lib/thumb/v6-m/nofp/libg.a(lib_a-strlen-stub.o)
                0x0000000010007d30                strlen
 .text.__register_exitproc
                0x0000000010007d8c       0xac /usr/lib/gcc/arm-none-eabi/12.2.0/../../../../arm-none-eabi/lib/thumb/v6-m/nofp/libg.a(lib_a-__atexit.o)
                0x0000000010007d8c                __register_exitproc
 .text.startup.register_fini
                0x0000000010007e38       0x18 /usr/lib/gcc/arm-none-eabi/12.2.0/../../../../arm-none-eabi/lib/thumb/v6-m/nofp/libg.a(lib_a-__call_atexit.o)
 .text.__retarget_lock_acquire_recursive
                0x0000000010007e50        0x4 /usr/lib/gcc/arm-none-eabi/12.2.0/../../../../arm-none-eabi/lib/thumb/v6-m/nofp/libg.a(lib_a-lock.o)
                0x0000000010007e50                __retarget_lock_acquire_recursive
 .text.__retarget_lock_release_recursive
                0x0000000010007e54        0x4 /usr/lib/gcc/arm-none-eabi/12.2.0/../../../../arm-none-eabi/lib/thumb/v6-m/nofp/libg.a(lib_a-lock.o)
                0x0000000010007e54                __retarget_lock_release_recursive
 *(.fini)
 .fini          0x0000000010007e58        0x4 /usr/lib/gcc/arm-none-eabi/12.2.0/thumb/v6-m/nofp/crti.o
                0x0000000010007e58                _fini
 *fill*         0x0000000010007e5c        0x4 
 .fini.__stub   0x0000000010007e60       0x70 linker stubs
 *crtbegin.o(.ctors)
 *crtbegin?.o(.ctors)
 *(EXCLUDE_FILE(*crtend.o *crtend?.o) .ctors)
 *(SORT_BY_NAME(.ctors.*))
 *(.ctors)
 *crtbegin.o(.dtors)
 *crtbegin?.o(.dtors)
 *(EXCLUDE_FILE(*crtend.o *crtend?.o) .dtors)
 *(SORT_BY_NAME(.dtors.*))
 *(.dtors)
 *(.eh_frame*)
 .eh_frame      0x0000000010007ed0        0x0 /usr/lib/gcc/arm-none-eabi/12.2.0/thumb/v6-m/nofp/crtbegin.o
                0x0000000010007ed0                . = ALIGN (0x4)

.glue_7         0x0000000010007ed0        0x0
 .glue_7        0x0000000010007ed0        0x0 linker stubs

.glue_7t        0x0000000010007ed0        0x0
 .glue_7t       0x0000000010007ed0        0x0 linker stubs

.vfp11_veneer   0x0000000010007ed0        0x0
 .vfp11_veneer  0x0000000010007ed0        0x0 linker stubs

.v4_bx          0x0000000010007ed0        0x0
 .v4_bx         0x0000000010007ed0        0x0 linker stubs

.iplt           0x0000000010007ed0        0x0
 .iplt          0x0000000010007ed0        0x0 /usr/lib/gcc/arm-none-eabi/12.2.0/thumb/v6-m/nofp/crtbegin.o

.rodata         0x0000000010007ed0     0x17dc
 *(EXCLUDE_FILE(*libm.a: *libc.a:*lib_a-mem*.o *libgcc.a:) .rodata*)
 .rodata.initI2C.str1.4
                0x0000000010007ed0       0x13 src/CMakeFiles/ubc-pico.dir/oled.c.obj
 *fill*         0x0000000010007ee3        0x1 
 .rodata.display.0
                0x0000000010007ee4        0x6 src/CMakeFiles/ubc-pico.dir/oled.c.obj
 *fill*         0x0000000010007eea        0x2 
 .rodata.init.2
                0x0000000010007eec       0x1f src/CMakeFiles/ubc-pico.dir/oled.c.obj
 *fill*         0x0000000010007f0b        0x1 
 .rodata.__bi_44.3
                0x0000000010007f0c        0x8 src/CMakeFiles/ubc-pico.dir/oled.c.obj
 .rodata.powerOff.6
                0x0000000010007f14        0x3 src/CMakeFiles/ubc-pico.dir/oled.c.obj
 *fill*         0x0000000010007f17        0x1 
 .rodata.FONT   0x0000000010007f18      0x12c src/CMakeFiles/ubc-pico.dir/oled.c.obj
                0x0000000010007f18                FONT
 .rodata.spin_lock_claim_unused.str1.4
                0x0000000010008044       0x1b src/CMakeFiles/ubc-pico.dir/usr/share/pico-sdk/src/rp2_common/hardware_sync/sync.c.obj
 *fill*         0x000000001000805f        0x1 
 .rodata.resolve_branch.str1.4
                0x0000000010008060       0x4e src/CMakeFiles/ubc-pico.dir/usr/share/pico-sdk/src/rp2_common/hardware_irq/irq.c.obj
 *fill*         0x00000000100080ae        0x2 
 .rodata.make_branch.str1.4
                0x00000000100080b0       0x30 src/CMakeFiles/ubc-pico.dir/usr/share/pico-sdk/src/rp2_common/hardware_irq/irq.c.obj
 .rodata.insert_branch_and_link.str1.4
                0x00000000100080e0       0x10 src/CMakeFiles/ubc-pico.dir/usr/share/pico-sdk/src/rp2_common/hardware_irq/irq.c.obj
 .rodata.irq_set_exclusive_handler.str1.4
                0x00000000100080f0       0x36 src/CMakeFiles/ubc-pico.dir/usr/share/pico-sdk/src/rp2_common/hardware_irq/irq.c.obj
 *fill*         0x0000000010008126        0x2 
 .rodata.irq_add_shared_handler.str1.4
                0x0000000010008128       0xc2 src/CMakeFiles/ubc-pico.dir/usr/share/pico-sdk/src/rp2_common/hardware_irq/irq.c.obj
 *fill*         0x00000000100081ea        0x2 
 .rodata.irq_remove_handler.str1.4
                0x00000000100081ec       0x2a src/CMakeFiles/ubc-pico.dir/usr/share/pico-sdk/src/rp2_common/hardware_irq/irq.c.obj
 *fill*         0x0000000010008216        0x2 
 .rodata.irq_add_tail_to_free_list.str1.4
                0x0000000010008218       0x3a src/CMakeFiles/ubc-pico.dir/usr/share/pico-sdk/src/rp2_common/hardware_irq/irq.c.obj
 *fill*         0x0000000010008252        0x2 
 .rodata.user_irq_claim_unused.str1.4
                0x0000000010008254       0x1b src/CMakeFiles/ubc-pico.dir/usr/share/pico-sdk/src/rp2_common/hardware_irq/irq.c.obj
 *fill*         0x000000001000826f        0x1 
 .rodata.__func__.0
                0x0000000010008270       0x1a src/CMakeFiles/ubc-pico.dir/usr/share/pico-sdk/src/rp2_common/hardware_irq/irq.c.obj
 *fill*         0x000000001000828a        0x2 
 .rodata.__func__.1
                0x000000001000828c       0x17 src/CMakeFiles/ubc-pico.dir/usr/share/pico-sdk/src/rp2_common/hardware_irq/irq.c.obj
 *fill*         0x00000000100082a3        0x1 
 .rodata.__func__.2
                0x00000000100082a4       0x13 src/CMakeFiles/ubc-pico.dir/usr/share/pico-sdk/src/rp2_common/hardware_irq/irq.c.obj
 *fill*         0x00000000100082b7        0x1 
 .rodata.__func__.3
                0x00000000100082b8        0xc src/CMakeFiles/ubc-pico.dir/usr/share/pico-sdk/src/rp2_common/hardware_irq/irq.c.obj
 .rodata.__func__.4
                0x00000000100082c4        0xf src/CMakeFiles/ubc-pico.dir/usr/share/pico-sdk/src/rp2_common/hardware_irq/irq.c.obj
 *fill*         0x00000000100082d3        0x1 
 .rodata.__func__.5
                0x00000000100082d4       0x17 src/CMakeFiles/ubc-pico.dir/usr/share/pico-sdk/src/rp2_common/hardware_irq/irq.c.obj
 *fill*         0x00000000100082eb        0x1 
 .rodata.__func__.6
                0x00000000100082ec       0x1a src/CMakeFiles/ubc-pico.dir/usr/share/pico-sdk/src/rp2_common/hardware_irq/irq.c.obj
 *fill*         0x0000000010008306        0x2 
 .rodata.get_entry.str1.4
                0x0000000010008308       0x54 src/CMakeFiles/ubc-pico.dir/usr/share/pico-sdk/src/common/pico_time/time.c.obj
 .rodata.update_us_since_boot.str1.4
                0x000000001000835c       0x5a src/CMakeFiles/ubc-pico.dir/usr/share/pico-sdk/src/common/pico_time/time.c.obj
 *fill*         0x00000000100083b6        0x2 
 .rodata.ph_get_node.str1.4
                0x00000000100083b8       0x5f src/CMakeFiles/ubc-pico.dir/usr/share/pico-sdk/src/common/pico_time/time.c.obj
 *fill*         0x0000000010008417        0x1 
 .rodata.ph_add_child_node.str1.4
                0x0000000010008418       0x2e src/CMakeFiles/ubc-pico.dir/usr/share/pico-sdk/src/common/pico_time/time.c.obj
 *fill*         0x0000000010008446        0x2 
 .rodata.ph_insert_node.str1.4
                0x0000000010008448        0x3 src/CMakeFiles/ubc-pico.dir/usr/share/pico-sdk/src/common/pico_time/time.c.obj
 *fill*         0x000000001000844b        0x1 
 .rodata.ph_free_node.str1.4
                0x000000001000844c       0x22 src/CMakeFiles/ubc-pico.dir/usr/share/pico-sdk/src/common/pico_time/time.c.obj
 *fill*         0x000000001000846e        0x2 
 .rodata.add_alarm_under_lock.str1.4
                0x0000000010008470       0x28 src/CMakeFiles/ubc-pico.dir/usr/share/pico-sdk/src/common/pico_time/time.c.obj
 .rodata.alarm_pool_alarm_callback.str1.4
                0x0000000010008498       0x60 src/CMakeFiles/ubc-pico.dir/usr/share/pico-sdk/src/common/pico_time/time.c.obj
 .rodata.alarm_pool_get_default.str1.4
                0x00000000100084f8       0x21 src/CMakeFiles/ubc-pico.dir/usr/share/pico-sdk/src/common/pico_time/time.c.obj
 *fill*         0x0000000010008519        0x3 
 .rodata.alarm_pool_cancel_alarm.str1.4
                0x000000001000851c       0x27 src/CMakeFiles/ubc-pico.dir/usr/share/pico-sdk/src/common/pico_time/time.c.obj
 *fill*         0x0000000010008543        0x1 
 .rodata.sleep_until.str1.4
                0x0000000010008544       0x4d src/CMakeFiles/ubc-pico.dir/usr/share/pico-sdk/src/common/pico_time/time.c.obj
 *fill*         0x0000000010008591        0x3 
 .rodata.__func__.1
                0x0000000010008594       0x18 src/CMakeFiles/ubc-pico.dir/usr/share/pico-sdk/src/common/pico_time/time.c.obj
 .rodata.__func__.3
                0x00000000100085ac       0x17 src/CMakeFiles/ubc-pico.dir/usr/share/pico-sdk/src/common/pico_time/time.c.obj
 *fill*         0x00000000100085c3        0x1 
 .rodata.__func__.4
                0x00000000100085c4       0x12 src/CMakeFiles/ubc-pico.dir/usr/share/pico-sdk/src/common/pico_time/time.c.obj
 *fill*         0x00000000100085d6        0x2 
 .rodata.__func__.5
                0x00000000100085d8        0xd src/CMakeFiles/ubc-pico.dir/usr/share/pico-sdk/src/common/pico_time/time.c.obj
 *fill*         0x00000000100085e5        0x3 
 .rodata.__func__.6
                0x00000000100085e8       0x12 src/CMakeFiles/ubc-pico.dir/usr/share/pico-sdk/src/common/pico_time/time.c.obj
 *fill*         0x00000000100085fa        0x2 
 .rodata.__func__.7
                0x00000000100085fc        0xf src/CMakeFiles/ubc-pico.dir/usr/share/pico-sdk/src/common/pico_time/time.c.obj
 *fill*         0x000000001000860b        0x1 
 .rodata.__func__.8
                0x000000001000860c        0xc src/CMakeFiles/ubc-pico.dir/usr/share/pico-sdk/src/common/pico_time/time.c.obj
 .rodata.__func__.9
                0x0000000010008618       0x15 src/CMakeFiles/ubc-pico.dir/usr/share/pico-sdk/src/common/pico_time/time.c.obj
 *fill*         0x000000001000862d        0x3 
 .rodata.__func__.10
                0x0000000010008630       0x15 src/CMakeFiles/ubc-pico.dir/usr/share/pico-sdk/src/common/pico_time/time.c.obj
 *fill*         0x0000000010008645        0x3 
 .rodata.__func__.11
                0x0000000010008648       0x1a src/CMakeFiles/ubc-pico.dir/usr/share/pico-sdk/src/common/pico_time/time.c.obj
 *fill*         0x0000000010008662        0x2 
 .rodata.__func__.12
                0x0000000010008664        0xa src/CMakeFiles/ubc-pico.dir/usr/share/pico-sdk/src/common/pico_time/time.c.obj
 *fill*         0x000000001000866e        0x2 
 .rodata.hardware_alarm_claim.str1.4
                0x0000000010008670       0x22 src/CMakeFiles/ubc-pico.dir/usr/share/pico-sdk/src/rp2_common/hardware_timer/timer.c.obj
 *fill*         0x0000000010008692        0x2 
 .rodata.hardware_alarm_set_target.str1.4
                0x0000000010008694       0x5e src/CMakeFiles/ubc-pico.dir/usr/share/pico-sdk/src/rp2_common/hardware_timer/timer.c.obj
 *fill*         0x00000000100086f2        0x2 
 .rodata.__func__.0
                0x00000000100086f4       0x1a src/CMakeFiles/ubc-pico.dir/usr/share/pico-sdk/src/rp2_common/hardware_timer/timer.c.obj
 .rodata.ph_get_node.str1.4
                0x000000001000870e       0x5f src/CMakeFiles/ubc-pico.dir/usr/share/pico-sdk/src/common/pico_util/pheap.c.obj
 .rodata.ph_add_child_node.str1.4
                0x000000001000870e       0x2e src/CMakeFiles/ubc-pico.dir/usr/share/pico-sdk/src/common/pico_util/pheap.c.obj
 *fill*         0x000000001000870e        0x2 
 .rodata.ph_remove_any_head.str1.4
                0x0000000010008710       0x88 src/CMakeFiles/ubc-pico.dir/usr/share/pico-sdk/src/common/pico_util/pheap.c.obj
 .rodata.ph_remove_and_free_node.str1.4
                0x0000000010008798       0x1e src/CMakeFiles/ubc-pico.dir/usr/share/pico-sdk/src/common/pico_util/pheap.c.obj
                                         0x26 (size before relaxing)
 *fill*         0x00000000100087b6        0x2 
 .rodata.__func__.0
                0x00000000100087b8       0x18 src/CMakeFiles/ubc-pico.dir/usr/share/pico-sdk/src/common/pico_util/pheap.c.obj
 .rodata.__func__.1
                0x00000000100087d0       0x13 src/CMakeFiles/ubc-pico.dir/usr/share/pico-sdk/src/common/pico_util/pheap.c.obj
 *fill*         0x00000000100087e3        0x1 
 .rodata.__func__.2
                0x00000000100087e4       0x12 src/CMakeFiles/ubc-pico.dir/usr/share/pico-sdk/src/common/pico_util/pheap.c.obj
 *fill*         0x00000000100087f6        0x2 
 .rodata.__func__.3
                0x00000000100087f8        0xc src/CMakeFiles/ubc-pico.dir/usr/share/pico-sdk/src/common/pico_util/pheap.c.obj
 .rodata.update_us_since_boot.str1.4
                0x0000000010008804       0x5a src/CMakeFiles/ubc-pico.dir/usr/share/pico-sdk/src/common/pico_sync/mutex.c.obj
 .rodata.str1.4
                0x0000000010008804       0x85 src/CMakeFiles/ubc-pico.dir/usr/share/pico-sdk/src/common/pico_sync/mutex.c.obj
 *fill*         0x0000000010008889        0x3 
 .rodata.__func__.1
                0x000000001000888c        0xb src/CMakeFiles/ubc-pico.dir/usr/share/pico-sdk/src/common/pico_sync/mutex.c.obj
 *fill*         0x0000000010008897        0x1 
 .rodata.__func__.3
                0x0000000010008898       0x18 src/CMakeFiles/ubc-pico.dir/usr/share/pico-sdk/src/common/pico_sync/mutex.c.obj
 .rodata.__func__.4
                0x00000000100088b0       0x15 src/CMakeFiles/ubc-pico.dir/usr/share/pico-sdk/src/common/pico_sync/mutex.c.obj
 *fill*         0x00000000100088c5        0x3 
 .rodata.__assert_func.str1.4
                0x00000000100088c8       0x3f src/CMakeFiles/ubc-pico.dir/usr/share/pico-sdk/src/rp2_common/pico_runtime/runtime.c.obj
                                         0x43 (size before relaxing)
 *fill*         0x0000000010008907        0x1 
 .rodata.runtime_init.str1.4
                0x0000000010008908       0x5a src/CMakeFiles/ubc-pico.dir/usr/share/pico-sdk/src/rp2_common/pico_runtime/runtime.c.obj
 *fill*         0x0000000010008962        0x2 
 .rodata.panic.str1.4
                0x0000000010008964       0x12 src/CMakeFiles/ubc-pico.dir/usr/share/pico-sdk/src/rp2_common/pico_runtime/runtime.c.obj
 *fill*         0x0000000010008976        0x2 
 .rodata.__func__.1
                0x0000000010008978        0xd src/CMakeFiles/ubc-pico.dir/usr/share/pico-sdk/src/rp2_common/pico_runtime/runtime.c.obj
 *fill*         0x0000000010008985        0x3 
 .rodata.clock_configure.str1.4
                0x0000000010008988       0x50 src/CMakeFiles/ubc-pico.dir/usr/share/pico-sdk/src/rp2_common/hardware_clocks/clocks.c.obj
 .rodata.__func__.1
                0x00000000100089d8       0x10 src/CMakeFiles/ubc-pico.dir/usr/share/pico-sdk/src/rp2_common/hardware_clocks/clocks.c.obj
 .rodata.pll_init.str1.4
                0x00000000100089e8      0x133 src/CMakeFiles/ubc-pico.dir/usr/share/pico-sdk/src/rp2_common/hardware_pll/pll.c.obj
 *fill*         0x0000000010008b1b        0x1 
 .rodata.__func__.0
                0x0000000010008b1c        0x9 src/CMakeFiles/ubc-pico.dir/usr/share/pico-sdk/src/rp2_common/hardware_pll/pll.c.obj
 *fill*         0x0000000010008b25        0x3 
 .rodata._ftoa.str1.4
                0x0000000010008b28       0x15 src/CMakeFiles/ubc-pico.dir/usr/share/pico-sdk/src/rp2_common/pico_printf/printf.c.obj
 *fill*         0x0000000010008b3d        0x3 
 .rodata._vsnprintf
                0x0000000010008b40      0x19c src/CMakeFiles/ubc-pico.dir/usr/share/pico-sdk/src/rp2_common/pico_printf/printf.c.obj
 *fill*         0x0000000010008cdc        0x4 
 .rodata.pow10.0
                0x0000000010008ce0       0x50 src/CMakeFiles/ubc-pico.dir/usr/share/pico-sdk/src/rp2_common/pico_printf/printf.c.obj
 .rodata.__aeabi_double_init.str1.4
                0x0000000010008d30       0xa1 src/CMakeFiles/ubc-pico.dir/usr/share/pico-sdk/src/rp2_common/pico_double/double_init_rom.c.obj
 *fill*         0x0000000010008dd1        0x3 
 .rodata.__func__.0
                0x0000000010008dd4       0x14 src/CMakeFiles/ubc-pico.dir/usr/share/pico-sdk/src/rp2_common/pico_double/double_init_rom.c.obj
 .rodata.__aeabi_float_init.str1.4
                0x0000000010008de8       0x73 src/CMakeFiles/ubc-pico.dir/usr/share/pico-sdk/src/rp2_common/pico_float/float_init_rom.c.obj
                                         0x77 (size before relaxing)
 *fill*         0x0000000010008e5b        0x1 
 .rodata.__func__.0
                0x0000000010008e5c       0x13 src/CMakeFiles/ubc-pico.dir/usr/share/pico-sdk/src/rp2_common/pico_float/float_init_rom.c.obj
 *fill*         0x0000000010008e6f        0x1 
 .rodata.str1.4
                0x0000000010008e70       0x38 src/CMakeFiles/ubc-pico.dir/usr/share/pico-sdk/src/rp2_common/pico_standard_link/binary_info.c.obj
                                         0x40 (size before relaxing)
 .rodata.__bi_81
                0x0000000010008ea8        0xc src/CMakeFiles/ubc-pico.dir/usr/share/pico-sdk/src/rp2_common/pico_standard_link/binary_info.c.obj
 .rodata.__bi_75
                0x0000000010008eb4        0xc src/CMakeFiles/ubc-pico.dir/usr/share/pico-sdk/src/rp2_common/pico_standard_link/binary_info.c.obj
 .rodata.__bi_44
                0x0000000010008ec0        0xc src/CMakeFiles/ubc-pico.dir/usr/share/pico-sdk/src/rp2_common/pico_standard_link/binary_info.c.obj
 .rodata.crlf_str.3
                0x0000000010008ecc        0x2 src/CMakeFiles/ubc-pico.dir/usr/share/pico-sdk/src/rp2_common/pico_stdio/stdio.c.obj
 *fill*         0x0000000010008ece        0x2 
 .rodata._resetd_driver
                0x0000000010008ed0       0x18 src/CMakeFiles/ubc-pico.dir/usr/share/pico-sdk/src/rp2_common/pico_stdio_usb/reset_interface.c.obj
 .rodata.update_us_since_boot.str1.4
                0x0000000010008ee8       0x5a src/CMakeFiles/ubc-pico.dir/usr/share/pico-sdk/src/rp2_common/pico_stdio_usb/stdio_usb.c.obj
 .rodata.timer_task.str1.4
                0x0000000010008ee8       0x66 src/CMakeFiles/ubc-pico.dir/usr/share/pico-sdk/src/rp2_common/pico_stdio_usb/stdio_usb.c.obj
 *fill*         0x0000000010008f4e        0x2 
 .rodata.__func__.0
                0x0000000010008f50       0x15 src/CMakeFiles/ubc-pico.dir/usr/share/pico-sdk/src/rp2_common/pico_stdio_usb/stdio_usb.c.obj
 *fill*         0x0000000010008f65        0x3 
 .rodata.__func__.1
                0x0000000010008f68        0xb src/CMakeFiles/ubc-pico.dir/usr/share/pico-sdk/src/rp2_common/pico_stdio_usb/stdio_usb.c.obj
 *fill*         0x0000000010008f73        0x1 
 .rodata.str1.4
                0x0000000010008f74       0x13 src/CMakeFiles/ubc-pico.dir/usr/share/pico-sdk/src/rp2_common/pico_stdio_usb/stdio_usb.c.obj
 *fill*         0x0000000010008f87        0x1 
 .rodata.__bi_118.2
                0x0000000010008f88        0xc src/CMakeFiles/ubc-pico.dir/usr/share/pico-sdk/src/rp2_common/pico_stdio_usb/stdio_usb.c.obj
 .rodata.str1.4
                0x0000000010008f94       0x2a src/CMakeFiles/ubc-pico.dir/usr/share/pico-sdk/src/rp2_common/pico_stdio_usb/stdio_usb_descriptors.c.obj
 *fill*         0x0000000010008fbe        0x2 
 .rodata.usbd_desc_str
                0x0000000010008fc0       0x18 src/CMakeFiles/ubc-pico.dir/usr/share/pico-sdk/src/rp2_common/pico_stdio_usb/stdio_usb_descriptors.c.obj
 .rodata.usbd_desc_cfg
                0x0000000010008fd8       0x54 src/CMakeFiles/ubc-pico.dir/usr/share/pico-sdk/src/rp2_common/pico_stdio_usb/stdio_usb_descriptors.c.obj
 .rodata.usbd_desc_device
                0x000000001000902c       0x12 src/CMakeFiles/ubc-pico.dir/usr/share/pico-sdk/src/rp2_common/pico_stdio_usb/stdio_usb_descriptors.c.obj
 *fill*         0x000000001000903e        0x2 
 .rodata._hw_endpoint_alloc.str1.4
                0x0000000010009040       0xb1 src/CMakeFiles/ubc-pico.dir/usr/share/pico-sdk/lib/tinyusb/src/portable/raspberrypi/rp2040/dcd_rp2040.c.obj
 *fill*         0x00000000100090f1        0x3 
 .rodata.dcd_rp2040_irq.str1.4
                0x00000000100090f4       0x14 src/CMakeFiles/ubc-pico.dir/usr/share/pico-sdk/lib/tinyusb/src/portable/raspberrypi/rp2040/dcd_rp2040.c.obj
 .rodata.dcd_int_enable.str1.4
                0x0000000010009108        0xc src/CMakeFiles/ubc-pico.dir/usr/share/pico-sdk/lib/tinyusb/src/portable/raspberrypi/rp2040/dcd_rp2040.c.obj
 .rodata.__func__.0
                0x0000000010009114        0xe src/CMakeFiles/ubc-pico.dir/usr/share/pico-sdk/lib/tinyusb/src/portable/raspberrypi/rp2040/dcd_rp2040.c.obj
 *fill*         0x0000000010009122        0x2 
 .rodata.__func__.1
                0x0000000010009124        0xe src/CMakeFiles/ubc-pico.dir/usr/share/pico-sdk/lib/tinyusb/src/portable/raspberrypi/rp2040/dcd_rp2040.c.obj
 *fill*         0x0000000010009132        0x2 
 .rodata.__func__.3
                0x0000000010009134       0x10 src/CMakeFiles/ubc-pico.dir/usr/share/pico-sdk/lib/tinyusb/src/portable/raspberrypi/rp2040/dcd_rp2040.c.obj
 .rodata.__func__.5
                0x0000000010009144        0xf src/CMakeFiles/ubc-pico.dir/usr/share/pico-sdk/lib/tinyusb/src/portable/raspberrypi/rp2040/dcd_rp2040.c.obj
 *fill*         0x0000000010009153        0x1 
 .rodata.__func__.6
                0x0000000010009154       0x13 src/CMakeFiles/ubc-pico.dir/usr/share/pico-sdk/lib/tinyusb/src/portable/raspberrypi/rp2040/dcd_rp2040.c.obj
 *fill*         0x0000000010009167        0x1 
 .rodata.__func__.7
                0x0000000010009168        0x9 src/CMakeFiles/ubc-pico.dir/usr/share/pico-sdk/lib/tinyusb/src/portable/raspberrypi/rp2040/dcd_rp2040.c.obj
 *fill*         0x0000000010009171        0x3 
 .rodata.sync_ep_buffer.str1.4
                0x0000000010009174       0x8d src/CMakeFiles/ubc-pico.dir/usr/share/pico-sdk/lib/tinyusb/src/portable/raspberrypi/rp2040/rp2040_usb.c.obj
 *fill*         0x0000000010009201        0x3 
 .rodata._hw_endpoint_buffer_control_update32.str1.4
                0x0000000010009204       0x1f src/CMakeFiles/ubc-pico.dir/usr/share/pico-sdk/lib/tinyusb/src/portable/raspberrypi/rp2040/rp2040_usb.c.obj
 *fill*         0x0000000010009223        0x1 
 .rodata.hw_endpoint_xfer_start.str1.4
                0x0000000010009224       0x38 src/CMakeFiles/ubc-pico.dir/usr/share/pico-sdk/lib/tinyusb/src/portable/raspberrypi/rp2040/rp2040_usb.c.obj
 .rodata.hw_endpoint_xfer_continue.str1.4
                0x000000001000925c       0x29 src/CMakeFiles/ubc-pico.dir/usr/share/pico-sdk/lib/tinyusb/src/portable/raspberrypi/rp2040/rp2040_usb.c.obj
 *fill*         0x0000000010009285        0x3 
 .rodata.__func__.0
                0x0000000010009288        0xf src/CMakeFiles/ubc-pico.dir/usr/share/pico-sdk/lib/tinyusb/src/portable/raspberrypi/rp2040/rp2040_usb.c.obj
 *fill*         0x0000000010009297        0x1 
 .rodata.str1.4
                0x0000000010009298        0x7 src/CMakeFiles/ubc-pico.dir/usr/share/pico-sdk/lib/tinyusb/src/portable/raspberrypi/rp2040/rp2040_usb.c.obj
 *fill*         0x000000001000929f        0x1 
 .rodata.process_set_config.str1.4
                0x00000000100092a0       0x17 src/CMakeFiles/ubc-pico.dir/usr/share/pico-sdk/lib/tinyusb/src/device/usbd.c.obj
 *fill*         0x00000000100092b7        0x1 
 .rodata.process_get_descriptor
                0x00000000100092b8       0x40 src/CMakeFiles/ubc-pico.dir/usr/share/pico-sdk/lib/tinyusb/src/device/usbd.c.obj
 .rodata.process_control_request
                0x00000000100092f8       0x28 src/CMakeFiles/ubc-pico.dir/usr/share/pico-sdk/lib/tinyusb/src/device/usbd.c.obj
 .rodata.tud_task
                0x0000000010009320       0x24 src/CMakeFiles/ubc-pico.dir/usr/share/pico-sdk/lib/tinyusb/src/device/usbd.c.obj
 .rodata.__func__.2
                0x0000000010009344        0xf src/CMakeFiles/ubc-pico.dir/usr/share/pico-sdk/lib/tinyusb/src/device/usbd.c.obj
 *fill*         0x0000000010009353        0x1 
 .rodata.__func__.3
                0x0000000010009354        0xf src/CMakeFiles/ubc-pico.dir/usr/share/pico-sdk/lib/tinyusb/src/device/usbd.c.obj
 *fill*         0x0000000010009363        0x1 
 .rodata.__func__.4
                0x0000000010009364       0x14 src/CMakeFiles/ubc-pico.dir/usr/share/pico-sdk/lib/tinyusb/src/device/usbd.c.obj
 .rodata.__func__.5
                0x0000000010009378       0x10 src/CMakeFiles/ubc-pico.dir/usr/share/pico-sdk/lib/tinyusb/src/device/usbd.c.obj
 .rodata.__func__.6
                0x0000000010009388       0x17 src/CMakeFiles/ubc-pico.dir/usr/share/pico-sdk/lib/tinyusb/src/device/usbd.c.obj
 *fill*         0x000000001000939f        0x1 
 .rodata.__func__.7
                0x00000000100093a0       0x13 src/CMakeFiles/ubc-pico.dir/usr/share/pico-sdk/lib/tinyusb/src/device/usbd.c.obj
 *fill*         0x00000000100093b3        0x1 
 .rodata.__func__.8
                0x00000000100093b4       0x18 src/CMakeFiles/ubc-pico.dir/usr/share/pico-sdk/lib/tinyusb/src/device/usbd.c.obj
 .rodata.__func__.9
                0x00000000100093cc        0x9 src/CMakeFiles/ubc-pico.dir/usr/share/pico-sdk/lib/tinyusb/src/device/usbd.c.obj
 *fill*         0x00000000100093d5        0x3 
 .rodata._usbd_driver
                0x00000000100093d8       0x18 src/CMakeFiles/ubc-pico.dir/usr/share/pico-sdk/lib/tinyusb/src/device/usbd.c.obj
 .rodata.tud_control_xfer.str1.4
                0x00000000100093f0       0x17 src/CMakeFiles/ubc-pico.dir/usr/share/pico-sdk/lib/tinyusb/src/device/usbd_control.c.obj
 .rodata.__func__.0
                0x00000000100093f0       0x15 src/CMakeFiles/ubc-pico.dir/usr/share/pico-sdk/lib/tinyusb/src/device/usbd_control.c.obj
 *fill*         0x0000000010009405        0x3 
 .rodata.__func__.1
                0x0000000010009408       0x11 src/CMakeFiles/ubc-pico.dir/usr/share/pico-sdk/lib/tinyusb/src/device/usbd_control.c.obj
 .rodata.tud_cdc_n_write_flush.str1.4
                0x0000000010009419       0x17 src/CMakeFiles/ubc-pico.dir/usr/share/pico-sdk/lib/tinyusb/src/class/cdc/cdc_device.c.obj
 *fill*         0x0000000010009419        0x3 
 .rodata.__func__.0
                0x000000001000941c        0xd src/CMakeFiles/ubc-pico.dir/usr/share/pico-sdk/lib/tinyusb/src/class/cdc/cdc_device.c.obj
 *fill*         0x0000000010009429        0x3 
 .rodata.__func__.1
                0x000000001000942c        0xa src/CMakeFiles/ubc-pico.dir/usr/share/pico-sdk/lib/tinyusb/src/class/cdc/cdc_device.c.obj
 *fill*         0x0000000010009436        0x2 
 .rodata.__func__.2
                0x0000000010009438       0x16 src/CMakeFiles/ubc-pico.dir/usr/share/pico-sdk/lib/tinyusb/src/class/cdc/cdc_device.c.obj
 .rodata.tusb_init.str1.4
                0x000000001000944e       0x17 src/CMakeFiles/ubc-pico.dir/usr/share/pico-sdk/lib/tinyusb/src/tusb.c.obj
 *fill*         0x000000001000944e        0x2 
 .rodata.__func__.0
                0x0000000010009450       0x11 src/CMakeFiles/ubc-pico.dir/usr/share/pico-sdk/lib/tinyusb/src/tusb.c.obj
 *fill*         0x0000000010009461        0x3 
 .rodata.__func__.1
                0x0000000010009464        0xa src/CMakeFiles/ubc-pico.dir/usr/share/pico-sdk/lib/tinyusb/src/tusb.c.obj
 *fill*         0x000000001000946e        0x2 
 .rodata.pico_get_unique_board_id_string.str1.4
                0x0000000010009470       0x46 src/CMakeFiles/ubc-pico.dir/usr/share/pico-sdk/src/rp2_common/pico_unique_id/unique_id.c.obj
 *fill*         0x00000000100094b6        0x2 
 .rodata.__func__.0
                0x00000000100094b8       0x20 src/CMakeFiles/ubc-pico.dir/usr/share/pico-sdk/src/rp2_common/pico_unique_id/unique_id.c.obj
 .rodata.str1.4